Archive member included because of file (symbol)

c:/apps/atollic/truestudio for arm pro 5.3.0/armtools/bin/../lib/gcc/arm-atollic-eabi/4.8.3/../../../../arm-atollic-eabi/lib/armv7e-m/softfp\libc_s.a(lib_a-init.o)
                              src\startup.o (__libc_init_array)
c:/apps/atollic/truestudio for arm pro 5.3.0/armtools/bin/../lib/gcc/arm-atollic-eabi/4.8.3/../../../../arm-atollic-eabi/lib/armv7e-m/softfp\libc_s.a(lib_a-memcmp.o)
                              FreeRTOS\tasks.o (memcmp)
c:/apps/atollic/truestudio for arm pro 5.3.0/armtools/bin/../lib/gcc/arm-atollic-eabi/4.8.3/../../../../arm-atollic-eabi/lib/armv7e-m/softfp\libc_s.a(lib_a-memcpy-stub.o)
                              FreeRTOS\queue.o (memcpy)
c:/apps/atollic/truestudio for arm pro 5.3.0/armtools/bin/../lib/gcc/arm-atollic-eabi/4.8.3/../../../../arm-atollic-eabi/lib/armv7e-m/softfp\libc_s.a(lib_a-memset.o)
                              FreeRTOS\tasks.o (memset)
c:/apps/atollic/truestudio for arm pro 5.3.0/armtools/bin/../lib/gcc/arm-atollic-eabi/4.8.3/../../../../arm-atollic-eabi/lib/armv7e-m/softfp\libc_s.a(lib_a-reent.o)
                              src\syscalls.o (errno)
c:/apps/atollic/truestudio for arm pro 5.3.0/armtools/bin/../lib/gcc/arm-atollic-eabi/4.8.3/../../../../arm-atollic-eabi/lib/armv7e-m/softfp\libc_s.a(lib_a-strlen.o)
                              src\tiny_printf.o (strlen)
c:/apps/atollic/truestudio for arm pro 5.3.0/armtools/bin/../lib/gcc/arm-atollic-eabi/4.8.3/../../../../arm-atollic-eabi/lib/armv7e-m/softfp\libc_s.a(lib_a-impure.o)
                              c:/apps/atollic/truestudio for arm pro 5.3.0/armtools/bin/../lib/gcc/arm-atollic-eabi/4.8.3/../../../../arm-atollic-eabi/lib/armv7e-m/softfp\libc_s.a(lib_a-reent.o) (_impure_ptr)
c:/apps/atollic/truestudio for arm pro 5.3.0/armtools/bin/../lib/gcc/arm-atollic-eabi/4.8.3/../../../../arm-atollic-eabi/lib/armv7e-m/softfp\libc_s.a(lib_a-nano-freer.o)
                              c:/apps/atollic/truestudio for arm pro 5.3.0/armtools/bin/../lib/gcc/arm-atollic-eabi/4.8.3/../../../../arm-atollic-eabi/lib/armv7e-m/softfp\libc_s.a(lib_a-reent.o) (_free_r)
c:/apps/atollic/truestudio for arm pro 5.3.0/armtools/bin/../lib/gcc/arm-atollic-eabi/4.8.3/../../../../arm-atollic-eabi/lib/armv7e-m/softfp\libc_s.a(lib_a-nano-mallocr.o)
                              c:/apps/atollic/truestudio for arm pro 5.3.0/armtools/bin/../lib/gcc/arm-atollic-eabi/4.8.3/../../../../arm-atollic-eabi/lib/armv7e-m/softfp\libc_s.a(lib_a-nano-freer.o) (__malloc_free_list)
c:/apps/atollic/truestudio for arm pro 5.3.0/armtools/bin/../lib/gcc/arm-atollic-eabi/4.8.3/../../../../arm-atollic-eabi/lib/armv7e-m/softfp\libc_s.a(lib_a-sbrkr.o)
                              c:/apps/atollic/truestudio for arm pro 5.3.0/armtools/bin/../lib/gcc/arm-atollic-eabi/4.8.3/../../../../arm-atollic-eabi/lib/armv7e-m/softfp\libc_s.a(lib_a-nano-mallocr.o) (_sbrk_r)
..\Libraries\libBSP.a(stm32f4xx_usart.o)
                              src\main.o (USART_StructInit)
..\Libraries\libBSP.a(stm32f4xx_rcc.o)
                              ..\Libraries\libBSP.a(stm32f4xx_usart.o) (RCC_GetClocksFreq)
..\Libraries\libBSP.a(stm32f4xx_exti.o)
                              src\stm32f4xx_it.o (EXTI_GetITStatus)
..\Libraries\libBSP.a(misc.o)
                              src\main.o (NVIC_PriorityGroupConfig)
..\Libraries\libBSP.a(uart.o)
                              src\main.o (CARME_UART_Init)
..\Libraries\libBSP.a(system_stm32f4xx.o)
                              FreeRTOS\port.o (SystemCoreClock)
..\Libraries\libBSP.a(carme.o)
                              src\startup.o (CARME_Init)
..\Libraries\libBSP.a(can.o)  src\stm32f4xx_it.o (CARME_CAN_Interrupt_Handler)
..\Libraries\libBSP.a(stm32f4xx_syscfg.o)
                              ..\Libraries\libBSP.a(can.o) (SYSCFG_EXTILineConfig)
..\Libraries\libBSP.a(stm32f4xx_gpio.o)
                              ..\Libraries\libBSP.a(carme.o) (GPIO_DeInit)
..\Libraries\libBSP.a(stm32f4xx_fsmc.o)
                              ..\Libraries\libBSP.a(carme.o) (FSMC_NORSRAMDeInit)

Allocating common symbols
Common symbol       size              file

errno               0x4               c:/apps/atollic/truestudio for arm pro 5.3.0/armtools/bin/../lib/gcc/arm-atollic-eabi/4.8.3/../../../../arm-atollic-eabi/lib/armv7e-m/softfp\libc_s.a(lib_a-reent.o)
xQueueRegistry      0x40              FreeRTOS\queue.o

Discarded input sections

 .text          0x00000000        0x0 c:/apps/atollic/truestudio for arm pro 5.3.0/armtools/bin/../lib/gcc/arm-atollic-eabi/4.8.3/armv7e-m/softfp/crti.o
 .data          0x00000000        0x0 c:/apps/atollic/truestudio for arm pro 5.3.0/armtools/bin/../lib/gcc/arm-atollic-eabi/4.8.3/armv7e-m/softfp/crti.o
 .bss           0x00000000        0x0 c:/apps/atollic/truestudio for arm pro 5.3.0/armtools/bin/../lib/gcc/arm-atollic-eabi/4.8.3/armv7e-m/softfp/crti.o
[...]
Memory Configuration

Name             Origin             Length             Attributes
FLASH            0x08000000         0x00100000         xr
RAM              0x20000000         0x00020000         xrw
MEMORY_B1        0x60000000         0x00000000         xr
CCMRAM           0x10000000         0x00010000         rw
*default*        0x00000000         0xffffffff

Linker script and memory map

LOAD c:/apps/atollic/truestudio for arm pro 5.3.0/armtools/bin/../lib/gcc/arm-atollic-eabi/4.8.3/armv7e-m/softfp/crti.o
LOAD c:/apps/atollic/truestudio for arm pro 5.3.0/armtools/bin/../lib/gcc/arm-atollic-eabi/4.8.3/armv7e-m/softfp/crtbegin.o
LOAD src\tiny_printf.o
LOAD src\syscalls.o
LOAD src\stm32f4xx_it.o
LOAD src\startup.o
LOAD src\main.o
LOAD FreeRTOS\timers.o
LOAD FreeRTOS\tasks.o
LOAD FreeRTOS\sync.o
LOAD FreeRTOS\queue.o
LOAD FreeRTOS\port.o
LOAD FreeRTOS\memPoolService.o
LOAD FreeRTOS\list.o
LOAD FreeRTOS\heap_4.o
LOAD FreeRTOS\event_groups.o
LOAD FreeRTOS\croutine.o
START GROUP
LOAD c:/apps/atollic/truestudio for arm pro 5.3.0/armtools/bin/../lib/gcc/arm-atollic-eabi/4.8.3/../../../../arm-atollic-eabi/lib/armv7e-m/softfp\libc_s.a
LOAD c:/apps/atollic/truestudio for arm pro 5.3.0/armtools/bin/../lib/gcc/arm-atollic-eabi/4.8.3/../../../../arm-atollic-eabi/lib/armv7e-m/softfp\libm.a
END GROUP
                0x00001000                malloc_getpagesize_P = 0x1000
START GROUP
LOAD c:/apps/atollic/truestudio for arm pro 5.3.0/armtools/bin/../lib/gcc/arm-atollic-eabi/4.8.3/armv7e-m/softfp\libgcc.a
LOAD c:/apps/atollic/truestudio for arm pro 5.3.0/armtools/bin/../lib/gcc/arm-atollic-eabi/4.8.3/../../../../arm-atollic-eabi/lib/armv7e-m/softfp\libc.a
END GROUP
LOAD c:/apps/atollic/truestudio for arm pro 5.3.0/armtools/bin/../lib/gcc/arm-atollic-eabi/4.8.3/armv7e-m/softfp/crtend.o
LOAD c:/apps/atollic/truestudio for arm pro 5.3.0/armtools/bin/../lib/gcc/arm-atollic-eabi/4.8.3/armv7e-m/softfp/crtn.o
LOAD ..\Libraries\libBSP.a
LOAD ..\Libraries\libsGUI.a
                0x20020000                _estack = 0x20020000
                0x00001000                _Min_Heap_Size = 0x1000
                0x00001000                _Min_Stack_Size = 0x1000

.isr_vector     0x08000000      0x188
                0x08000000                . = ALIGN (0x4)
 *(.isr_vector)
 .isr_vector    0x08000000      0x188 src\startup.o
                0x08000000                g_pfnVectors
                0x08000188                . = ALIGN (0x4)

.text           0x08000188     0x4668
                0x08000188                . = ALIGN (0x4)
 *(.text)
 .text          0x08000188       0x40 c:/apps/atollic/truestudio for arm pro 5.3.0/armtools/bin/../lib/gcc/arm-atollic-eabi/4.8.3/armv7e-m/softfp/crtbegin.o
 *(.text*)
 .text.ts_itoa  0x080001c8       0x90 src\tiny_printf.o
                0x080001c8                ts_itoa
 .text.ts_formatstring
                0x08000258      0x134 src\tiny_printf.o
                0x08000258                ts_formatstring
 .text.ts_formatlength
                0x0800038c      0x12c src\tiny_printf.o
                0x0800038c                ts_formatlength
 .text.iprintf  0x080004b8       0x94 src\tiny_printf.o
                0x080004b8                iprintf
                0x080004b8                printf
 .text.puts     0x0800054c       0x58 src\tiny_printf.o
                0x0800054c                puts
 .text._write   0x080005a4       0x60 src\syscalls.o
                0x080005a4                _write
 .text.NMI_Handler
                0x08000604        0xc src\stm32f4xx_it.o
                0x08000604                NMI_Handler
 .text.HardFault_Handler
                0x08000610        0xc src\stm32f4xx_it.o
                0x08000610                HardFault_Handler
 .text.MemManage_Handler
                0x0800061c        0x8 src\stm32f4xx_it.o
                0x0800061c                MemManage_Handler
 .text.BusFault_Handler
                0x08000624        0xc src\stm32f4xx_it.o
                0x08000624                BusFault_Handler
 .text.UsageFault_Handler
                0x08000630        0xc src\stm32f4xx_it.o
                0x08000630                UsageFault_Handler
 .text.DebugMon_Handler
                0x0800063c        0xc src\stm32f4xx_it.o
                0x0800063c                DebugMon_Handler
 .text.EXTI9_5_IRQHandler
                0x08000648       0x20 src\stm32f4xx_it.o
                0x08000648                EXTI9_5_IRQHandler
 .text.Reset_Handler
                0x08000668       0x58 src\startup.o
                0x08000668                Reset_Handler
 .text.Default_Handler
                0x080006c0       0x80 src\startup.o
                0x080006ca                RTC_Alarm_IRQHandler
                0x080006ca                HASH_RNG_IRQHandler
                0x080006ca                EXTI2_IRQHandler
                0x080006ca                TIM8_CC_IRQHandler
                0x080006ca                TIM1_CC_IRQHandler
                0x080006ca                DMA2_Stream5_IRQHandler
                0x080006ca                DMA1_Stream5_IRQHandler
                0x080006ca                PVD_IRQHandler
                0x080006ca                SDIO_IRQHandler
                0x080006ca                TAMP_STAMP_IRQHandler
                0x080006ca                CAN2_RX1_IRQHandler
                0x080006ca                EXTI3_IRQHandler
                0x080006ca                TIM8_TRG_COM_TIM14_IRQHandler
                0x080006ca                TIM1_UP_TIM10_IRQHandler
                0x080006ca                TIM8_UP_TIM13_IRQHandler
                0x080006ca                I2C3_ER_IRQHandler
                0x080006ca                EXTI0_IRQHandler
                0x080006ca                I2C2_EV_IRQHandler
                0x080006ca                DMA1_Stream2_IRQHandler
                0x080006ca                CAN1_RX0_IRQHandler
                0x080006ca                FPU_IRQHandler
                0x080006ca                OTG_HS_WKUP_IRQHandler
                0x080006ca                CAN2_SCE_IRQHandler
                0x080006ca                DMA2_Stream2_IRQHandler
                0x080006ca                SPI1_IRQHandler
                0x080006ca                TIM6_DAC_IRQHandler
                0x080006ca                TIM1_BRK_TIM9_IRQHandler
                0x080006ca                DCMI_IRQHandler
                0x080006ca                CAN2_RX0_IRQHandler
                0x080006ca                DMA2_Stream3_IRQHandler
                0x080006ca                USART6_IRQHandler
                0x080006ca                USART3_IRQHandler
                0x080006ca                CRYP_IRQHandler
                0x080006ca                CAN1_RX1_IRQHandler
                0x080006ca                UART5_IRQHandler
                0x080006ca                DMA2_Stream0_IRQHandler
                0x080006ca                vApplicationMallocFailedHook
                0x080006ca                TIM4_IRQHandler
                0x080006ca                I2C1_EV_IRQHandler
                0x080006ca                DMA1_Stream6_IRQHandler
                0x080006ca                DMA1_Stream1_IRQHandler
                0x080006ca                UART4_IRQHandler
                0x080006ca                TIM3_IRQHandler
                0x080006ca                RCC_IRQHandler
                0x080006ca                TIM8_BRK_TIM12_IRQHandler
                0x080006ca                Default_Handler
                0x080006ca                EXTI15_10_IRQHandler
                0x080006ca                ADC_IRQHandler
                0x080006ca                DMA1_Stream7_IRQHandler
                0x080006ca                TIM7_IRQHandler
                0x080006ca                CAN2_TX_IRQHandler
                0x080006ca                TIM5_IRQHandler
                0x080006ca                DMA2_Stream7_IRQHandler
                0x080006ca                I2C3_EV_IRQHandler
                0x080006ca                vApplicationStackOverflowHook
                0x080006ca                RTC_WKUP_IRQHandler
                0x080006ca                ETH_WKUP_IRQHandler
                0x080006ca                SPI2_IRQHandler
                0x080006ca                OTG_HS_EP1_IN_IRQHandler
                0x080006ca                DMA1_Stream0_IRQHandler
                0x080006ca                CAN1_TX_IRQHandler
                0x080006ca                EXTI4_IRQHandler
                0x080006ca                FSMC_IRQHandler
                0x080006ca                ETH_IRQHandler
                0x080006ca                OTG_HS_EP1_OUT_IRQHandler
                0x080006ca                WWDG_IRQHandler
                0x080006ca                TIM2_IRQHandler
                0x080006ca                OTG_FS_WKUP_IRQHandler
                0x080006ca                TIM1_TRG_COM_TIM11_IRQHandler
                0x080006ca                OTG_HS_IRQHandler
                0x080006ca                EXTI1_IRQHandler
                0x080006ca                USART2_IRQHandler
                0x080006ca                I2C2_ER_IRQHandler
                0x080006ca                DMA2_Stream1_IRQHandler
                0x080006ca                CAN1_SCE_IRQHandler
                0x080006ca                FLASH_IRQHandler
                0x080006ca                DMA2_Stream4_IRQHandler
                0x080006ca                USART1_IRQHandler
                0x080006ca                OTG_FS_IRQHandler
                0x080006ca                SPI3_IRQHandler
                0x080006ca                DMA1_Stream4_IRQHandler
                0x080006ca                I2C1_ER_IRQHandler
                0x080006ca                DMA2_Stream6_IRQHandler
                0x080006ca                DMA1_Stream3_IRQHandler
 .text.main     0x08000740       0x60 src\main.o
                0x08000740                main
 .text.GreenLEDtask
                0x080007a0       0x34 src\main.o
 .text.Serialtask
                0x080007d4       0x70 src\main.o
 .text.xTimerCreateTimerTask
                0x08000844       0x68 FreeRTOS\timers.o
                0x08000844                xTimerCreateTimerTask
 .text.xTimerGenericCommand
                0x080008ac       0x8c FreeRTOS\timers.o
                0x080008ac                xTimerGenericCommand
 .text.prvProcessExpiredTimer
                0x08000938       0x80 FreeRTOS\timers.o
 .text.prvTimerTask
                0x080009b8       0x24 FreeRTOS\timers.o
 .text.prvProcessTimerOrBlockTask
                0x080009dc       0x7c FreeRTOS\timers.o
 .text.prvGetNextExpireTime
                0x08000a58       0x48 FreeRTOS\timers.o
 .text.prvSampleTimeNow
                0x08000aa0       0x40 FreeRTOS\timers.o
 .text.prvInsertTimerInActiveList
                0x08000ae0       0x84 FreeRTOS\timers.o
 .text.prvProcessReceivedCommands
                0x08000b64      0x12c FreeRTOS\timers.o
 .text.prvSwitchTimerLists
                0x08000c90       0xc0 FreeRTOS\timers.o
 .text.prvCheckForValidListAndQueue
                0x08000d50       0x8c FreeRTOS\timers.o
 .text.xTaskGenericCreate
                0x08000ddc      0x1a0 FreeRTOS\tasks.o
                0x08000ddc                xTaskGenericCreate
 .text.vTaskDelayUntil
                0x08000f7c      0x11c FreeRTOS\tasks.o
                0x08000f7c                vTaskDelayUntil
 .text.vTaskDelay
                0x08001098       0xa4 FreeRTOS\tasks.o
                0x08001098                vTaskDelay
 .text.vTaskStartScheduler
                0x0800113c       0x8c FreeRTOS\tasks.o
                0x0800113c                vTaskStartScheduler
 .text.vTaskSuspendAll
                0x080011c8       0x1c FreeRTOS\tasks.o
                0x080011c8                vTaskSuspendAll
 .text.xTaskResumeAll
                0x080011e4      0x128 FreeRTOS\tasks.o
                0x080011e4                xTaskResumeAll
 .text.xTaskGetTickCount
                0x0800130c       0x20 FreeRTOS\tasks.o
                0x0800130c                xTaskGetTickCount
 .text.xTaskIncrementTick
                0x0800132c      0x17c FreeRTOS\tasks.o
                0x0800132c                xTaskIncrementTick
 .text.vTaskSwitchContext
                0x080014a8       0xfc FreeRTOS\tasks.o
                0x080014a8                vTaskSwitchContext
 .text.vTaskPlaceOnEventList
                0x080015a4       0x9c FreeRTOS\tasks.o
                0x080015a4                vTaskPlaceOnEventList
 .text.vTaskPlaceOnEventListRestricted
                0x08001640       0x80 FreeRTOS\tasks.o
                0x08001640                vTaskPlaceOnEventListRestricted
 .text.xTaskRemoveFromEventList
                0x080016c0       0xc4 FreeRTOS\tasks.o
                0x080016c0                xTaskRemoveFromEventList
 .text.vTaskSetTimeOutState
                0x08001784       0x44 FreeRTOS\tasks.o
                0x08001784                vTaskSetTimeOutState
 .text.xTaskCheckForTimeOut
                0x080017c8       0xbc FreeRTOS\tasks.o
                0x080017c8                xTaskCheckForTimeOut
 .text.vTaskMissedYield
                0x08001884       0x18 FreeRTOS\tasks.o
                0x08001884                vTaskMissedYield
 .text.prvIdleTask
                0x0800189c       0x30 FreeRTOS\tasks.o
 .text.prvInitialiseTCBVariables
                0x080018cc       0xa4 FreeRTOS\tasks.o
 .text.prvInitialiseTaskLists
                0x08001970       0x7c FreeRTOS\tasks.o
 .text.prvCheckTasksWaitingTermination
                0x080019ec       0x74 FreeRTOS\tasks.o
 .text.prvAddCurrentTaskToDelayedList
                0x08001a60       0x6c FreeRTOS\tasks.o
 .text.prvAllocateTCBAndStack
                0x08001acc       0x70 FreeRTOS\tasks.o
 .text.prvDeleteTCB
                0x08001b3c       0x20 FreeRTOS\tasks.o
 .text.prvResetNextTaskUnblockTime
                0x08001b5c       0x48 FreeRTOS\tasks.o
 .text.xTaskGetSchedulerState
                0x08001ba4       0x3c FreeRTOS\tasks.o
                0x08001ba4                xTaskGetSchedulerState
 .text.vTaskPriorityInherit
                0x08001be0       0xec FreeRTOS\tasks.o
                0x08001be0                vTaskPriorityInherit
 .text.xTaskPriorityDisinherit
                0x08001ccc       0xe4 FreeRTOS\tasks.o
                0x08001ccc                xTaskPriorityDisinherit
 .text.pvTaskIncrementMutexHeldCount
                0x08001db0       0x28 FreeRTOS\tasks.o
                0x08001db0                pvTaskIncrementMutexHeldCount
 .text.xQueueGenericReset
                0x08001dd8       0xd0 FreeRTOS\queue.o
                0x08001dd8                xQueueGenericReset
 .text.xQueueGenericCreate
                0x08001ea8       0xb8 FreeRTOS\queue.o
                0x08001ea8                xQueueGenericCreate
 .text.xQueueGenericSend
                0x08001f60      0x1ec FreeRTOS\queue.o
                0x08001f60                xQueueGenericSend
 .text.xQueueGenericSendFromISR
                0x0800214c      0x118 FreeRTOS\queue.o
                0x0800214c                xQueueGenericSendFromISR
 .text.xQueueGenericReceive
                0x08002264      0x20c FreeRTOS\queue.o
                0x08002264                xQueueGenericReceive
 .text.prvCopyDataToQueue
                0x08002470       0xdc FreeRTOS\queue.o
 .text.prvCopyDataFromQueue
                0x0800254c       0x4c FreeRTOS\queue.o
 .text.prvUnlockQueue
                0x08002598       0x98 FreeRTOS\queue.o
 .text.prvIsQueueEmpty
                0x08002630       0x2c FreeRTOS\queue.o
 .text.prvIsQueueFull
                0x0800265c       0x30 FreeRTOS\queue.o
 .text.vQueueAddToRegistry
                0x0800268c       0x50 FreeRTOS\queue.o
                0x0800268c                vQueueAddToRegistry
 .text.vQueueWaitForMessageRestricted
                0x080026dc       0x58 FreeRTOS\queue.o
                0x080026dc                vQueueWaitForMessageRestricted
 .text.pxPortInitialiseStack
                0x08002734       0x64 FreeRTOS\port.o
                0x08002734                pxPortInitialiseStack
 .text.prvTaskExitError
                0x08002798       0x3c FreeRTOS\port.o
 .text.SVC_Handler
                0x080027d4       0x20 FreeRTOS\port.o
                0x080027d4                SVC_Handler
 .text.prvPortStartFirstTask
                0x080027f4       0x20 FreeRTOS\port.o
 .text.xPortStartScheduler
                0x08002814       0xd0 FreeRTOS\port.o
                0x08002814                xPortStartScheduler
 .text.vPortEnterCritical
                0x080028e4       0x5c FreeRTOS\port.o
                0x080028e4                vPortEnterCritical
 .text.vPortExitCritical
                0x08002940       0x4c FreeRTOS\port.o
                0x08002940                vPortExitCritical
 .text.PendSV_Handler
                0x0800298c       0x60 FreeRTOS\port.o
                0x0800298c                PendSV_Handler
 .text.SysTick_Handler
                0x080029ec       0x44 FreeRTOS\port.o
                0x080029ec                SysTick_Handler
 .text.vPortSetupTimerInterrupt
                0x08002a30       0x34 FreeRTOS\port.o
                0x08002a30                vPortSetupTimerInterrupt
 .text.vPortEnableVFP
                0x08002a64       0x14 FreeRTOS\port.o
 .text.vPortValidateInterruptPriority
                0x08002a78       0x78 FreeRTOS\port.o
                0x08002a78                vPortValidateInterruptPriority
 .text.vListInitialise
                0x08002af0       0x40 FreeRTOS\list.o
                0x08002af0                vListInitialise
 .text.vListInitialiseItem
                0x08002b30       0x18 FreeRTOS\list.o
                0x08002b30                vListInitialiseItem
 .text.vListInsertEnd
                0x08002b48       0x48 FreeRTOS\list.o
                0x08002b48                vListInsertEnd
 .text.vListInsert
                0x08002b90       0x70 FreeRTOS\list.o
                0x08002b90                vListInsert
 .text.uxListRemove
                0x08002c00       0x54 FreeRTOS\list.o
                0x08002c00                uxListRemove
 .text.pvPortMalloc
                0x08002c54      0x18c FreeRTOS\heap_4.o
                0x08002c54                pvPortMalloc
 .text.vPortFree
                0x08002de0       0xb0 FreeRTOS\heap_4.o
                0x08002de0                vPortFree
 .text.prvHeapInit
                0x08002e90       0xc4 FreeRTOS\heap_4.o
 .text.prvInsertBlockIntoFreeList
                0x08002f54       0xb0 FreeRTOS\heap_4.o
 .text.__libc_init_array
                0x08003004       0x4c c:/apps/atollic/truestudio for arm pro 5.3.0/armtools/bin/../lib/gcc/arm-atollic-eabi/4.8.3/../../../../arm-atollic-eabi/lib/armv7e-m/softfp\libc_s.a(lib_a-init.o)
                0x08003004                __libc_init_array
 .text.memcmp   0x08003050       0x1e c:/apps/atollic/truestudio for arm pro 5.3.0/armtools/bin/../lib/gcc/arm-atollic-eabi/4.8.3/../../../../arm-atollic-eabi/lib/armv7e-m/softfp\libc_s.a(lib_a-memcmp.o)
                0x08003050                memcmp
 .text.memcpy   0x0800306e       0x12 c:/apps/atollic/truestudio for arm pro 5.3.0/armtools/bin/../lib/gcc/arm-atollic-eabi/4.8.3/../../../../arm-atollic-eabi/lib/armv7e-m/softfp\libc_s.a(lib_a-memcpy-stub.o)
                0x0800306e                memcpy
 .text.memset   0x08003080       0x10 c:/apps/atollic/truestudio for arm pro 5.3.0/armtools/bin/../lib/gcc/arm-atollic-eabi/4.8.3/../../../../arm-atollic-eabi/lib/armv7e-m/softfp\libc_s.a(lib_a-memset.o)
                0x08003080                memset
 .text.strlen   0x08003090       0x10 c:/apps/atollic/truestudio for arm pro 5.3.0/armtools/bin/../lib/gcc/arm-atollic-eabi/4.8.3/../../../../arm-atollic-eabi/lib/armv7e-m/softfp\libc_s.a(lib_a-strlen.o)
                0x08003090                strlen
 .text.USART_DeInit
                0x080030a0      0x114 ..\Libraries\libBSP.a(stm32f4xx_usart.o)
                0x080030a0                USART_DeInit
 .text.USART_Init
                0x080031b4      0x174 ..\Libraries\libBSP.a(stm32f4xx_usart.o)
                0x080031b4                USART_Init
 .text.USART_StructInit
                0x08003328       0x38 ..\Libraries\libBSP.a(stm32f4xx_usart.o)
                0x08003328                USART_StructInit
 .text.USART_ClockInit
                0x08003360       0x54 ..\Libraries\libBSP.a(stm32f4xx_usart.o)
                0x08003360                USART_ClockInit
 .text.USART_ClockStructInit
                0x080033b4       0x2c ..\Libraries\libBSP.a(stm32f4xx_usart.o)
                0x080033b4                USART_ClockStructInit
 .text.USART_Cmd
                0x080033e0       0x40 ..\Libraries\libBSP.a(stm32f4xx_usart.o)
                0x080033e0                USART_Cmd
 .text.USART_SendData
                0x08003420       0x24 ..\Libraries\libBSP.a(stm32f4xx_usart.o)
                0x08003420                USART_SendData
 .text.USART_ReceiveData
                0x08003444       0x20 ..\Libraries\libBSP.a(stm32f4xx_usart.o)
                0x08003444                USART_ReceiveData
 .text.USART_GetFlagStatus
                0x08003464       0x38 ..\Libraries\libBSP.a(stm32f4xx_usart.o)
                0x08003464                USART_GetFlagStatus
 .text.RCC_GetClocksFreq
                0x0800349c      0x154 ..\Libraries\libBSP.a(stm32f4xx_rcc.o)
                0x0800349c                RCC_GetClocksFreq
 .text.RCC_AHB1PeriphClockCmd
                0x080035f0       0x3c ..\Libraries\libBSP.a(stm32f4xx_rcc.o)
                0x080035f0                RCC_AHB1PeriphClockCmd
 .text.RCC_AHB3PeriphClockCmd
                0x0800362c       0x3c ..\Libraries\libBSP.a(stm32f4xx_rcc.o)
                0x0800362c                RCC_AHB3PeriphClockCmd
 .text.RCC_APB1PeriphClockCmd
                0x08003668       0x3c ..\Libraries\libBSP.a(stm32f4xx_rcc.o)
                0x08003668                RCC_APB1PeriphClockCmd
 .text.RCC_APB2PeriphClockCmd
                0x080036a4       0x3c ..\Libraries\libBSP.a(stm32f4xx_rcc.o)
                0x080036a4                RCC_APB2PeriphClockCmd
 .text.RCC_AHB1PeriphResetCmd
                0x080036e0       0x3c ..\Libraries\libBSP.a(stm32f4xx_rcc.o)
                0x080036e0                RCC_AHB1PeriphResetCmd
 .text.RCC_APB1PeriphResetCmd
                0x0800371c       0x3c ..\Libraries\libBSP.a(stm32f4xx_rcc.o)
                0x0800371c                RCC_APB1PeriphResetCmd
 .text.RCC_APB2PeriphResetCmd
                0x08003758       0x3c ..\Libraries\libBSP.a(stm32f4xx_rcc.o)
                0x08003758                RCC_APB2PeriphResetCmd
 .text.EXTI_GetITStatus
                0x08003794       0x34 ..\Libraries\libBSP.a(stm32f4xx_exti.o)
                0x08003794                EXTI_GetITStatus
 .text.EXTI_ClearITPendingBit
                0x080037c8       0x1c ..\Libraries\libBSP.a(stm32f4xx_exti.o)
                0x080037c8                EXTI_ClearITPendingBit
 .text.NVIC_PriorityGroupConfig
                0x080037e4       0x24 ..\Libraries\libBSP.a(misc.o)
                0x080037e4                NVIC_PriorityGroupConfig
 .text.CARME_UART_Init
                0x08003808       0x90 ..\Libraries\libBSP.a(uart.o)
                0x08003808                CARME_UART_Init
 .text.CARME_UART_GPIO_Init
                0x08003898       0x2c ..\Libraries\libBSP.a(uart.o)
                0x08003898                CARME_UART_GPIO_Init
 .text.SystemInit
                0x080038c4       0x68 ..\Libraries\libBSP.a(system_stm32f4xx.o)
                0x080038c4                SystemInit
 .text.SetSysClock
                0x0800392c       0xf4 ..\Libraries\libBSP.a(system_stm32f4xx.o)
 .text.CARME_Init
                0x08003a20       0xc0 ..\Libraries\libBSP.a(carme.o)
                0x08003a20                CARME_Init
 .text.CARME_FSMC_GPIO_Init
                0x08003ae0       0x54 ..\Libraries\libBSP.a(carme.o)
 .text.CARME_FSMC_Init
                0x08003b34      0x164 ..\Libraries\libBSP.a(carme.o)
 .text.CARME_AGPIO_Init
                0x08003c98       0x24 ..\Libraries\libBSP.a(carme.o)
 .text.CARME_GPIO_Init
                0x08003cbc      0x1f4 ..\Libraries\libBSP.a(carme.o)
                0x08003cbc                CARME_GPIO_Init
 .text.CARME_AGPIO_Set
                0x08003eb0       0x70 ..\Libraries\libBSP.a(carme.o)
                0x08003eb0                CARME_AGPIO_Set
 .text.CARME_LED_Green_Set
                0x08003f20       0x14 ..\Libraries\libBSP.a(carme.o)
                0x08003f20                CARME_LED_Green_Set
 .text.CARME_LED_Green_Reset
                0x08003f34       0x10 ..\Libraries\libBSP.a(carme.o)
                0x08003f34                CARME_LED_Green_Reset
 .text.CARME_CAN_Read_Register
                0x08003f44       0x30 ..\Libraries\libBSP.a(can.o)
 .text.CARME_CAN_Interrupt_Handler
                0x08003f74       0xf8 ..\Libraries\libBSP.a(can.o)
                0x08003f74                CARME_CAN_Interrupt_Handler
 .text.GPIO_DeInit
                0x0800406c      0x164 ..\Libraries\libBSP.a(stm32f4xx_gpio.o)
                0x0800406c                GPIO_DeInit
 .text.GPIO_Init
                0x080041d0      0x11c ..\Libraries\libBSP.a(stm32f4xx_gpio.o)
                0x080041d0                GPIO_Init
 .text.GPIO_StructInit
                0x080042ec       0x34 ..\Libraries\libBSP.a(stm32f4xx_gpio.o)
                0x080042ec                GPIO_StructInit
 .text.GPIO_WriteBit
                0x08004320       0x30 ..\Libraries\libBSP.a(stm32f4xx_gpio.o)
                0x08004320                GPIO_WriteBit
 .text.GPIO_PinAFConfig
                0x08004350       0x8c ..\Libraries\libBSP.a(stm32f4xx_gpio.o)
                0x08004350                GPIO_PinAFConfig
 .text.FSMC_NORSRAMDeInit
                0x080043dc       0x58 ..\Libraries\libBSP.a(stm32f4xx_fsmc.o)
                0x080043dc                FSMC_NORSRAMDeInit
 .text.FSMC_NORSRAMInit
                0x08004434      0x134 ..\Libraries\libBSP.a(stm32f4xx_fsmc.o)
                0x08004434                FSMC_NORSRAMInit
 .text.FSMC_NORSRAMCmd
                0x08004568       0x54 ..\Libraries\libBSP.a(stm32f4xx_fsmc.o)
                0x08004568                FSMC_NORSRAMCmd
 *(.rodata)
 .rodata        0x080045bc        0x4 src\tiny_printf.o
 .rodata        0x080045c0       0x44 src\main.o
 .rodata        0x08004604       0x10 FreeRTOS\timers.o
 .rodata        0x08004614        0x8 FreeRTOS\tasks.o
 .rodata        0x0800461c      0x1a8 ..\Libraries\libBSP.a(carme.o)
 *(.rodata*)
 .rodata.ucExpectedStackBytes.5370
                0x080047c4       0x14 FreeRTOS\tasks.o
 *(.glue_7)
 .glue_7        0x00000000        0x0 linker stubs
 *(.glue_7t)
 .glue_7t       0x00000000        0x0 linker stubs
 *(.eh_frame)
 .eh_frame      0x080047d8        0x0 c:/apps/atollic/truestudio for arm pro 5.3.0/armtools/bin/../lib/gcc/arm-atollic-eabi/4.8.3/armv7e-m/softfp/crtbegin.o
 *(.init)
 .init          0x080047d8        0x4 c:/apps/atollic/truestudio for arm pro 5.3.0/armtools/bin/../lib/gcc/arm-atollic-eabi/4.8.3/armv7e-m/softfp/crti.o
                0x080047d8                _init
 .init          0x080047dc        0x8 c:/apps/atollic/truestudio for arm pro 5.3.0/armtools/bin/../lib/gcc/arm-atollic-eabi/4.8.3/armv7e-m/softfp/crtn.o
 *(.fini)
 .fini          0x080047e4        0x4 c:/apps/atollic/truestudio for arm pro 5.3.0/armtools/bin/../lib/gcc/arm-atollic-eabi/4.8.3/armv7e-m/softfp/crti.o
                0x080047e4                _fini
 .fini          0x080047e8        0x8 c:/apps/atollic/truestudio for arm pro 5.3.0/armtools/bin/../lib/gcc/arm-atollic-eabi/4.8.3/armv7e-m/softfp/crtn.o
                0x080047f0                . = ALIGN (0x4)
                0x080047f0                _etext = .

.vfp11_veneer   0x080047f0        0x0
 .vfp11_veneer  0x00000000        0x0 linker stubs

.v4_bx          0x080047f0        0x0
 .v4_bx         0x00000000        0x0 linker stubs

.iplt           0x080047f0        0x0
 .iplt          0x00000000        0x0 c:/apps/atollic/truestudio for arm pro 5.3.0/armtools/bin/../lib/gcc/arm-atollic-eabi/4.8.3/armv7e-m/softfp/crtbegin.o

.rel.dyn        0x080047f0        0x0
 .rel.iplt      0x00000000        0x0 c:/apps/atollic/truestudio for arm pro 5.3.0/armtools/bin/../lib/gcc/arm-atollic-eabi/4.8.3/armv7e-m/softfp/crtbegin.o

.ARM.extab
 *(.ARM.extab* .gnu.linkonce.armextab.*)

.ARM            0x080047f0        0x0
                0x080047f0                __exidx_start = .
 *(.ARM.exidx*)
                0x080047f0                __exidx_end = .

.preinit_array  0x080047f0        0x0
                0x080047f0                PROVIDE (__preinit_array_start, .)
 *(.preinit_array*)
                0x080047f0                PROVIDE (__preinit_array_end, .)

.init_array     0x080047f0        0x4
                0x080047f0                PROVIDE (__init_array_start, .)
 *(SORT(.init_array.*))
 *(.init_array*)
 .init_array    0x080047f0        0x4 c:/apps/atollic/truestudio for arm pro 5.3.0/armtools/bin/../lib/gcc/arm-atollic-eabi/4.8.3/armv7e-m/softfp/crtbegin.o
                0x080047f4                PROVIDE (__init_array_end, .)

.fini_array     0x080047f4        0x4
                0x080047f4                PROVIDE (__fini_array_start, .)
 *(SORT(.fini_array.*))
 *(.fini_array*)
 .fini_array    0x080047f4        0x4 c:/apps/atollic/truestudio for arm pro 5.3.0/armtools/bin/../lib/gcc/arm-atollic-eabi/4.8.3/armv7e-m/softfp/crtbegin.o
                0x080047f8                PROVIDE (__fini_array_end, .)
                0x080047f8                _sidata = LOADADDR (.data)

.data           0x20000000      0x11c load address 0x080047f8
                0x20000000                . = ALIGN (0x4)
                0x20000000                _sdata = .
 *(.data)
 *(.data*)
 .data.xNextTaskUnblockTime
                0x20000000        0x4 FreeRTOS\tasks.o
 .data.uxCriticalNesting
                0x20000004        0x4 FreeRTOS\port.o
 .data.APBAHBPrescTable
                0x20000008       0x10 ..\Libraries\libBSP.a(stm32f4xx_rcc.o)
 .data.CARME_UART_Port_Pin
                0x20000018       0x58 ..\Libraries\libBSP.a(uart.o)
 .data.SystemCoreClock
                0x20000070        0x4 ..\Libraries\libBSP.a(system_stm32f4xx.o)
                0x20000070                SystemCoreClock
 .data.CARME_AGPIO_Port_Pin
                0x20000074       0xa0 ..\Libraries\libBSP.a(carme.o)
 .data.SJA1000_CMD
                0x20000114        0x4 ..\Libraries\libBSP.a(can.o)
 .data.SJA1000_DATA
                0x20000118        0x4 ..\Libraries\libBSP.a(can.o)
                0x2000011c                . = ALIGN (0x4)
                0x2000011c                _edata = .
                0x08004914                _siccmram = LOADADDR (.ccmram)

.igot.plt       0x2000011c        0x0 load address 0x08004914
 .igot.plt      0x00000000        0x0 c:/apps/atollic/truestudio for arm pro 5.3.0/armtools/bin/../lib/gcc/arm-atollic-eabi/4.8.3/armv7e-m/softfp/crtbegin.o

.ccmram         0x10000000        0x0 load address 0x08004914
                0x10000000                . = ALIGN (0x4)
                0x10000000                _sccmram = .
 *(.ccmram)
 *(.ccmram*)
                0x10000000                . = ALIGN (0x4)
                0x10000000                _eccmram = .
                0x10000000                . = ALIGN (0x4)

.bss            0x2000011c    0x12dd0
                0x2000011c                _sbss = .
                0x2000011c                __bss_start__ = _sbss
 *(.bss)
 .bss           0x2000011c       0x1c c:/apps/atollic/truestudio for arm pro 5.3.0/armtools/bin/../lib/gcc/arm-atollic-eabi/4.8.3/armv7e-m/softfp/crtbegin.o
 *(.bss*)
 .bss.xActiveTimerList1
                0x20000138       0x14 FreeRTOS\timers.o
 .bss.xActiveTimerList2
                0x2000014c       0x14 FreeRTOS\timers.o
 .bss.pxCurrentTimerList
                0x20000160        0x4 FreeRTOS\timers.o
 .bss.pxOverflowTimerList
                0x20000164        0x4 FreeRTOS\timers.o
 .bss.xTimerQueue
                0x20000168        0x4 FreeRTOS\timers.o
 .bss.xLastTime.5196
                0x2000016c        0x4 FreeRTOS\timers.o
 .bss.pxCurrentTCB
                0x20000170        0x4 FreeRTOS\tasks.o
                0x20000170                pxCurrentTCB
 .bss.pxReadyTasksLists
                0x20000174       0x64 FreeRTOS\tasks.o
 .bss.xDelayedTaskList1
                0x200001d8       0x14 FreeRTOS\tasks.o
 .bss.xDelayedTaskList2
                0x200001ec       0x14 FreeRTOS\tasks.o
 .bss.pxDelayedTaskList
                0x20000200        0x4 FreeRTOS\tasks.o
 .bss.pxOverflowDelayedTaskList
                0x20000204        0x4 FreeRTOS\tasks.o
 .bss.xPendingReadyList
                0x20000208       0x14 FreeRTOS\tasks.o
 .bss.xTasksWaitingTermination
                0x2000021c       0x14 FreeRTOS\tasks.o
 .bss.uxTasksDeleted
                0x20000230        0x4 FreeRTOS\tasks.o
 .bss.xSuspendedTaskList
                0x20000234       0x14 FreeRTOS\tasks.o
 .bss.uxCurrentNumberOfTasks
                0x20000248        0x4 FreeRTOS\tasks.o
 .bss.xTickCount
                0x2000024c        0x4 FreeRTOS\tasks.o
 .bss.uxTopReadyPriority
                0x20000250        0x4 FreeRTOS\tasks.o
 .bss.xSchedulerRunning
                0x20000254        0x4 FreeRTOS\tasks.o
 .bss.uxPendedTicks
                0x20000258        0x4 FreeRTOS\tasks.o
 .bss.xYieldPending
                0x2000025c        0x4 FreeRTOS\tasks.o
 .bss.xNumOfOverflows
                0x20000260        0x4 FreeRTOS\tasks.o
 .bss.uxTaskNumber
                0x20000264        0x4 FreeRTOS\tasks.o
 .bss.uxSchedulerSuspended
                0x20000268        0x4 FreeRTOS\tasks.o
 .bss.ucMaxSysCallPriority
                0x2000026c        0x1 FreeRTOS\port.o
 *fill*         0x2000026d        0x3 
 .bss.ulMaxPRIGROUPValue
                0x20000270        0x4 FreeRTOS\port.o
 .bss.ucHeap    0x20000274    0x12c00 FreeRTOS\heap_4.o
 .bss.xStart    0x20012e74        0x8 FreeRTOS\heap_4.o
 .bss.pxEnd     0x20012e7c        0x4 FreeRTOS\heap_4.o
 .bss.xFreeBytesRemaining
                0x20012e80        0x4 FreeRTOS\heap_4.o
 .bss.xMinimumEverFreeBytesRemaining
                0x20012e84        0x4 FreeRTOS\heap_4.o
 .bss.xBlockAllocatedBit
                0x20012e88        0x4 FreeRTOS\heap_4.o
 .bss.CARME_CAN_IRQCallbacks
                0x20012e8c       0x20 ..\Libraries\libBSP.a(can.o)
 *(COMMON)
 COMMON         0x20012eac       0x40 FreeRTOS\queue.o
                0x20012eac                xQueueRegistry
                0x20012eec                . = ALIGN (0x4)
                0x20012eec                _ebss = .
                0x20012eec                __bss_end__ = _ebss

._user_heap_stack
                0x20012eec     0x2000
                0x20012eec                . = ALIGN (0x4)
                0x20012eec                PROVIDE (end, .)
                0x20012eec                PROVIDE (_end, .)
                0x20013eec                . = (. + _Min_Heap_Size)
 *fill*         0x20012eec     0x1000 
                0x20014eec                . = (. + _Min_Stack_Size)
 *fill*         0x20013eec     0x1000 
                0x20014eec                . = ALIGN (0x4)

.memory_b1_text
 *(.mb1text)
 *(.mb1text*)
 *(.mb1rodata)
 *(.mb1rodata*)

/DISCARD/
 libc.a(*)
 libm.a(*)
 libgcc.a(*)

.ARM.attributes
                0x00000000       0x2e
 *(.ARM.attributes)
 .ARM.attributes
                0x00000000       0x22 c:/apps/atollic/truestudio for arm pro 5.3.0/armtools/bin/../lib/gcc/arm-atollic-eabi/4.8.3/armv7e-m/softfp/crti.o
 .ARM.attributes
                0x00000022       0x32 c:/apps/atollic/truestudio for arm pro 5.3.0/armtools/bin/../lib/gcc/arm-atollic-eabi/4.8.3/armv7e-m/softfp/crtbegin.o
 .ARM.attributes
                0x00000054       0x37 src\tiny_printf.o
 .ARM.attributes
                0x0000008b       0x37 src\syscalls.o
 .ARM.attributes
                0x000000c2       0x37 src\stm32f4xx_it.o
 .ARM.attributes
                0x000000f9       0x21 src\startup.o
 .ARM.attributes
                0x0000011a       0x37 src\main.o
 .ARM.attributes
                0x00000151       0x37 FreeRTOS\timers.o
 .ARM.attributes
                0x00000188       0x37 FreeRTOS\tasks.o
 .ARM.attributes
                0x000001bf       0x37 FreeRTOS\queue.o
 .ARM.attributes
                0x000001f6       0x37 FreeRTOS\port.o
 .ARM.attributes
                0x0000022d       0x37 FreeRTOS\list.o
 .ARM.attributes
                0x00000264       0x37 FreeRTOS\heap_4.o
 .ARM.attributes
                0x0000029b       0x32 c:/apps/atollic/truestudio for arm pro 5.3.0/armtools/bin/../lib/gcc/arm-atollic-eabi/4.8.3/../../../../arm-atollic-eabi/lib/armv7e-m/softfp\libc_s.a(lib_a-init.o)
 .ARM.attributes
                0x000002cd       0x32 c:/apps/atollic/truestudio for arm pro 5.3.0/armtools/bin/../lib/gcc/arm-atollic-eabi/4.8.3/../../../../arm-atollic-eabi/lib/armv7e-m/softfp\libc_s.a(lib_a-memcmp.o)
 .ARM.attributes
                0x000002ff       0x32 c:/apps/atollic/truestudio for arm pro 5.3.0/armtools/bin/../lib/gcc/arm-atollic-eabi/4.8.3/../../../../arm-atollic-eabi/lib/armv7e-m/softfp\libc_s.a(lib_a-memcpy-stub.o)
 .ARM.attributes
                0x00000331       0x32 c:/apps/atollic/truestudio for arm pro 5.3.0/armtools/bin/../lib/gcc/arm-atollic-eabi/4.8.3/../../../../arm-atollic-eabi/lib/armv7e-m/softfp\libc_s.a(lib_a-memset.o)
 .ARM.attributes
                0x00000363       0x32 c:/apps/atollic/truestudio for arm pro 5.3.0/armtools/bin/../lib/gcc/arm-atollic-eabi/4.8.3/../../../../arm-atollic-eabi/lib/armv7e-m/softfp\libc_s.a(lib_a-strlen.o)
 .ARM.attributes
                0x00000395       0x22 c:/apps/atollic/truestudio for arm pro 5.3.0/armtools/bin/../lib/gcc/arm-atollic-eabi/4.8.3/armv7e-m/softfp/crtn.o
 .ARM.attributes
                0x000003b7       0x37 ..\Libraries\libBSP.a(stm32f4xx_usart.o)
 .ARM.attributes
                0x000003ee       0x37 ..\Libraries\libBSP.a(stm32f4xx_rcc.o)
 .ARM.attributes
                0x00000425       0x37 ..\Libraries\libBSP.a(stm32f4xx_exti.o)
 .ARM.attributes
                0x0000045c       0x37 ..\Libraries\libBSP.a(misc.o)
 .ARM.attributes
                0x00000493       0x37 ..\Libraries\libBSP.a(uart.o)
 .ARM.attributes
                0x000004ca       0x37 ..\Libraries\libBSP.a(system_stm32f4xx.o)
 .ARM.attributes
                0x00000501       0x37 ..\Libraries\libBSP.a(carme.o)
 .ARM.attributes
                0x00000538       0x37 ..\Libraries\libBSP.a(can.o)
 .ARM.attributes
                0x0000056f       0x37 ..\Libraries\libBSP.a(stm32f4xx_gpio.o)
 .ARM.attributes
                0x000005a6       0x37 ..\Libraries\libBSP.a(stm32f4xx_fsmc.o)
OUTPUT(FreeRTOSsrc_Projekt.elf elf32-littlearm)

.debug_info     0x00000000     0xa911
 .debug_info    0x00000000      0xbc2 src\tiny_printf.o
 .debug_info    0x00000bc2      0x7e6 src\syscalls.o
 .debug_info    0x000013a8      0x1f0 src\stm32f4xx_it.o
 .debug_info    0x00001598       0x73 src\startup.o
 .debug_info    0x0000160b      0x27e src\main.o
 .debug_info    0x00001889      0x907 FreeRTOS\timers.o
 .debug_info    0x00002190     0x1d0e FreeRTOS\tasks.o
 .debug_info    0x00003e9e     0x1264 FreeRTOS\queue.o
 .debug_info    0x00005102      0x4e1 FreeRTOS\port.o
 .debug_info    0x000055e3      0x29d FreeRTOS\list.o
 .debug_info    0x00005880      0x3e3 FreeRTOS\heap_4.o
 .debug_info    0x00005c63      0x9c6 ..\Libraries\libBSP.a(stm32f4xx_usart.o)
 .debug_info    0x00006629      0xe06 ..\Libraries\libBSP.a(stm32f4xx_rcc.o)
 .debug_info    0x0000742f      0x33c ..\Libraries\libBSP.a(stm32f4xx_exti.o)
 .debug_info    0x0000776b      0x541 ..\Libraries\libBSP.a(misc.o)
 .debug_info    0x00007cac      0x62a ..\Libraries\libBSP.a(uart.o)
 .debug_info    0x000082d6      0x5c0 ..\Libraries\libBSP.a(system_stm32f4xx.o)
 .debug_info    0x00008896      0x695 ..\Libraries\libBSP.a(carme.o)
 .debug_info    0x00008f2b      0xae4 ..\Libraries\libBSP.a(can.o)
 .debug_info    0x00009a0f      0x609 ..\Libraries\libBSP.a(stm32f4xx_gpio.o)
 .debug_info    0x0000a018      0x8f9 ..\Libraries\libBSP.a(stm32f4xx_fsmc.o)

.debug_abbrev   0x00000000     0x20da
 .debug_abbrev  0x00000000      0x248 src\tiny_printf.o
 .debug_abbrev  0x00000248      0x1ef src\syscalls.o
 .debug_abbrev  0x00000437      0x106 src\stm32f4xx_it.o
 .debug_abbrev  0x0000053d       0x12 src\startup.o
 .debug_abbrev  0x0000054f       0xfa src\main.o
 .debug_abbrev  0x00000649      0x1c2 FreeRTOS\timers.o
 .debug_abbrev  0x0000080b      0x27e FreeRTOS\tasks.o
 .debug_abbrev  0x00000a89      0x208 FreeRTOS\queue.o
 .debug_abbrev  0x00000c91      0x1ce FreeRTOS\port.o
 .debug_abbrev  0x00000e5f       0xbe FreeRTOS\list.o
 .debug_abbrev  0x00000f1d      0x1d5 FreeRTOS\heap_4.o
 .debug_abbrev  0x000010f2      0x157 ..\Libraries\libBSP.a(stm32f4xx_usart.o)
 .debug_abbrev  0x00001249      0x1bc ..\Libraries\libBSP.a(stm32f4xx_rcc.o)
 .debug_abbrev  0x00001405      0x1a7 ..\Libraries\libBSP.a(stm32f4xx_exti.o)
 .debug_abbrev  0x000015ac      0x147 ..\Libraries\libBSP.a(misc.o)
 .debug_abbrev  0x000016f3      0x17a ..\Libraries\libBSP.a(uart.o)
 .debug_abbrev  0x0000186d      0x138 ..\Libraries\libBSP.a(system_stm32f4xx.o)
 .debug_abbrev  0x000019a5      0x1c0 ..\Libraries\libBSP.a(carme.o)
 .debug_abbrev  0x00001b65      0x25e ..\Libraries\libBSP.a(can.o)
 .debug_abbrev  0x00001dc3      0x1a5 ..\Libraries\libBSP.a(stm32f4xx_gpio.o)
 .debug_abbrev  0x00001f68      0x172 ..\Libraries\libBSP.a(stm32f4xx_fsmc.o)

.debug_aranges  0x00000000      0xc38
 .debug_aranges
                0x00000000       0x60 src\tiny_printf.o
 .debug_aranges
                0x00000060       0xb0 src\syscalls.o
 .debug_aranges
                0x00000110       0x60 src\stm32f4xx_it.o
 .debug_aranges
                0x00000170       0x28 src\startup.o
 .debug_aranges
                0x00000198       0x30 src\main.o
 .debug_aranges
                0x000001c8       0x90 FreeRTOS\timers.o
 .debug_aranges
                0x00000258      0x1c8 FreeRTOS\tasks.o
 .debug_aranges
                0x00000420      0x100 FreeRTOS\queue.o
 .debug_aranges
                0x00000520       0x80 FreeRTOS\port.o
 .debug_aranges
                0x000005a0       0x40 FreeRTOS\list.o
 .debug_aranges
                0x000005e0       0x50 FreeRTOS\heap_4.o
 .debug_aranges
                0x00000630      0x100 ..\Libraries\libBSP.a(stm32f4xx_usart.o)
 .debug_aranges
                0x00000730      0x1b8 ..\Libraries\libBSP.a(stm32f4xx_rcc.o)
 .debug_aranges
                0x000008e8       0x58 ..\Libraries\libBSP.a(stm32f4xx_exti.o)
 .debug_aranges
                0x00000940       0x40 ..\Libraries\libBSP.a(misc.o)
 .debug_aranges
                0x00000980       0x48 ..\Libraries\libBSP.a(uart.o)
 .debug_aranges
                0x000009c8       0x30 ..\Libraries\libBSP.a(system_stm32f4xx.o)
 .debug_aranges
                0x000009f8       0x78 ..\Libraries\libBSP.a(carme.o)
 .debug_aranges
                0x00000a70       0x90 ..\Libraries\libBSP.a(can.o)
 .debug_aranges
                0x00000b00       0x88 ..\Libraries\libBSP.a(stm32f4xx_gpio.o)
 .debug_aranges
                0x00000b88       0xb0 ..\Libraries\libBSP.a(stm32f4xx_fsmc.o)

.debug_ranges   0x00000000      0xaf0
 .debug_ranges  0x00000000       0x50 src\tiny_printf.o
 .debug_ranges  0x00000050       0xa0 src\syscalls.o
 .debug_ranges  0x000000f0       0x50 src\stm32f4xx_it.o
 .debug_ranges  0x00000140       0x20 src\startup.o
 .debug_ranges  0x00000160       0x20 src\main.o
 .debug_ranges  0x00000180       0x80 FreeRTOS\timers.o
 .debug_ranges  0x00000200      0x1b8 FreeRTOS\tasks.o
 .debug_ranges  0x000003b8       0xf0 FreeRTOS\queue.o
 .debug_ranges  0x000004a8       0x70 FreeRTOS\port.o
 .debug_ranges  0x00000518       0x30 FreeRTOS\list.o
 .debug_ranges  0x00000548       0x40 FreeRTOS\heap_4.o
 .debug_ranges  0x00000588       0xf0 ..\Libraries\libBSP.a(stm32f4xx_usart.o)
 .debug_ranges  0x00000678      0x1a8 ..\Libraries\libBSP.a(stm32f4xx_rcc.o)
 .debug_ranges  0x00000820       0x48 ..\Libraries\libBSP.a(stm32f4xx_exti.o)
 .debug_ranges  0x00000868       0x30 ..\Libraries\libBSP.a(misc.o)
 .debug_ranges  0x00000898       0x38 ..\Libraries\libBSP.a(uart.o)
 .debug_ranges  0x000008d0       0x20 ..\Libraries\libBSP.a(system_stm32f4xx.o)
 .debug_ranges  0x000008f0       0x68 ..\Libraries\libBSP.a(carme.o)
 .debug_ranges  0x00000958       0x80 ..\Libraries\libBSP.a(can.o)
 .debug_ranges  0x000009d8       0x78 ..\Libraries\libBSP.a(stm32f4xx_gpio.o)
 .debug_ranges  0x00000a50       0xa0 ..\Libraries\libBSP.a(stm32f4xx_fsmc.o)

.debug_line     0x00000000     0x5448
 .debug_line    0x00000000      0x2ae src\tiny_printf.o
 .debug_line    0x000002ae      0x33d src\syscalls.o
 .debug_line    0x000005eb      0x1e8 src\stm32f4xx_it.o
 .debug_line    0x000007d3       0x9d src\startup.o
 .debug_line    0x00000870      0x1c0 src\main.o
 .debug_line    0x00000a30      0x386 FreeRTOS\timers.o
 .debug_line    0x00000db6      0xda9 FreeRTOS\tasks.o
 .debug_line    0x00001b5f      0x95f FreeRTOS\queue.o
 .debug_line    0x000024be      0x2f9 FreeRTOS\port.o
 .debug_line    0x000027b7      0x198 FreeRTOS\list.o
 .debug_line    0x0000294f      0x2d4 FreeRTOS\heap_4.o
 .debug_line    0x00002c23      0x4dc ..\Libraries\libBSP.a(stm32f4xx_usart.o)
 .debug_line    0x000030ff      0x675 ..\Libraries\libBSP.a(stm32f4xx_rcc.o)
 .debug_line    0x00003774      0x2d0 ..\Libraries\libBSP.a(stm32f4xx_exti.o)
 .debug_line    0x00003a44      0x279 ..\Libraries\libBSP.a(misc.o)
 .debug_line    0x00003cbd      0x316 ..\Libraries\libBSP.a(uart.o)
 .debug_line    0x00003fd3      0x24b ..\Libraries\libBSP.a(system_stm32f4xx.o)
 .debug_line    0x0000421e      0x591 ..\Libraries\libBSP.a(carme.o)
 .debug_line    0x000047af      0x498 ..\Libraries\libBSP.a(can.o)
 .debug_line    0x00004c47      0x379 ..\Libraries\libBSP.a(stm32f4xx_gpio.o)
 .debug_line    0x00004fc0      0x488 ..\Libraries\libBSP.a(stm32f4xx_fsmc.o)

.debug_str      0x00000000     0x45ce
 .debug_str     0x00000000      0x585 src\tiny_printf.o
                                0x60b (size before relaxing)
 .debug_str     0x00000585      0x26d src\syscalls.o
                                0x47a (size before relaxing)
 .debug_str     0x000007f2       0xe8 src\stm32f4xx_it.o
                                0x2ce (size before relaxing)
 .debug_str     0x000008da       0xbe src\main.o
                                0x2fb (size before relaxing)
 .debug_str     0x00000998      0x495 FreeRTOS\timers.o
                                0x6be (size before relaxing)
 .debug_str     0x00000e2d      0xc08 FreeRTOS\tasks.o
                                0xf21 (size before relaxing)
 .debug_str     0x00001a35      0x479 FreeRTOS\queue.o
                                0x81a (size before relaxing)
 .debug_str     0x00001eae      0x1e3 FreeRTOS\port.o
                                0x44f (size before relaxing)
 .debug_str     0x00002091       0xa0 FreeRTOS\list.o
                                0x2f2 (size before relaxing)
 .debug_str     0x00002131      0x1e5 FreeRTOS\heap_4.o
                                0x3c8 (size before relaxing)
 .debug_str     0x00002316      0x43a ..\Libraries\libBSP.a(stm32f4xx_usart.o)
                                0x6de (size before relaxing)
 .debug_str     0x00002750      0x707 ..\Libraries\libBSP.a(stm32f4xx_rcc.o)
                                0x9e4 (size before relaxing)
 .debug_str     0x00002e57      0x1ac ..\Libraries\libBSP.a(stm32f4xx_exti.o)
                                0x39b (size before relaxing)
 .debug_str     0x00003003      0x1fe ..\Libraries\libBSP.a(misc.o)
                                0x41d (size before relaxing)
 .debug_str     0x00003201      0x272 ..\Libraries\libBSP.a(uart.o)
                                0x5ae (size before relaxing)
 .debug_str     0x00003473       0x95 ..\Libraries\libBSP.a(system_stm32f4xx.o)
                                0x40e (size before relaxing)
 .debug_str     0x00003508      0x384 ..\Libraries\libBSP.a(carme.o)
                                0x738 (size before relaxing)
 .debug_str     0x0000388c      0x84b ..\Libraries\libBSP.a(can.o)
                                0xdd5 (size before relaxing)
 .debug_str     0x000040d7      0x137 ..\Libraries\libBSP.a(stm32f4xx_gpio.o)
                                0x4ef (size before relaxing)
 .debug_str     0x0000420e      0x3c0 ..\Libraries\libBSP.a(stm32f4xx_fsmc.o)
                                0x7d9 (size before relaxing)

.comment        0x00000000      0x104
 .comment       0x00000000       0x82 src\tiny_printf.o
                                 0x83 (size before relaxing)
 .comment       0x00000000       0x83 src\syscalls.o
 .comment       0x00000000       0x83 src\stm32f4xx_it.o
 .comment       0x00000000       0x83 src\main.o
 .comment       0x00000000       0x83 FreeRTOS\timers.o
 .comment       0x00000000       0x83 FreeRTOS\tasks.o
 .comment       0x00000000       0x83 FreeRTOS\queue.o
 .comment       0x00000000       0x83 FreeRTOS\port.o
 .comment       0x00000000       0x83 FreeRTOS\list.o
 .comment       0x00000000       0x83 FreeRTOS\heap_4.o
 .comment       0x00000082       0x82 ..\Libraries\libBSP.a(stm32f4xx_usart.o)
                                 0x83 (size before relaxing)
 .comment       0x00000000       0x83 ..\Libraries\libBSP.a(stm32f4xx_rcc.o)
 .comment       0x00000000       0x83 ..\Libraries\libBSP.a(stm32f4xx_exti.o)
 .comment       0x00000000       0x83 ..\Libraries\libBSP.a(misc.o)
 .comment       0x00000000       0x83 ..\Libraries\libBSP.a(uart.o)
 .comment       0x00000000       0x83 ..\Libraries\libBSP.a(system_stm32f4xx.o)
 .comment       0x00000000       0x83 ..\Libraries\libBSP.a(carme.o)
 .comment       0x00000000       0x83 ..\Libraries\libBSP.a(can.o)
 .comment       0x00000000       0x83 ..\Libraries\libBSP.a(stm32f4xx_gpio.o)
 .comment       0x00000000       0x83 ..\Libraries\libBSP.a(stm32f4xx_fsmc.o)

.debug_frame    0x00000000     0x2730
 .debug_frame   0x00000000      0x154 src\tiny_printf.o
 .debug_frame   0x00000154      0x22c src\syscalls.o
 .debug_frame   0x00000380      0x100 src\stm32f4xx_it.o
 .debug_frame   0x00000480       0x70 src\main.o
 .debug_frame   0x000004f0      0x1e4 FreeRTOS\timers.o
 .debug_frame   0x000006d4      0x684 FreeRTOS\tasks.o
 .debug_frame   0x00000d58      0x390 FreeRTOS\queue.o
 .debug_frame   0x000010e8      0x150 FreeRTOS\port.o
 .debug_frame   0x00001238       0x9c FreeRTOS\list.o
 .debug_frame   0x000012d4       0xd0 FreeRTOS\heap_4.o
 .debug_frame   0x000013a4       0x2c c:/apps/atollic/truestudio for arm pro 5.3.0/armtools/bin/../lib/gcc/arm-atollic-eabi/4.8.3/../../../../arm-atollic-eabi/lib/armv7e-m/softfp\libc_s.a(lib_a-init.o)
 .debug_frame   0x000013d0       0x2c c:/apps/atollic/truestudio for arm pro 5.3.0/armtools/bin/../lib/gcc/arm-atollic-eabi/4.8.3/../../../../arm-atollic-eabi/lib/armv7e-m/softfp\libc_s.a(lib_a-memcmp.o)
 .debug_frame   0x000013fc       0x28 c:/apps/atollic/truestudio for arm pro 5.3.0/armtools/bin/../lib/gcc/arm-atollic-eabi/4.8.3/../../../../arm-atollic-eabi/lib/armv7e-m/softfp\libc_s.a(lib_a-memcpy-stub.o)
 .debug_frame   0x00001424       0x20 c:/apps/atollic/truestudio for arm pro 5.3.0/armtools/bin/../lib/gcc/arm-atollic-eabi/4.8.3/../../../../arm-atollic-eabi/lib/armv7e-m/softfp\libc_s.a(lib_a-memset.o)
 .debug_frame   0x00001444       0x20 c:/apps/atollic/truestudio for arm pro 5.3.0/armtools/bin/../lib/gcc/arm-atollic-eabi/4.8.3/../../../../arm-atollic-eabi/lib/armv7e-m/softfp\libc_s.a(lib_a-strlen.o)
 .debug_frame   0x00001464      0x344 ..\Libraries\libBSP.a(stm32f4xx_usart.o)
 .debug_frame   0x000017a8      0x5b8 ..\Libraries\libBSP.a(stm32f4xx_rcc.o)
 .debug_frame   0x00001d60       0xec ..\Libraries\libBSP.a(stm32f4xx_exti.o)
 .debug_frame   0x00001e4c       0x9c ..\Libraries\libBSP.a(misc.o)
 .debug_frame   0x00001ee8       0xd0 ..\Libraries\libBSP.a(uart.o)
 .debug_frame   0x00001fb8       0x64 ..\Libraries\libBSP.a(system_stm32f4xx.o)
 .debug_frame   0x0000201c      0x178 ..\Libraries\libBSP.a(carme.o)
 .debug_frame   0x00002194      0x1e0 ..\Libraries\libBSP.a(can.o)
 .debug_frame   0x00002374      0x19c ..\Libraries\libBSP.a(stm32f4xx_gpio.o)
 .debug_frame   0x00002510      0x220 ..\Libraries\libBSP.a(stm32f4xx_fsmc.o)

Cross Reference Table

Symbol                                            File
ADC_IRQHandler                                    src\startup.o
AHBPrescTable                                     ..\Libraries\libBSP.a(system_stm32f4xx.o)
BusFault_Handler                                  src\stm32f4xx_it.o
CAN1_RX0_IRQHandler                               src\startup.o
CAN1_RX1_IRQHandler                               src\startup.o
CAN1_SCE_IRQHandler                               src\startup.o
CAN1_TX_IRQHandler                                src\startup.o
CAN2_RX0_IRQHandler                               src\startup.o
CAN2_RX1_IRQHandler                               src\startup.o
CAN2_SCE_IRQHandler                               src\startup.o
CAN2_TX_IRQHandler                                src\startup.o
CARME_AGPIO_Get                                   ..\Libraries\libBSP.a(carme.o)
CARME_AGPIO_Set                                   ..\Libraries\libBSP.a(carme.o)
CARME_CAN_GetAcceptaceFilter                      ..\Libraries\libBSP.a(can.o)
CARME_CAN_Init                                    ..\Libraries\libBSP.a(can.o)
CARME_CAN_InitI                                   ..\Libraries\libBSP.a(can.o)
CARME_CAN_Interrupt_Handler                       ..\Libraries\libBSP.a(can.o)
                                                  src\stm32f4xx_it.o
CARME_CAN_Read                                    ..\Libraries\libBSP.a(can.o)
CARME_CAN_RegisterIRQCallback                     ..\Libraries\libBSP.a(can.o)
CARME_CAN_SetAcceptaceFilter                      ..\Libraries\libBSP.a(can.o)
CARME_CAN_SetBaudrate                             ..\Libraries\libBSP.a(can.o)
CARME_CAN_SetMode                                 ..\Libraries\libBSP.a(can.o)
CARME_CAN_UnregisterIRQCallback                   ..\Libraries\libBSP.a(can.o)
CARME_CAN_Write                                   ..\Libraries\libBSP.a(can.o)
CARME_GPIO_Init                                   ..\Libraries\libBSP.a(carme.o)
                                                  ..\Libraries\libBSP.a(uart.o)
CARME_Init                                        ..\Libraries\libBSP.a(carme.o)
                                                  src\startup.o
CARME_LED_Green_Reset                             ..\Libraries\libBSP.a(carme.o)
                                                  src\main.o
CARME_LED_Green_Set                               ..\Libraries\libBSP.a(carme.o)
                                                  src\main.o
CARME_LED_Red_Reset                               ..\Libraries\libBSP.a(carme.o)
CARME_LED_Red_Set                                 ..\Libraries\libBSP.a(carme.o)
CARME_UART_GPIO_Init                              ..\Libraries\libBSP.a(uart.o)
CARME_UART_Init                                   ..\Libraries\libBSP.a(uart.o)
                                                  src\main.o
CARME_UART_ReceiveChar                            ..\Libraries\libBSP.a(uart.o)
CARME_UART_ReceiveString                          ..\Libraries\libBSP.a(uart.o)
CARME_UART_SendChar                               ..\Libraries\libBSP.a(uart.o)
CARME_UART_SendString                             ..\Libraries\libBSP.a(uart.o)
CRYP_IRQHandler                                   src\startup.o
DCMI_IRQHandler                                   src\startup.o
DMA1_Stream0_IRQHandler                           src\startup.o
DMA1_Stream1_IRQHandler                           src\startup.o
DMA1_Stream2_IRQHandler                           src\startup.o
DMA1_Stream3_IRQHandler                           src\startup.o
DMA1_Stream4_IRQHandler                           src\startup.o
DMA1_Stream5_IRQHandler                           src\startup.o
DMA1_Stream6_IRQHandler                           src\startup.o
DMA1_Stream7_IRQHandler                           src\startup.o
DMA2_Stream0_IRQHandler                           src\startup.o
DMA2_Stream1_IRQHandler                           src\startup.o
DMA2_Stream2_IRQHandler                           src\startup.o
DMA2_Stream3_IRQHandler                           src\startup.o
DMA2_Stream4_IRQHandler                           src\startup.o
DMA2_Stream5_IRQHandler                           src\startup.o
DMA2_Stream6_IRQHandler                           src\startup.o
DMA2_Stream7_IRQHandler                           src\startup.o
DebugMon_Handler                                  src\stm32f4xx_it.o
Default_Handler                                   src\startup.o
                                                  src\stm32f4xx_it.o
ETH_IRQHandler                                    src\startup.o
ETH_WKUP_IRQHandler                               src\startup.o
EXTI0_IRQHandler                                  src\startup.o
EXTI15_10_IRQHandler                              src\startup.o
EXTI1_IRQHandler                                  src\startup.o
EXTI2_IRQHandler                                  src\startup.o
EXTI3_IRQHandler                                  src\startup.o
EXTI4_IRQHandler                                  src\startup.o
EXTI9_5_IRQHandler                                src\stm32f4xx_it.o
EXTI_ClearFlag                                    ..\Libraries\libBSP.a(stm32f4xx_exti.o)
EXTI_ClearITPendingBit                            ..\Libraries\libBSP.a(stm32f4xx_exti.o)
                                                  src\stm32f4xx_it.o
EXTI_DeInit                                       ..\Libraries\libBSP.a(stm32f4xx_exti.o)
EXTI_GenerateSWInterrupt                          ..\Libraries\libBSP.a(stm32f4xx_exti.o)
EXTI_GetFlagStatus                                ..\Libraries\libBSP.a(stm32f4xx_exti.o)
EXTI_GetITStatus                                  ..\Libraries\libBSP.a(stm32f4xx_exti.o)
                                                  src\stm32f4xx_it.o
EXTI_Init                                         ..\Libraries\libBSP.a(stm32f4xx_exti.o)
                                                  ..\Libraries\libBSP.a(can.o)
EXTI_StructInit                                   ..\Libraries\libBSP.a(stm32f4xx_exti.o)
FLASH_IRQHandler                                  src\startup.o
FPU_IRQHandler                                    src\startup.o
FSMC_ClearFlag                                    ..\Libraries\libBSP.a(stm32f4xx_fsmc.o)
FSMC_ClearITPendingBit                            ..\Libraries\libBSP.a(stm32f4xx_fsmc.o)
FSMC_GetECC                                       ..\Libraries\libBSP.a(stm32f4xx_fsmc.o)
FSMC_GetFlagStatus                                ..\Libraries\libBSP.a(stm32f4xx_fsmc.o)
FSMC_GetITStatus                                  ..\Libraries\libBSP.a(stm32f4xx_fsmc.o)
FSMC_IRQHandler                                   src\startup.o
FSMC_ITConfig                                     ..\Libraries\libBSP.a(stm32f4xx_fsmc.o)
FSMC_NANDCmd                                      ..\Libraries\libBSP.a(stm32f4xx_fsmc.o)
FSMC_NANDDeInit                                   ..\Libraries\libBSP.a(stm32f4xx_fsmc.o)
FSMC_NANDECCCmd                                   ..\Libraries\libBSP.a(stm32f4xx_fsmc.o)
FSMC_NANDInit                                     ..\Libraries\libBSP.a(stm32f4xx_fsmc.o)
FSMC_NANDStructInit                               ..\Libraries\libBSP.a(stm32f4xx_fsmc.o)
FSMC_NORSRAMCmd                                   ..\Libraries\libBSP.a(stm32f4xx_fsmc.o)
                                                  ..\Libraries\libBSP.a(carme.o)
FSMC_NORSRAMDeInit                                ..\Libraries\libBSP.a(stm32f4xx_fsmc.o)
                                                  ..\Libraries\libBSP.a(carme.o)
FSMC_NORSRAMInit                                  ..\Libraries\libBSP.a(stm32f4xx_fsmc.o)
                                                  ..\Libraries\libBSP.a(carme.o)
FSMC_NORSRAMStructInit                            ..\Libraries\libBSP.a(stm32f4xx_fsmc.o)
FSMC_PCCARDCmd                                    ..\Libraries\libBSP.a(stm32f4xx_fsmc.o)
FSMC_PCCARDDeInit                                 ..\Libraries\libBSP.a(stm32f4xx_fsmc.o)
FSMC_PCCARDInit                                   ..\Libraries\libBSP.a(stm32f4xx_fsmc.o)
FSMC_PCCARDStructInit                             ..\Libraries\libBSP.a(stm32f4xx_fsmc.o)
GPIO_DeInit                                       ..\Libraries\libBSP.a(stm32f4xx_gpio.o)
                                                  ..\Libraries\libBSP.a(carme.o)
GPIO_Init                                         ..\Libraries\libBSP.a(stm32f4xx_gpio.o)
                                                  ..\Libraries\libBSP.a(can.o)
                                                  ..\Libraries\libBSP.a(carme.o)
GPIO_PinAFConfig                                  ..\Libraries\libBSP.a(stm32f4xx_gpio.o)
                                                  ..\Libraries\libBSP.a(carme.o)
GPIO_PinLockConfig                                ..\Libraries\libBSP.a(stm32f4xx_gpio.o)
GPIO_ReadInputData                                ..\Libraries\libBSP.a(stm32f4xx_gpio.o)
GPIO_ReadInputDataBit                             ..\Libraries\libBSP.a(stm32f4xx_gpio.o)
                                                  ..\Libraries\libBSP.a(carme.o)
GPIO_ReadOutputData                               ..\Libraries\libBSP.a(stm32f4xx_gpio.o)
GPIO_ReadOutputDataBit                            ..\Libraries\libBSP.a(stm32f4xx_gpio.o)
                                                  ..\Libraries\libBSP.a(carme.o)
GPIO_ResetBits                                    ..\Libraries\libBSP.a(stm32f4xx_gpio.o)
GPIO_SetBits                                      ..\Libraries\libBSP.a(stm32f4xx_gpio.o)
GPIO_StructInit                                   ..\Libraries\libBSP.a(stm32f4xx_gpio.o)
                                                  ..\Libraries\libBSP.a(can.o)
                                                  ..\Libraries\libBSP.a(carme.o)
                                                  ..\Libraries\libBSP.a(uart.o)
GPIO_ToggleBits                                   ..\Libraries\libBSP.a(stm32f4xx_gpio.o)
GPIO_Write                                        ..\Libraries\libBSP.a(stm32f4xx_gpio.o)
GPIO_WriteBit                                     ..\Libraries\libBSP.a(stm32f4xx_gpio.o)
                                                  ..\Libraries\libBSP.a(carme.o)
HASH_RNG_IRQHandler                               src\startup.o
HardFault_Handler                                 src\stm32f4xx_it.o
I2C1_ER_IRQHandler                                src\startup.o
I2C1_EV_IRQHandler                                src\startup.o
I2C2_ER_IRQHandler                                src\startup.o
I2C2_EV_IRQHandler                                src\startup.o
I2C3_ER_IRQHandler                                src\startup.o
I2C3_EV_IRQHandler                                src\startup.o
MemManage_Handler                                 src\stm32f4xx_it.o
NMI_Handler                                       src\stm32f4xx_it.o
NVIC_Init                                         ..\Libraries\libBSP.a(misc.o)
                                                  ..\Libraries\libBSP.a(can.o)
NVIC_PriorityGroupConfig                          ..\Libraries\libBSP.a(misc.o)
                                                  src\main.o
NVIC_SetVectorTable                               ..\Libraries\libBSP.a(misc.o)
NVIC_SystemLPConfig                               ..\Libraries\libBSP.a(misc.o)
OTG_FS_IRQHandler                                 src\startup.o
OTG_FS_WKUP_IRQHandler                            src\startup.o
OTG_HS_EP1_IN_IRQHandler                          src\startup.o
OTG_HS_EP1_OUT_IRQHandler                         src\startup.o
OTG_HS_IRQHandler                                 src\startup.o
OTG_HS_WKUP_IRQHandler                            src\startup.o
PVD_IRQHandler                                    src\startup.o
PendSV_Handler                                    FreeRTOS\port.o
                                                  src\startup.o
RCC_AHB1PeriphClockCmd                            ..\Libraries\libBSP.a(stm32f4xx_rcc.o)
                                                  ..\Libraries\libBSP.a(carme.o)
RCC_AHB1PeriphClockLPModeCmd                      ..\Libraries\libBSP.a(stm32f4xx_rcc.o)
RCC_AHB1PeriphResetCmd                            ..\Libraries\libBSP.a(stm32f4xx_rcc.o)
                                                  ..\Libraries\libBSP.a(stm32f4xx_gpio.o)
RCC_AHB2PeriphClockCmd                            ..\Libraries\libBSP.a(stm32f4xx_rcc.o)
RCC_AHB2PeriphClockLPModeCmd                      ..\Libraries\libBSP.a(stm32f4xx_rcc.o)
RCC_AHB2PeriphResetCmd                            ..\Libraries\libBSP.a(stm32f4xx_rcc.o)
RCC_AHB3PeriphClockCmd                            ..\Libraries\libBSP.a(stm32f4xx_rcc.o)
                                                  ..\Libraries\libBSP.a(carme.o)
RCC_AHB3PeriphClockLPModeCmd                      ..\Libraries\libBSP.a(stm32f4xx_rcc.o)
RCC_AHB3PeriphResetCmd                            ..\Libraries\libBSP.a(stm32f4xx_rcc.o)
RCC_APB1PeriphClockCmd                            ..\Libraries\libBSP.a(stm32f4xx_rcc.o)
                                                  ..\Libraries\libBSP.a(uart.o)
RCC_APB1PeriphClockLPModeCmd                      ..\Libraries\libBSP.a(stm32f4xx_rcc.o)
RCC_APB1PeriphResetCmd                            ..\Libraries\libBSP.a(stm32f4xx_rcc.o)
                                                  ..\Libraries\libBSP.a(stm32f4xx_usart.o)
RCC_APB2PeriphClockCmd                            ..\Libraries\libBSP.a(stm32f4xx_rcc.o)
                                                  ..\Libraries\libBSP.a(carme.o)
                                                  ..\Libraries\libBSP.a(uart.o)
RCC_APB2PeriphClockLPModeCmd                      ..\Libraries\libBSP.a(stm32f4xx_rcc.o)
RCC_APB2PeriphResetCmd                            ..\Libraries\libBSP.a(stm32f4xx_rcc.o)
                                                  ..\Libraries\libBSP.a(stm32f4xx_syscfg.o)
                                                  ..\Libraries\libBSP.a(stm32f4xx_usart.o)
RCC_AdjustHSICalibrationValue                     ..\Libraries\libBSP.a(stm32f4xx_rcc.o)
RCC_BackupResetCmd                                ..\Libraries\libBSP.a(stm32f4xx_rcc.o)
RCC_ClearFlag                                     ..\Libraries\libBSP.a(stm32f4xx_rcc.o)
RCC_ClearITPendingBit                             ..\Libraries\libBSP.a(stm32f4xx_rcc.o)
RCC_ClockSecuritySystemCmd                        ..\Libraries\libBSP.a(stm32f4xx_rcc.o)
RCC_DeInit                                        ..\Libraries\libBSP.a(stm32f4xx_rcc.o)
RCC_GetClocksFreq                                 ..\Libraries\libBSP.a(stm32f4xx_rcc.o)
                                                  ..\Libraries\libBSP.a(stm32f4xx_usart.o)
RCC_GetFlagStatus                                 ..\Libraries\libBSP.a(stm32f4xx_rcc.o)
RCC_GetITStatus                                   ..\Libraries\libBSP.a(stm32f4xx_rcc.o)
RCC_GetSYSCLKSource                               ..\Libraries\libBSP.a(stm32f4xx_rcc.o)
RCC_HCLKConfig                                    ..\Libraries\libBSP.a(stm32f4xx_rcc.o)
RCC_HSEConfig                                     ..\Libraries\libBSP.a(stm32f4xx_rcc.o)
RCC_HSICmd                                        ..\Libraries\libBSP.a(stm32f4xx_rcc.o)
RCC_I2SCLKConfig                                  ..\Libraries\libBSP.a(stm32f4xx_rcc.o)
RCC_IRQHandler                                    src\startup.o
RCC_ITConfig                                      ..\Libraries\libBSP.a(stm32f4xx_rcc.o)
RCC_LSEConfig                                     ..\Libraries\libBSP.a(stm32f4xx_rcc.o)
RCC_LSICmd                                        ..\Libraries\libBSP.a(stm32f4xx_rcc.o)
RCC_LTDCCLKDivConfig                              ..\Libraries\libBSP.a(stm32f4xx_rcc.o)
RCC_MCO1Config                                    ..\Libraries\libBSP.a(stm32f4xx_rcc.o)
RCC_MCO2Config                                    ..\Libraries\libBSP.a(stm32f4xx_rcc.o)
RCC_PCLK1Config                                   ..\Libraries\libBSP.a(stm32f4xx_rcc.o)
RCC_PCLK2Config                                   ..\Libraries\libBSP.a(stm32f4xx_rcc.o)
RCC_PLLCmd                                        ..\Libraries\libBSP.a(stm32f4xx_rcc.o)
RCC_PLLConfig                                     ..\Libraries\libBSP.a(stm32f4xx_rcc.o)
RCC_PLLI2SCmd                                     ..\Libraries\libBSP.a(stm32f4xx_rcc.o)
RCC_PLLI2SConfig                                  ..\Libraries\libBSP.a(stm32f4xx_rcc.o)
RCC_PLLSAICmd                                     ..\Libraries\libBSP.a(stm32f4xx_rcc.o)
RCC_PLLSAIConfig                                  ..\Libraries\libBSP.a(stm32f4xx_rcc.o)
RCC_RTCCLKCmd                                     ..\Libraries\libBSP.a(stm32f4xx_rcc.o)
RCC_RTCCLKConfig                                  ..\Libraries\libBSP.a(stm32f4xx_rcc.o)
RCC_SAIBlockACLKConfig                            ..\Libraries\libBSP.a(stm32f4xx_rcc.o)
RCC_SAIBlockBCLKConfig                            ..\Libraries\libBSP.a(stm32f4xx_rcc.o)
RCC_SAIPLLI2SClkDivConfig                         ..\Libraries\libBSP.a(stm32f4xx_rcc.o)
RCC_SAIPLLSAIClkDivConfig                         ..\Libraries\libBSP.a(stm32f4xx_rcc.o)
RCC_SYSCLKConfig                                  ..\Libraries\libBSP.a(stm32f4xx_rcc.o)
RCC_TIMCLKPresConfig                              ..\Libraries\libBSP.a(stm32f4xx_rcc.o)
RCC_WaitForHSEStartUp                             ..\Libraries\libBSP.a(stm32f4xx_rcc.o)
RTC_Alarm_IRQHandler                              src\startup.o
RTC_WKUP_IRQHandler                               src\startup.o
Reset_Handler                                     src\startup.o
SDIO_IRQHandler                                   src\startup.o
SPI1_IRQHandler                                   src\startup.o
SPI2_IRQHandler                                   src\startup.o
SPI3_IRQHandler                                   src\startup.o
SVC_Handler                                       FreeRTOS\port.o
                                                  src\startup.o
SYSCFG_CompensationCellCmd                        ..\Libraries\libBSP.a(stm32f4xx_syscfg.o)
SYSCFG_DeInit                                     ..\Libraries\libBSP.a(stm32f4xx_syscfg.o)
SYSCFG_ETH_MediaInterfaceConfig                   ..\Libraries\libBSP.a(stm32f4xx_syscfg.o)
SYSCFG_EXTILineConfig                             ..\Libraries\libBSP.a(stm32f4xx_syscfg.o)
                                                  ..\Libraries\libBSP.a(can.o)
SYSCFG_GetCompensationCellStatus                  ..\Libraries\libBSP.a(stm32f4xx_syscfg.o)
SYSCFG_MemoryRemapConfig                          ..\Libraries\libBSP.a(stm32f4xx_syscfg.o)
SYSCFG_MemorySwappingBank                         ..\Libraries\libBSP.a(stm32f4xx_syscfg.o)
SysTick_CLKSourceConfig                           ..\Libraries\libBSP.a(misc.o)
SysTick_Handler                                   FreeRTOS\port.o
                                                  src\startup.o
SystemCoreClock                                   ..\Libraries\libBSP.a(system_stm32f4xx.o)
                                                  FreeRTOS\port.o
SystemCoreClockUpdate                             ..\Libraries\libBSP.a(system_stm32f4xx.o)
SystemInit                                        ..\Libraries\libBSP.a(system_stm32f4xx.o)
                                                  src\startup.o
TAMP_STAMP_IRQHandler                             src\startup.o
TIM1_BRK_TIM9_IRQHandler                          src\startup.o
TIM1_CC_IRQHandler                                src\startup.o
TIM1_TRG_COM_TIM11_IRQHandler                     src\startup.o
TIM1_UP_TIM10_IRQHandler                          src\startup.o
TIM2_IRQHandler                                   src\startup.o
TIM3_IRQHandler                                   src\startup.o
TIM4_IRQHandler                                   src\startup.o
TIM5_IRQHandler                                   src\startup.o
TIM6_DAC_IRQHandler                               src\startup.o
TIM7_IRQHandler                                   src\startup.o
TIM8_BRK_TIM12_IRQHandler                         src\startup.o
TIM8_CC_IRQHandler                                src\startup.o
TIM8_TRG_COM_TIM14_IRQHandler                     src\startup.o
TIM8_UP_TIM13_IRQHandler                          src\startup.o
UART4_IRQHandler                                  src\startup.o
UART5_IRQHandler                                  src\startup.o
USART1_IRQHandler                                 src\startup.o
USART2_IRQHandler                                 src\startup.o
USART3_IRQHandler                                 src\startup.o
USART6_IRQHandler                                 src\startup.o
USART_ClearFlag                                   ..\Libraries\libBSP.a(stm32f4xx_usart.o)
USART_ClearITPendingBit                           ..\Libraries\libBSP.a(stm32f4xx_usart.o)
USART_ClockInit                                   ..\Libraries\libBSP.a(stm32f4xx_usart.o)
                                                  ..\Libraries\libBSP.a(uart.o)
USART_ClockStructInit                             ..\Libraries\libBSP.a(stm32f4xx_usart.o)
                                                  ..\Libraries\libBSP.a(uart.o)
USART_Cmd                                         ..\Libraries\libBSP.a(stm32f4xx_usart.o)
                                                  ..\Libraries\libBSP.a(uart.o)
USART_DMACmd                                      ..\Libraries\libBSP.a(stm32f4xx_usart.o)
USART_DeInit                                      ..\Libraries\libBSP.a(stm32f4xx_usart.o)
                                                  ..\Libraries\libBSP.a(uart.o)
USART_GetFlagStatus                               ..\Libraries\libBSP.a(stm32f4xx_usart.o)
                                                  ..\Libraries\libBSP.a(uart.o)
                                                  src\syscalls.o
USART_GetITStatus                                 ..\Libraries\libBSP.a(stm32f4xx_usart.o)
USART_HalfDuplexCmd                               ..\Libraries\libBSP.a(stm32f4xx_usart.o)
USART_ITConfig                                    ..\Libraries\libBSP.a(stm32f4xx_usart.o)
USART_Init                                        ..\Libraries\libBSP.a(stm32f4xx_usart.o)
                                                  ..\Libraries\libBSP.a(uart.o)
USART_IrDACmd                                     ..\Libraries\libBSP.a(stm32f4xx_usart.o)
USART_IrDAConfig                                  ..\Libraries\libBSP.a(stm32f4xx_usart.o)
USART_LINBreakDetectLengthConfig                  ..\Libraries\libBSP.a(stm32f4xx_usart.o)
USART_LINCmd                                      ..\Libraries\libBSP.a(stm32f4xx_usart.o)
USART_OneBitMethodCmd                             ..\Libraries\libBSP.a(stm32f4xx_usart.o)
USART_OverSampling8Cmd                            ..\Libraries\libBSP.a(stm32f4xx_usart.o)
USART_ReceiveData                                 ..\Libraries\libBSP.a(stm32f4xx_usart.o)
                                                  ..\Libraries\libBSP.a(uart.o)
                                                  src\syscalls.o
USART_ReceiverWakeUpCmd                           ..\Libraries\libBSP.a(stm32f4xx_usart.o)
USART_SendBreak                                   ..\Libraries\libBSP.a(stm32f4xx_usart.o)
USART_SendData                                    ..\Libraries\libBSP.a(stm32f4xx_usart.o)
                                                  ..\Libraries\libBSP.a(uart.o)
                                                  src\syscalls.o
USART_SetAddress                                  ..\Libraries\libBSP.a(stm32f4xx_usart.o)
USART_SetGuardTime                                ..\Libraries\libBSP.a(stm32f4xx_usart.o)
USART_SetPrescaler                                ..\Libraries\libBSP.a(stm32f4xx_usart.o)
USART_SmartCardCmd                                ..\Libraries\libBSP.a(stm32f4xx_usart.o)
USART_SmartCardNACKCmd                            ..\Libraries\libBSP.a(stm32f4xx_usart.o)
USART_StructInit                                  ..\Libraries\libBSP.a(stm32f4xx_usart.o)
                                                  src\main.o
USART_WakeUpConfig                                ..\Libraries\libBSP.a(stm32f4xx_usart.o)
UsageFault_Handler                                src\stm32f4xx_it.o
WWDG_IRQHandler                                   src\startup.o
_Min_Heap_Size                                    src\syscalls.o
__deregister_frame_info                           c:/apps/atollic/truestudio for arm pro 5.3.0/armtools/bin/../lib/gcc/arm-atollic-eabi/4.8.3/armv7e-m/softfp/crtbegin.o
__dso_handle                                      c:/apps/atollic/truestudio for arm pro 5.3.0/armtools/bin/../lib/gcc/arm-atollic-eabi/4.8.3/armv7e-m/softfp/crtbegin.o
__env                                             src\syscalls.o
__init_array_end                                  c:/apps/atollic/truestudio for arm pro 5.3.0/armtools/bin/../lib/gcc/arm-atollic-eabi/4.8.3/../../../../arm-atollic-eabi/lib/armv7e-m/softfp\libc_s.a(lib_a-init.o)
__init_array_start                                c:/apps/atollic/truestudio for arm pro 5.3.0/armtools/bin/../lib/gcc/arm-atollic-eabi/4.8.3/../../../../arm-atollic-eabi/lib/armv7e-m/softfp\libc_s.a(lib_a-init.o)
__libc_init_array                                 c:/apps/atollic/truestudio for arm pro 5.3.0/armtools/bin/../lib/gcc/arm-atollic-eabi/4.8.3/../../../../arm-atollic-eabi/lib/armv7e-m/softfp\libc_s.a(lib_a-init.o)
                                                  src\startup.o
__malloc_free_list                                c:/apps/atollic/truestudio for arm pro 5.3.0/armtools/bin/../lib/gcc/arm-atollic-eabi/4.8.3/../../../../arm-atollic-eabi/lib/armv7e-m/softfp\libc_s.a(lib_a-nano-mallocr.o)
                                                  c:/apps/atollic/truestudio for arm pro 5.3.0/armtools/bin/../lib/gcc/arm-atollic-eabi/4.8.3/../../../../arm-atollic-eabi/lib/armv7e-m/softfp\libc_s.a(lib_a-nano-freer.o)
__malloc_sbrk_start                               c:/apps/atollic/truestudio for arm pro 5.3.0/armtools/bin/../lib/gcc/arm-atollic-eabi/4.8.3/../../../../arm-atollic-eabi/lib/armv7e-m/softfp\libc_s.a(lib_a-nano-mallocr.o)
__preinit_array_end                               c:/apps/atollic/truestudio for arm pro 5.3.0/armtools/bin/../lib/gcc/arm-atollic-eabi/4.8.3/../../../../arm-atollic-eabi/lib/armv7e-m/softfp\libc_s.a(lib_a-init.o)
__preinit_array_start                             c:/apps/atollic/truestudio for arm pro 5.3.0/armtools/bin/../lib/gcc/arm-atollic-eabi/4.8.3/../../../../arm-atollic-eabi/lib/armv7e-m/softfp\libc_s.a(lib_a-init.o)
__register_frame_info                             c:/apps/atollic/truestudio for arm pro 5.3.0/armtools/bin/../lib/gcc/arm-atollic-eabi/4.8.3/armv7e-m/softfp/crtbegin.o
__sf_fake_stderr                                  c:/apps/atollic/truestudio for arm pro 5.3.0/armtools/bin/../lib/gcc/arm-atollic-eabi/4.8.3/../../../../arm-atollic-eabi/lib/armv7e-m/softfp\libc_s.a(lib_a-impure.o)
__sf_fake_stdin                                   c:/apps/atollic/truestudio for arm pro 5.3.0/armtools/bin/../lib/gcc/arm-atollic-eabi/4.8.3/../../../../arm-atollic-eabi/lib/armv7e-m/softfp\libc_s.a(lib_a-impure.o)
__sf_fake_stdout                                  c:/apps/atollic/truestudio for arm pro 5.3.0/armtools/bin/../lib/gcc/arm-atollic-eabi/4.8.3/../../../../arm-atollic-eabi/lib/armv7e-m/softfp\libc_s.a(lib_a-impure.o)
_close                                            src\syscalls.o
_ebss                                             src\startup.o
_edata                                            src\startup.o
_estack                                           src\startup.o
_execve                                           src\syscalls.o
_exit                                             src\syscalls.o
_fini                                             c:/apps/atollic/truestudio for arm pro 5.3.0/armtools/bin/../lib/gcc/arm-atollic-eabi/4.8.3/armv7e-m/softfp/crti.o
_fork                                             src\syscalls.o
_free_r                                           c:/apps/atollic/truestudio for arm pro 5.3.0/armtools/bin/../lib/gcc/arm-atollic-eabi/4.8.3/../../../../arm-atollic-eabi/lib/armv7e-m/softfp\libc_s.a(lib_a-nano-freer.o)
                                                  c:/apps/atollic/truestudio for arm pro 5.3.0/armtools/bin/../lib/gcc/arm-atollic-eabi/4.8.3/../../../../arm-atollic-eabi/lib/armv7e-m/softfp\libc_s.a(lib_a-reent.o)
_fstat                                            src\syscalls.o
_getpid                                           src\syscalls.o
_global_impure_ptr                                c:/apps/atollic/truestudio for arm pro 5.3.0/armtools/bin/../lib/gcc/arm-atollic-eabi/4.8.3/../../../../arm-atollic-eabi/lib/armv7e-m/softfp\libc_s.a(lib_a-impure.o)
_impure_ptr                                       c:/apps/atollic/truestudio for arm pro 5.3.0/armtools/bin/../lib/gcc/arm-atollic-eabi/4.8.3/../../../../arm-atollic-eabi/lib/armv7e-m/softfp\libc_s.a(lib_a-impure.o)
                                                  c:/apps/atollic/truestudio for arm pro 5.3.0/armtools/bin/../lib/gcc/arm-atollic-eabi/4.8.3/../../../../arm-atollic-eabi/lib/armv7e-m/softfp\libc_s.a(lib_a-reent.o)
_init                                             c:/apps/atollic/truestudio for arm pro 5.3.0/armtools/bin/../lib/gcc/arm-atollic-eabi/4.8.3/armv7e-m/softfp/crti.o
                                                  c:/apps/atollic/truestudio for arm pro 5.3.0/armtools/bin/../lib/gcc/arm-atollic-eabi/4.8.3/../../../../arm-atollic-eabi/lib/armv7e-m/softfp\libc_s.a(lib_a-init.o)
_isatty                                           src\syscalls.o
_kill                                             src\syscalls.o
_link                                             src\syscalls.o
_lseek                                            src\syscalls.o
_malloc_r                                         c:/apps/atollic/truestudio for arm pro 5.3.0/armtools/bin/../lib/gcc/arm-atollic-eabi/4.8.3/../../../../arm-atollic-eabi/lib/armv7e-m/softfp\libc_s.a(lib_a-nano-mallocr.o)
_open                                             src\syscalls.o
_read                                             src\syscalls.o
_reclaim_reent                                    c:/apps/atollic/truestudio for arm pro 5.3.0/armtools/bin/../lib/gcc/arm-atollic-eabi/4.8.3/../../../../arm-atollic-eabi/lib/armv7e-m/softfp\libc_s.a(lib_a-reent.o)
_sbrk                                             src\syscalls.o
                                                  c:/apps/atollic/truestudio for arm pro 5.3.0/armtools/bin/../lib/gcc/arm-atollic-eabi/4.8.3/../../../../arm-atollic-eabi/lib/armv7e-m/softfp\libc_s.a(lib_a-sbrkr.o)
_sbrk_r                                           c:/apps/atollic/truestudio for arm pro 5.3.0/armtools/bin/../lib/gcc/arm-atollic-eabi/4.8.3/../../../../arm-atollic-eabi/lib/armv7e-m/softfp\libc_s.a(lib_a-sbrkr.o)
                                                  c:/apps/atollic/truestudio for arm pro 5.3.0/armtools/bin/../lib/gcc/arm-atollic-eabi/4.8.3/../../../../arm-atollic-eabi/lib/armv7e-m/softfp\libc_s.a(lib_a-nano-mallocr.o)
_sbss                                             src\startup.o
_sdata                                            src\startup.o
_sidata                                           src\startup.o
_stat                                             src\syscalls.o
_times                                            src\syscalls.o
_unlink                                           src\syscalls.o
_wait                                             src\syscalls.o
_write                                            src\syscalls.o
                                                  src\tiny_printf.o
cleanup_glue                                      c:/apps/atollic/truestudio for arm pro 5.3.0/armtools/bin/../lib/gcc/arm-atollic-eabi/4.8.3/../../../../arm-atollic-eabi/lib/armv7e-m/softfp\libc_s.a(lib_a-reent.o)
eMemCreateMemoryPool                              FreeRTOS\memPoolService.o
eMemGiveBlock                                     FreeRTOS\memPoolService.o
eMemGiveBlockFromISR                              FreeRTOS\memPoolService.o
eMemTakeBlock                                     FreeRTOS\memPoolService.o
eMemTakeBlockFromISR                              FreeRTOS\memPoolService.o
eMemTakeBlockWithTimeout                          FreeRTOS\memPoolService.o
end                                               src\syscalls.o
environ                                           src\syscalls.o
errno                                             c:/apps/atollic/truestudio for arm pro 5.3.0/armtools/bin/../lib/gcc/arm-atollic-eabi/4.8.3/../../../../arm-atollic-eabi/lib/armv7e-m/softfp\libc_s.a(lib_a-sbrkr.o)
                                                  c:/apps/atollic/truestudio for arm pro 5.3.0/armtools/bin/../lib/gcc/arm-atollic-eabi/4.8.3/../../../../arm-atollic-eabi/lib/armv7e-m/softfp\libc_s.a(lib_a-reent.o)
                                                  src\syscalls.o
ff_cre_syncobj                                    FreeRTOS\sync.o
ff_del_syncobj                                    FreeRTOS\sync.o
ff_rel_grant                                      FreeRTOS\sync.o
ff_req_grant                                      FreeRTOS\sync.o
fiprintf                                          src\tiny_printf.o
fprintf                                           src\tiny_printf.o
fputs                                             src\tiny_printf.o
fwrite                                            src\tiny_printf.o
g_pfnVectors                                      src\startup.o
initialise_monitor_handles                        src\syscalls.o
iprintf                                           src\tiny_printf.o
main                                              src\main.o
                                                  src\startup.o
memcmp                                            c:/apps/atollic/truestudio for arm pro 5.3.0/armtools/bin/../lib/gcc/arm-atollic-eabi/4.8.3/../../../../arm-atollic-eabi/lib/armv7e-m/softfp\libc_s.a(lib_a-memcmp.o)
                                                  FreeRTOS\tasks.o
memcpy                                            c:/apps/atollic/truestudio for arm pro 5.3.0/armtools/bin/../lib/gcc/arm-atollic-eabi/4.8.3/../../../../arm-atollic-eabi/lib/armv7e-m/softfp\libc_s.a(lib_a-memcpy-stub.o)
                                                  ..\Libraries\libBSP.a(carme.o)
                                                  FreeRTOS\queue.o
memset                                            c:/apps/atollic/truestudio for arm pro 5.3.0/armtools/bin/../lib/gcc/arm-atollic-eabi/4.8.3/../../../../arm-atollic-eabi/lib/armv7e-m/softfp\libc_s.a(lib_a-memset.o)
                                                  ..\Libraries\libBSP.a(can.o)
                                                  FreeRTOS\tasks.o
pcTaskGetTaskName                                 FreeRTOS\tasks.o
pcTimerGetTimerName                               FreeRTOS\timers.o
printf                                            src\tiny_printf.o
                                                  src\main.o
puts                                              src\tiny_printf.o
                                                  src\main.o
pvPortMalloc                                      FreeRTOS\heap_4.o
                                                  FreeRTOS\croutine.o
                                                  FreeRTOS\event_groups.o
                                                  FreeRTOS\queue.o
                                                  FreeRTOS\tasks.o
                                                  FreeRTOS\timers.o
pvTaskIncrementMutexHeldCount                     FreeRTOS\tasks.o
                                                  FreeRTOS\queue.o
pvTimerGetTimerID                                 FreeRTOS\timers.o
pxCurrentCoRoutine                                FreeRTOS\croutine.o
pxCurrentTCB                                      FreeRTOS\tasks.o
                                                  FreeRTOS\port.o
pxPortInitialiseStack                             FreeRTOS\port.o
                                                  FreeRTOS\tasks.o
siprintf                                          src\tiny_printf.o
sprintf                                           src\tiny_printf.o
strlen                                            c:/apps/atollic/truestudio for arm pro 5.3.0/armtools/bin/../lib/gcc/arm-atollic-eabi/4.8.3/../../../../arm-atollic-eabi/lib/armv7e-m/softfp\libc_s.a(lib_a-strlen.o)
                                                  src\tiny_printf.o
ts_formatlength                                   src\tiny_printf.o
ts_formatstring                                   src\tiny_printf.o
ts_itoa                                           src\tiny_printf.o
ucQueueGetQueueType                               FreeRTOS\queue.o
ulTaskNotifyTake                                  FreeRTOS\tasks.o
uxEventGroupGetNumber                             FreeRTOS\event_groups.o
uxListRemove                                      FreeRTOS\list.o
                                                  FreeRTOS\croutine.o
                                                  FreeRTOS\tasks.o
                                                  FreeRTOS\timers.o
uxQueueGetQueueNumber                             FreeRTOS\queue.o
uxQueueMessagesWaiting                            FreeRTOS\queue.o
uxQueueMessagesWaitingFromISR                     FreeRTOS\queue.o
uxQueueSpacesAvailable                            FreeRTOS\queue.o
uxTaskGetNumberOfTasks                            FreeRTOS\tasks.o
uxTaskGetStackHighWaterMark                       FreeRTOS\tasks.o
uxTaskGetSystemState                              FreeRTOS\tasks.o
uxTaskGetTaskNumber                               FreeRTOS\tasks.o
uxTaskPriorityGet                                 FreeRTOS\tasks.o
uxTaskPriorityGetFromISR                          FreeRTOS\tasks.o
uxTaskResetEventItemValue                         FreeRTOS\tasks.o
                                                  FreeRTOS\event_groups.o
vApplicationMallocFailedHook                      src\startup.o
                                                  FreeRTOS\heap_4.o
vApplicationStackOverflowHook                     src\startup.o
                                                  FreeRTOS\tasks.o
vCoRoutineAddToDelayedList                        FreeRTOS\croutine.o
vCoRoutineSchedule                                FreeRTOS\croutine.o
vEventGroupClearBitsCallback                      FreeRTOS\event_groups.o
vEventGroupDelete                                 FreeRTOS\event_groups.o
vEventGroupSetBitsCallback                        FreeRTOS\event_groups.o
vListInitialise                                   FreeRTOS\list.o
                                                  FreeRTOS\croutine.o
                                                  FreeRTOS\event_groups.o
                                                  FreeRTOS\queue.o
                                                  FreeRTOS\tasks.o
                                                  FreeRTOS\timers.o
vListInitialiseItem                               FreeRTOS\list.o
                                                  FreeRTOS\croutine.o
                                                  FreeRTOS\tasks.o
                                                  FreeRTOS\timers.o
vListInsert                                       FreeRTOS\list.o
                                                  FreeRTOS\croutine.o
                                                  FreeRTOS\tasks.o
                                                  FreeRTOS\timers.o
vListInsertEnd                                    FreeRTOS\list.o
                                                  FreeRTOS\croutine.o
                                                  FreeRTOS\tasks.o
vPortEndScheduler                                 FreeRTOS\port.o
                                                  FreeRTOS\tasks.o
vPortEnterCritical                                FreeRTOS\port.o
                                                  FreeRTOS\event_groups.o
                                                  FreeRTOS\memPoolService.o
                                                  FreeRTOS\queue.o
                                                  FreeRTOS\tasks.o
                                                  FreeRTOS\timers.o
vPortExitCritical                                 FreeRTOS\port.o
                                                  FreeRTOS\event_groups.o
                                                  FreeRTOS\memPoolService.o
                                                  FreeRTOS\queue.o
                                                  FreeRTOS\tasks.o
                                                  FreeRTOS\timers.o
vPortFree                                         FreeRTOS\heap_4.o
                                                  FreeRTOS\event_groups.o
                                                  FreeRTOS\queue.o
                                                  FreeRTOS\tasks.o
                                                  FreeRTOS\timers.o
vPortInitialiseBlocks                             FreeRTOS\heap_4.o
vPortSetupTimerInterrupt                          FreeRTOS\port.o
vPortValidateInterruptPriority                    FreeRTOS\port.o
                                                  FreeRTOS\queue.o
                                                  FreeRTOS\tasks.o
vQueueAddToRegistry                               FreeRTOS\queue.o
                                                  FreeRTOS\timers.o
vQueueDelete                                      FreeRTOS\queue.o
                                                  FreeRTOS\sync.o
vQueueSetQueueNumber                              FreeRTOS\queue.o
vQueueUnregisterQueue                             FreeRTOS\queue.o
vQueueWaitForMessageRestricted                    FreeRTOS\queue.o
                                                  FreeRTOS\timers.o
vTaskDelay                                        FreeRTOS\tasks.o
                                                  src\main.o