Archive member included to satisfy reference by file (symbol)

c:/apps/atollic/truestudio for arm 5.5.1/armtools/bin/../lib/gcc/arm-atollic-eabi/5.3.1/../../../../arm-atollic-eabi/lib/armv7e-m/softfp\libc_nano.a(lib_a-init.o)
                              src\startup.o (__libc_init_array)
c:/apps/atollic/truestudio for arm 5.5.1/armtools/bin/../lib/gcc/arm-atollic-eabi/5.3.1/../../../../arm-atollic-eabi/lib/armv7e-m/softfp\libc_nano.a(lib_a-reent.o)
                              src\syscalls.o (errno)
c:/apps/atollic/truestudio for arm 5.5.1/armtools/bin/../lib/gcc/arm-atollic-eabi/5.3.1/../../../../arm-atollic-eabi/lib/armv7e-m/softfp\libc_nano.a(lib_a-strlen.o)
                              src\tiny_printf.o (strlen)
c:/apps/atollic/truestudio for arm 5.5.1/armtools/bin/../lib/gcc/arm-atollic-eabi/5.3.1/../../../../arm-atollic-eabi/lib/armv7e-m/softfp\libc_nano.a(lib_a-impure.o)
                              c:/apps/atollic/truestudio for arm 5.5.1/armtools/bin/../lib/gcc/arm-atollic-eabi/5.3.1/../../../../arm-atollic-eabi/lib/armv7e-m/softfp\libc_nano.a(lib_a-reent.o) (_impure_ptr)
c:/apps/atollic/truestudio for arm 5.5.1/armtools/bin/../lib/gcc/arm-atollic-eabi/5.3.1/../../../../arm-atollic-eabi/lib/armv7e-m/softfp\libc_nano.a(lib_a-nano-freer.o)
                              c:/apps/atollic/truestudio for arm 5.5.1/armtools/bin/../lib/gcc/arm-atollic-eabi/5.3.1/../../../../arm-atollic-eabi/lib/armv7e-m/softfp\libc_nano.a(lib_a-reent.o) (_free_r)
c:/apps/atollic/truestudio for arm 5.5.1/armtools/bin/../lib/gcc/arm-atollic-eabi/5.3.1/../../../../arm-atollic-eabi/lib/armv7e-m/softfp\libc_nano.a(lib_a-nano-mallocr.o)
                              c:/apps/atollic/truestudio for arm 5.5.1/armtools/bin/../lib/gcc/arm-atollic-eabi/5.3.1/../../../../arm-atollic-eabi/lib/armv7e-m/softfp\libc_nano.a(lib_a-nano-freer.o) (__malloc_free_list)
c:/apps/atollic/truestudio for arm 5.5.1/armtools/bin/../lib/gcc/arm-atollic-eabi/5.3.1/../../../../arm-atollic-eabi/lib/armv7e-m/softfp\libc_nano.a(lib_a-sbrkr.o)
                              c:/apps/atollic/truestudio for arm 5.5.1/armtools/bin/../lib/gcc/arm-atollic-eabi/5.3.1/../../../../arm-atollic-eabi/lib/armv7e-m/softfp\libc_nano.a(lib_a-nano-mallocr.o) (_sbrk_r)
c:/apps/atollic/truestudio for arm 5.5.1/armtools/bin/../lib/gcc/arm-atollic-eabi/5.3.1/../../../../arm-atollic-eabi/lib/armv7e-m/softfp\libc_nano.a(lib_a-mlock.o)
                              c:/apps/atollic/truestudio for arm 5.5.1/armtools/bin/../lib/gcc/arm-atollic-eabi/5.3.1/../../../../arm-atollic-eabi/lib/armv7e-m/softfp\libc_nano.a(lib_a-nano-freer.o) (__malloc_lock)
..\Libraries\libBSP.a(can.o)  src\stm32f4xx_it.o (CARME_CAN_Interrupt_Handler)
..\Libraries\libBSP.a(carme.o)
                              src\startup.o (CARME_Init)
..\Libraries\libBSP.a(carme_io1.o)
                              src\main.o (CARME_IO1_Init)
..\Libraries\libBSP.a(carme_io2.o)
                              src\main.o (CARME_IO2_Init)
..\Libraries\libBSP.a(ssd1963.o)
                              src\main.o (SSD1963_Init)
..\Libraries\libBSP.a(ssd1963_lld.o)
                              ..\Libraries\libBSP.a(ssd1963.o) (SSD1963_LLD_Init)
..\Libraries\libBSP.a(system_stm32f4xx.o)
                              src\startup.o (SystemInit)
..\Libraries\libBSP.a(uart.o)
                              src\main.o (CARME_UART_Init)
..\Libraries\libBSP.a(misc.o)
                              src\main.o (NVIC_PriorityGroupConfig)
..\Libraries\libBSP.a(stm32f4xx_adc.o)
                              ..\Libraries\libBSP.a(carme_io2.o) (ADC_DeInit)
..\Libraries\libBSP.a(stm32f4xx_exti.o)
                              ..\Libraries\libBSP.a(can.o) (EXTI_Init)
..\Libraries\libBSP.a(stm32f4xx_fsmc.o)
                              ..\Libraries\libBSP.a(carme.o) (FSMC_NORSRAMDeInit)
..\Libraries\libBSP.a(stm32f4xx_gpio.o)
                              ..\Libraries\libBSP.a(carme.o) (GPIO_DeInit)
..\Libraries\libBSP.a(stm32f4xx_rcc.o)
                              ..\Libraries\libBSP.a(carme.o) (RCC_AHB1PeriphClockCmd)
..\Libraries\libBSP.a(stm32f4xx_spi.o)
                              ..\Libraries\libBSP.a(carme_io2.o) (SPI_I2S_DeInit)
..\Libraries\libBSP.a(stm32f4xx_syscfg.o)
                              ..\Libraries\libBSP.a(can.o) (SYSCFG_EXTILineConfig)
..\Libraries\libBSP.a(stm32f4xx_tim.o)
                              ..\Libraries\libBSP.a(carme_io2.o) (TIM_DeInit)
..\Libraries\libBSP.a(stm32f4xx_usart.o)
                              ..\Libraries\libBSP.a(uart.o) (USART_DeInit)
..\Libraries\libsGUI.a(font.o)
                              src\main.o (font_8x13)
..\Libraries\libsGUI.a(text.o)
                              src\main.o (LCD_SetFont)
..\Libraries\libsGUI.a(geometry.o)
                              ..\Libraries\libsGUI.a(text.o) (LCD_DrawRectF)
..\Libraries\libFreeRTOS.a(tasks.o)
                              src\main.o (xTaskCreate)
..\Libraries\libFreeRTOS.a(timers.o)
[...]
Memory Configuration

Name             Origin             Length             Attributes
FLASH            0x08000000         0x00100000         xr
RAM              0x20000000         0x00020000         xrw
MEMORY_B1        0x60000000         0x00000000         xr
CCMRAM           0x10000000         0x00010000         rw
*default*        0x00000000         0xffffffff

Linker script and memory map

LOAD c:/apps/atollic/truestudio for arm 5.5.1/armtools/bin/../lib/gcc/arm-atollic-eabi/5.3.1/armv7e-m/softfp/crti.o
LOAD c:/apps/atollic/truestudio for arm 5.5.1/armtools/bin/../lib/gcc/arm-atollic-eabi/5.3.1/armv7e-m/softfp/crtbegin.o
LOAD src\tiny_printf.o
LOAD src\syscalls.o
LOAD src\stm32f4xx_it.o
LOAD src\startup.o
LOAD src\main.o
START GROUP
LOAD c:/apps/atollic/truestudio for arm 5.5.1/armtools/bin/../lib/gcc/arm-atollic-eabi/5.3.1/../../../../arm-atollic-eabi/lib/armv7e-m/softfp\libc_nano.a
LOAD c:/apps/atollic/truestudio for arm 5.5.1/armtools/bin/../lib/gcc/arm-atollic-eabi/5.3.1/../../../../arm-atollic-eabi/lib/armv7e-m/softfp\libm.a
END GROUP
                0x00000080                malloc_getpagesize_P = 0x80
START GROUP
LOAD c:/apps/atollic/truestudio for arm 5.5.1/armtools/bin/../lib/gcc/arm-atollic-eabi/5.3.1/armv7e-m/softfp\libgcc.a
LOAD c:/apps/atollic/truestudio for arm 5.5.1/armtools/bin/../lib/gcc/arm-atollic-eabi/5.3.1/../../../../arm-atollic-eabi/lib/armv7e-m/softfp\libc_nano.a
END GROUP
START GROUP
LOAD c:/apps/atollic/truestudio for arm 5.5.1/armtools/bin/../lib/gcc/arm-atollic-eabi/5.3.1/armv7e-m/softfp\libgcc.a
LOAD c:/apps/atollic/truestudio for arm 5.5.1/armtools/bin/../lib/gcc/arm-atollic-eabi/5.3.1/../../../../arm-atollic-eabi/lib/armv7e-m/softfp\libc_nano.a
LOAD c:/apps/atollic/truestudio for arm 5.5.1/armtools/bin/../lib/gcc/arm-atollic-eabi/5.3.1/../../../../arm-atollic-eabi/lib/armv7e-m/softfp\libnosys.a
END GROUP
START GROUP
LOAD c:/apps/atollic/truestudio for arm 5.5.1/armtools/bin/../lib/gcc/arm-atollic-eabi/5.3.1/armv7e-m/softfp\libgcc.a
LOAD c:/apps/atollic/truestudio for arm 5.5.1/armtools/bin/../lib/gcc/arm-atollic-eabi/5.3.1/../../../../arm-atollic-eabi/lib/armv7e-m/softfp\libc_nano.a
LOAD c:/apps/atollic/truestudio for arm 5.5.1/armtools/bin/../lib/gcc/arm-atollic-eabi/5.3.1/../../../../arm-atollic-eabi/lib/armv7e-m/softfp\libnosys.a
END GROUP
LOAD c:/apps/atollic/truestudio for arm 5.5.1/armtools/bin/../lib/gcc/arm-atollic-eabi/5.3.1/armv7e-m/softfp/crtend.o
LOAD c:/apps/atollic/truestudio for arm 5.5.1/armtools/bin/../lib/gcc/arm-atollic-eabi/5.3.1/armv7e-m/softfp/crtn.o
LOAD ..\Libraries\libBSP.a
LOAD ..\Libraries\libsGUI.a
LOAD ..\Libraries\libFreeRTOS.a
                0x20020000                _estack = 0x20020000
                0x00001000                _Min_Heap_Size = 0x1000
                0x00001000                _Min_Stack_Size = 0x1000

.isr_vector     0x08000000      0x188
                0x08000000                . = ALIGN (0x4)
 *(.isr_vector)
 .isr_vector    0x08000000      0x188 src\startup.o
                0x08000000                g_pfnVectors
                0x08000188                . = ALIGN (0x4)

.text           0x08000188     0x4f48
                0x08000188                . = ALIGN (0x4)
 *(.text)
 .text          0x08000188       0x40 c:/apps/atollic/truestudio for arm 5.5.1/armtools/bin/../lib/gcc/arm-atollic-eabi/5.3.1/armv7e-m/softfp/crtbegin.o
 .text          0x080001c8       0x30 c:/apps/atollic/truestudio for arm 5.5.1/armtools/bin/../lib/gcc/arm-atollic-eabi/5.3.1/armv7e-m/softfp\libgcc.a(_aeabi_uldivmod.o)
                0x080001c8                __aeabi_uldivmod
 .text          0x080001f8      0x2e4 c:/apps/atollic/truestudio for arm 5.5.1/armtools/bin/../lib/gcc/arm-atollic-eabi/5.3.1/armv7e-m/softfp\libgcc.a(_udivmoddi4.o)
                0x080001f8                __udivmoddi4
 .text          0x080004dc        0x4 c:/apps/atollic/truestudio for arm 5.5.1/armtools/bin/../lib/gcc/arm-atollic-eabi/5.3.1/armv7e-m/softfp\libgcc.a(_dvmd_tls.o)
                0x080004dc                __aeabi_idiv0
                0x080004dc                __aeabi_ldiv0
 *(.text*)
 .text.ts_itoa  0x080004e0       0x94 src\tiny_printf.o
                0x080004e0                ts_itoa
 .text.ts_formatstring
                0x08000574      0x130 src\tiny_printf.o
                0x08000574                ts_formatstring
 .text.siprintf
                0x080006a4       0x2c src\tiny_printf.o
                0x080006a4                siprintf
                0x080006a4                sprintf
 .text.NMI_Handler
                0x080006d0       0x10 src\stm32f4xx_it.o
                0x080006d0                NMI_Handler
 .text.HardFault_Handler
                0x080006e0        0xc src\stm32f4xx_it.o
                0x080006e0                HardFault_Handler
 .text.MemManage_Handler
                0x080006ec        0x8 src\stm32f4xx_it.o
                0x080006ec                MemManage_Handler
 .text.BusFault_Handler
                0x080006f4        0xc src\stm32f4xx_it.o
                0x080006f4                BusFault_Handler
 .text.UsageFault_Handler
                0x08000700        0xc src\stm32f4xx_it.o
                0x08000700                UsageFault_Handler
 .text.DebugMon_Handler
                0x0800070c       0x10 src\stm32f4xx_it.o
                0x0800070c                DebugMon_Handler
 .text.EXTI9_5_IRQHandler
                0x0800071c       0x24 src\stm32f4xx_it.o
                0x0800071c                EXTI9_5_IRQHandler
 .text.Reset_Handler
                0x08000740       0x4c src\startup.o
                0x08000740                Reset_Handler
 .text.Default_Handler
                0x0800078c       0x74 src\startup.o
                0x08000794                RTC_Alarm_IRQHandler
                0x08000794                HASH_RNG_IRQHandler
                0x08000794                EXTI2_IRQHandler
                0x08000794                TIM8_CC_IRQHandler
                0x08000794                TIM1_CC_IRQHandler
                0x08000794                DMA2_Stream5_IRQHandler
                0x08000794                DMA1_Stream5_IRQHandler
                0x08000794                PVD_IRQHandler
                0x08000794                SDIO_IRQHandler
                0x08000794                TAMP_STAMP_IRQHandler
                0x08000794                CAN2_RX1_IRQHandler
                0x08000794                EXTI3_IRQHandler
                0x08000794                TIM8_TRG_COM_TIM14_IRQHandler
                0x08000794                TIM1_UP_TIM10_IRQHandler
                0x08000794                TIM8_UP_TIM13_IRQHandler
                0x08000794                I2C3_ER_IRQHandler
                0x08000794                EXTI0_IRQHandler
                0x08000794                I2C2_EV_IRQHandler
                0x08000794                DMA1_Stream2_IRQHandler
                0x08000794                CAN1_RX0_IRQHandler
                0x08000794                FPU_IRQHandler
                0x08000794                OTG_HS_WKUP_IRQHandler
                0x08000794                CAN2_SCE_IRQHandler
                0x08000794                DMA2_Stream2_IRQHandler
                0x08000794                SPI1_IRQHandler
                0x08000794                TIM6_DAC_IRQHandler
                0x08000794                TIM1_BRK_TIM9_IRQHandler
                0x08000794                DCMI_IRQHandler
                0x08000794                CAN2_RX0_IRQHandler
                0x08000794                DMA2_Stream3_IRQHandler
                0x08000794                USART6_IRQHandler
                0x08000794                USART3_IRQHandler
                0x08000794                CRYP_IRQHandler
                0x08000794                CAN1_RX1_IRQHandler
                0x08000794                UART5_IRQHandler
                0x08000794                DMA2_Stream0_IRQHandler
                0x08000794                vApplicationMallocFailedHook
                0x08000794                TIM4_IRQHandler
                0x08000794                I2C1_EV_IRQHandler
                0x08000794                DMA1_Stream6_IRQHandler
                0x08000794                DMA1_Stream1_IRQHandler
                0x08000794                UART4_IRQHandler
                0x08000794                TIM3_IRQHandler
                0x08000794                RCC_IRQHandler
                0x08000794                TIM8_BRK_TIM12_IRQHandler
                0x08000794                Default_Handler
                0x08000794                EXTI15_10_IRQHandler
                0x08000794                ADC_IRQHandler
                0x08000794                DMA1_Stream7_IRQHandler
                0x08000794                TIM7_IRQHandler
                0x08000794                CAN2_TX_IRQHandler
                0x08000794                TIM5_IRQHandler
                0x08000794                DMA2_Stream7_IRQHandler
                0x08000794                I2C3_EV_IRQHandler
                0x08000794                vApplicationStackOverflowHook
                0x08000794                RTC_WKUP_IRQHandler
                0x08000794                ETH_WKUP_IRQHandler
                0x08000794                SPI2_IRQHandler
                0x08000794                OTG_HS_EP1_IN_IRQHandler
                0x08000794                DMA1_Stream0_IRQHandler
                0x08000794                CAN1_TX_IRQHandler
                0x08000794                EXTI4_IRQHandler
                0x08000794                FSMC_IRQHandler
                0x08000794                ETH_IRQHandler
                0x08000794                OTG_HS_EP1_OUT_IRQHandler
                0x08000794                WWDG_IRQHandler
                0x08000794                TIM2_IRQHandler
                0x08000794                OTG_FS_WKUP_IRQHandler
                0x08000794                TIM1_TRG_COM_TIM11_IRQHandler
                0x08000794                OTG_HS_IRQHandler
                0x08000794                EXTI1_IRQHandler
                0x08000794                USART2_IRQHandler
                0x08000794                I2C2_ER_IRQHandler
                0x08000794                DMA2_Stream1_IRQHandler
                0x08000794                CAN1_SCE_IRQHandler
                0x08000794                FLASH_IRQHandler
                0x08000794                DMA2_Stream4_IRQHandler
                0x08000794                USART1_IRQHandler
                0x08000794                OTG_FS_IRQHandler
                0x08000794                SPI3_IRQHandler
                0x08000794                DMA1_Stream4_IRQHandler
                0x08000794                I2C1_ER_IRQHandler
                0x08000794                DMA2_Stream6_IRQHandler
                0x08000794                DMA1_Stream3_IRQHandler
 .text.LCD_Init
                0x08000800        0xc src\main.o
 .text.main     0x0800080c       0xac src\main.o
                0x0800080c                main
 .text.GetSwitchStatus
                0x080008b8       0x1c src\main.o
 .text.GetButtonStatus
                0x080008d4       0x1c src\main.o
 .text.ShowStatusLCD
                0x080008f0       0x8c src\main.o
 .text.__libc_init_array
                0x0800097c       0x4c c:/apps/atollic/truestudio for arm 5.5.1/armtools/bin/../lib/gcc/arm-atollic-eabi/5.3.1/../../../../arm-atollic-eabi/lib/armv7e-m/softfp\libc_nano.a(lib_a-init.o)
                0x0800097c                __libc_init_array
 .text.CARME_CAN_Read_Register
                0x080009c8       0x30 ..\Libraries\libBSP.a(can.o)
 .text.CARME_CAN_Interrupt_Handler
                0x080009f8       0xf8 ..\Libraries\libBSP.a(can.o)
                0x080009f8                CARME_CAN_Interrupt_Handler
 .text.CARME_Init
                0x08000af0       0xc0 ..\Libraries\libBSP.a(carme.o)
                0x08000af0                CARME_Init
 .text.CARME_FSMC_GPIO_Init
                0x08000bb0       0x54 ..\Libraries\libBSP.a(carme.o)
 .text.CARME_FSMC_Init
                0x08000c04      0x164 ..\Libraries\libBSP.a(carme.o)
 .text.CARME_AGPIO_Init
                0x08000d68       0x24 ..\Libraries\libBSP.a(carme.o)
 .text.CARME_GPIO_Init
                0x08000d8c      0x1f4 ..\Libraries\libBSP.a(carme.o)
                0x08000d8c                CARME_GPIO_Init
 .text.CARME_AGPIO_Get
                0x08000f80       0xcc ..\Libraries\libBSP.a(carme.o)
                0x08000f80                CARME_AGPIO_Get
 .text.CARME_AGPIO_GetMode
                0x0800104c      0x204 ..\Libraries\libBSP.a(carme.o)
 .text.CARME_IO1_Init
                0x08001250       0x24 ..\Libraries\libBSP.a(carme_io1.o)
                0x08001250                CARME_IO1_Init
 .text.CARME_IO1_LED_Set
                0x08001274       0x9c ..\Libraries\libBSP.a(carme_io1.o)
                0x08001274                CARME_IO1_LED_Set
 .text.CARME_IO1_SWITCH_Get
                0x08001310       0x24 ..\Libraries\libBSP.a(carme_io1.o)
                0x08001310                CARME_IO1_SWITCH_Get
 .text.CARME_IO1_BUTTON_Get
                0x08001334       0x90 ..\Libraries\libBSP.a(carme_io1.o)
                0x08001334                CARME_IO1_BUTTON_Get
 .text.CARME_IO2_Init
                0x080013c4      0x128 ..\Libraries\libBSP.a(carme_io2.o)
                0x080013c4                CARME_IO2_Init
 .text.CARME_IO2_SPI_CS_Out
                0x080014ec       0x20 ..\Libraries\libBSP.a(carme_io2.o)
                0x080014ec                CARME_IO2_SPI_CS_Out
 .text.SSD1963_WriteCommand
                0x0800150c       0x1c ..\Libraries\libBSP.a(ssd1963.o)
 .text.SSD1963_WriteData
                0x08001528       0x1c ..\Libraries\libBSP.a(ssd1963.o)
 .text.SSD1963_ReadData
                0x08001544       0x18 ..\Libraries\libBSP.a(ssd1963.o)
 .text.SSD1963_DisplayOn
                0x0800155c        0xc ..\Libraries\libBSP.a(ssd1963.o)
 .text.SSD1963_Delay
                0x08001568       0x34 ..\Libraries\libBSP.a(ssd1963.o)
 .text.SSD1963_Init
                0x0800159c      0x144 ..\Libraries\libBSP.a(ssd1963.o)
                0x0800159c                SSD1963_Init
 .text.SSD1963_SetArea
                0x080016e0       0x80 ..\Libraries\libBSP.a(ssd1963.o)
                0x080016e0                SSD1963_SetArea
 .text.SSD1963_FillArea
                0x08001760       0x58 ..\Libraries\libBSP.a(ssd1963.o)
                0x08001760                SSD1963_FillArea
 .text.SSD1963_WriteArea
                0x080017b8       0x5c ..\Libraries\libBSP.a(ssd1963.o)
                0x080017b8                SSD1963_WriteArea
 .text.SSD1963_GetDeviceDescriptorBlock
                0x08001814       0x38 ..\Libraries\libBSP.a(ssd1963.o)
                0x08001814                SSD1963_GetDeviceDescriptorBlock
 .text.SSD1963_LLD_Init
                0x0800184c       0x3c ..\Libraries\libBSP.a(ssd1963_lld.o)
                0x0800184c                SSD1963_LLD_Init
 .text.SystemInit
                0x08001888       0x68 ..\Libraries\libBSP.a(system_stm32f4xx.o)
                0x08001888                SystemInit
 .text.SetSysClock
                0x080018f0       0xf4 ..\Libraries\libBSP.a(system_stm32f4xx.o)
 .text.NVIC_PriorityGroupConfig
                0x080019e4       0x24 ..\Libraries\libBSP.a(misc.o)
                0x080019e4                NVIC_PriorityGroupConfig
 .text.ADC_DeInit
                0x08001a08       0x1c ..\Libraries\libBSP.a(stm32f4xx_adc.o)
                0x08001a08                ADC_DeInit
 .text.ADC_Init
                0x08001a24       0xa8 ..\Libraries\libBSP.a(stm32f4xx_adc.o)
                0x08001a24                ADC_Init
 .text.ADC_StructInit
                0x08001acc       0x3c ..\Libraries\libBSP.a(stm32f4xx_adc.o)
                0x08001acc                ADC_StructInit
 .text.ADC_CommonInit
                0x08001b08       0x50 ..\Libraries\libBSP.a(stm32f4xx_adc.o)
                0x08001b08                ADC_CommonInit
 .text.ADC_Cmd  0x08001b58       0x38 ..\Libraries\libBSP.a(stm32f4xx_adc.o)
                0x08001b58                ADC_Cmd
 .text.EXTI_GetITStatus
                0x08001b90       0x34 ..\Libraries\libBSP.a(stm32f4xx_exti.o)
                0x08001b90                EXTI_GetITStatus
 .text.EXTI_ClearITPendingBit
                0x08001bc4       0x1c ..\Libraries\libBSP.a(stm32f4xx_exti.o)
                0x08001bc4                EXTI_ClearITPendingBit
 .text.FSMC_NORSRAMDeInit
                0x08001be0       0x58 ..\Libraries\libBSP.a(stm32f4xx_fsmc.o)
                0x08001be0                FSMC_NORSRAMDeInit
 .text.FSMC_NORSRAMInit
                0x08001c38      0x134 ..\Libraries\libBSP.a(stm32f4xx_fsmc.o)
                0x08001c38                FSMC_NORSRAMInit
 .text.FSMC_NORSRAMCmd
                0x08001d6c       0x54 ..\Libraries\libBSP.a(stm32f4xx_fsmc.o)
                0x08001d6c                FSMC_NORSRAMCmd
 .text.GPIO_DeInit
                0x08001dc0      0x164 ..\Libraries\libBSP.a(stm32f4xx_gpio.o)
                0x08001dc0                GPIO_DeInit
 .text.GPIO_Init
                0x08001f24      0x11c ..\Libraries\libBSP.a(stm32f4xx_gpio.o)
                0x08001f24                GPIO_Init
 .text.GPIO_StructInit
                0x08002040       0x34 ..\Libraries\libBSP.a(stm32f4xx_gpio.o)
                0x08002040                GPIO_StructInit
 .text.GPIO_ReadInputDataBit
                0x08002074       0x34 ..\Libraries\libBSP.a(stm32f4xx_gpio.o)
                0x08002074                GPIO_ReadInputDataBit
 .text.GPIO_ReadOutputDataBit
                0x080020a8       0x34 ..\Libraries\libBSP.a(stm32f4xx_gpio.o)
                0x080020a8                GPIO_ReadOutputDataBit
 .text.GPIO_WriteBit
                0x080020dc       0x30 ..\Libraries\libBSP.a(stm32f4xx_gpio.o)
                0x080020dc                GPIO_WriteBit
 .text.GPIO_PinAFConfig
                0x0800210c       0x8c ..\Libraries\libBSP.a(stm32f4xx_gpio.o)
                0x0800210c                GPIO_PinAFConfig
 .text.RCC_AHB1PeriphClockCmd
                0x08002198       0x3c ..\Libraries\libBSP.a(stm32f4xx_rcc.o)
                0x08002198                RCC_AHB1PeriphClockCmd
 .text.RCC_AHB3PeriphClockCmd
                0x080021d4       0x3c ..\Libraries\libBSP.a(stm32f4xx_rcc.o)
                0x080021d4                RCC_AHB3PeriphClockCmd
 .text.RCC_APB1PeriphClockCmd
                0x08002210       0x3c ..\Libraries\libBSP.a(stm32f4xx_rcc.o)
                0x08002210                RCC_APB1PeriphClockCmd
 .text.RCC_APB2PeriphClockCmd
                0x0800224c       0x3c ..\Libraries\libBSP.a(stm32f4xx_rcc.o)
                0x0800224c                RCC_APB2PeriphClockCmd
 .text.RCC_AHB1PeriphResetCmd
                0x08002288       0x3c ..\Libraries\libBSP.a(stm32f4xx_rcc.o)
                0x08002288                RCC_AHB1PeriphResetCmd
 .text.RCC_APB1PeriphResetCmd
                0x080022c4       0x3c ..\Libraries\libBSP.a(stm32f4xx_rcc.o)
                0x080022c4                RCC_APB1PeriphResetCmd
 .text.RCC_APB2PeriphResetCmd
                0x08002300       0x3c ..\Libraries\libBSP.a(stm32f4xx_rcc.o)
                0x08002300                RCC_APB2PeriphResetCmd
 .text.SPI_I2S_DeInit
                0x0800233c       0xd8 ..\Libraries\libBSP.a(stm32f4xx_spi.o)
                0x0800233c                SPI_I2S_DeInit
 .text.SPI_Init
                0x08002414       0x88 ..\Libraries\libBSP.a(stm32f4xx_spi.o)
                0x08002414                SPI_Init
 .text.SPI_StructInit
                0x0800249c       0x48 ..\Libraries\libBSP.a(stm32f4xx_spi.o)
                0x0800249c                SPI_StructInit
 .text.SPI_Cmd  0x080024e4       0x40 ..\Libraries\libBSP.a(stm32f4xx_spi.o)
                0x080024e4                SPI_Cmd
 .text.LCD_WriteArea
                0x08002524       0x24 ..\Libraries\libsGUI.a(text.o)
 .text.LCD_DrawChar
                0x08002548      0x110 ..\Libraries\libsGUI.a(text.o)
 .text.LCD_SetFont
                0x08002658       0x1c ..\Libraries\libsGUI.a(text.o)
                0x08002658                LCD_SetFont
 .text.LCD_DisplayCharXY
                0x08002674       0x60 ..\Libraries\libsGUI.a(text.o)
                0x08002674                LCD_DisplayCharXY
 .text.LCD_DisplayStringXY
                0x080026d4       0x48 ..\Libraries\libsGUI.a(text.o)
                0x080026d4                LCD_DisplayStringXY
 .text.LCD_DisplayStringCenterLine
                0x0800271c       0xa0 ..\Libraries\libsGUI.a(text.o)
                0x0800271c                LCD_DisplayStringCenterLine
 .text.xTaskCreate
                0x080027bc       0x84 ..\Libraries\libFreeRTOS.a(tasks.o)
                0x080027bc                xTaskCreate
 .text.prvInitialiseNewTask
                0x08002840      0x108 ..\Libraries\libFreeRTOS.a(tasks.o)
 .text.prvAddNewTaskToReadyList
                0x08002948       0xdc ..\Libraries\libFreeRTOS.a(tasks.o)
 .text.vTaskDelay
                0x08002a24       0x64 ..\Libraries\libFreeRTOS.a(tasks.o)
                0x08002a24                vTaskDelay
 .text.vTaskStartScheduler
                0x08002a88       0x94 ..\Libraries\libFreeRTOS.a(tasks.o)
                0x08002a88                vTaskStartScheduler
 .text.vTaskSuspendAll
                0x08002b1c       0x1c ..\Libraries\libFreeRTOS.a(tasks.o)
                0x08002b1c                vTaskSuspendAll
 .text.xTaskResumeAll
                0x08002b38      0x138 ..\Libraries\libFreeRTOS.a(tasks.o)
                0x08002b38                xTaskResumeAll
 .text.xTaskGetTickCount
                0x08002c70       0x20 ..\Libraries\libFreeRTOS.a(tasks.o)
                0x08002c70                xTaskGetTickCount
 .text.xTaskIncrementTick
                0x08002c90      0x178 ..\Libraries\libFreeRTOS.a(tasks.o)
                0x08002c90                xTaskIncrementTick
 .text.vTaskSwitchContext
                0x08002e08       0xfc ..\Libraries\libFreeRTOS.a(tasks.o)
                0x08002e08                vTaskSwitchContext
 .text.vTaskPlaceOnEventList
                0x08002f04       0x44 ..\Libraries\libFreeRTOS.a(tasks.o)
                0x08002f04                vTaskPlaceOnEventList
 .text.vTaskPlaceOnEventListRestricted
                0x08002f48       0x54 ..\Libraries\libFreeRTOS.a(tasks.o)
                0x08002f48                vTaskPlaceOnEventListRestricted
 .text.xTaskRemoveFromEventList
                0x08002f9c       0xc4 ..\Libraries\libFreeRTOS.a(tasks.o)
                0x08002f9c                xTaskRemoveFromEventList
 .text.vTaskSetTimeOutState
                0x08003060       0x44 ..\Libraries\libFreeRTOS.a(tasks.o)
                0x08003060                vTaskSetTimeOutState
 .text.xTaskCheckForTimeOut
                0x080030a4       0xbc ..\Libraries\libFreeRTOS.a(tasks.o)
                0x080030a4                xTaskCheckForTimeOut
 .text.vTaskMissedYield
                0x08003160       0x18 ..\Libraries\libFreeRTOS.a(tasks.o)
                0x08003160                vTaskMissedYield
 .text.prvIdleTask
                0x08003178       0x30 ..\Libraries\libFreeRTOS.a(tasks.o)
 .text.prvInitialiseTaskLists
                0x080031a8       0x7c ..\Libraries\libFreeRTOS.a(tasks.o)
 .text.prvCheckTasksWaitingTermination
                0x08003224       0x74 ..\Libraries\libFreeRTOS.a(tasks.o)
 .text.prvDeleteTCB
                0x08003298       0x20 ..\Libraries\libFreeRTOS.a(tasks.o)
 .text.prvResetNextTaskUnblockTime
                0x080032b8       0x48 ..\Libraries\libFreeRTOS.a(tasks.o)
 .text.xTaskGetSchedulerState
                0x08003300       0x3c ..\Libraries\libFreeRTOS.a(tasks.o)
                0x08003300                xTaskGetSchedulerState
 .text.vTaskPriorityInherit
                0x0800333c       0xec ..\Libraries\libFreeRTOS.a(tasks.o)
                0x0800333c                vTaskPriorityInherit
 .text.xTaskPriorityDisinherit
                0x08003428      0x108 ..\Libraries\libFreeRTOS.a(tasks.o)
                0x08003428                xTaskPriorityDisinherit
 .text.pvTaskIncrementMutexHeldCount
                0x08003530       0x28 ..\Libraries\libFreeRTOS.a(tasks.o)
                0x08003530                pvTaskIncrementMutexHeldCount
 .text.prvAddCurrentTaskToDelayedList
                0x08003558       0xc8 ..\Libraries\libFreeRTOS.a(tasks.o)
 .text.xTimerCreateTimerTask
                0x08003620       0x64 ..\Libraries\libFreeRTOS.a(timers.o)
                0x08003620                xTimerCreateTimerTask
 .text.xTimerGenericCommand
                0x08003684       0xa4 ..\Libraries\libFreeRTOS.a(timers.o)
                0x08003684                xTimerGenericCommand
 .text.prvProcessExpiredTimer
                0x08003728       0x80 ..\Libraries\libFreeRTOS.a(timers.o)
 .text.prvTimerTask
                0x080037a8       0x24 ..\Libraries\libFreeRTOS.a(timers.o)
 .text.prvProcessTimerOrBlockTask
                0x080037cc       0x9c ..\Libraries\libFreeRTOS.a(timers.o)
 .text.prvGetNextExpireTime
                0x08003868       0x48 ..\Libraries\libFreeRTOS.a(timers.o)
 .text.prvSampleTimeNow
                0x080038b0       0x40 ..\Libraries\libFreeRTOS.a(timers.o)
 .text.prvInsertTimerInActiveList
                0x080038f0       0x84 ..\Libraries\libFreeRTOS.a(timers.o)
 .text.prvProcessReceivedCommands
                0x08003974      0x12c ..\Libraries\libFreeRTOS.a(timers.o)
 .text.prvSwitchTimerLists
                0x08003aa0       0xc0 ..\Libraries\libFreeRTOS.a(timers.o)
 .text.prvCheckForValidListAndQueue
                0x08003b60       0x6c ..\Libraries\libFreeRTOS.a(timers.o)
 .text.pxPortInitialiseStack
                0x08003bcc       0x64 ..\Libraries\libFreeRTOS.a(port.o)
                0x08003bcc                pxPortInitialiseStack
 .text.prvTaskExitError
                0x08003c30       0x3c ..\Libraries\libFreeRTOS.a(port.o)
 .text.SVC_Handler
                0x08003c6c       0x20 ..\Libraries\libFreeRTOS.a(port.o)
                0x08003c6c                SVC_Handler
 .text.prvPortStartFirstTask
                0x08003c8c       0x20 ..\Libraries\libFreeRTOS.a(port.o)
 .text.xPortStartScheduler
                0x08003cac       0xd0 ..\Libraries\libFreeRTOS.a(port.o)
                0x08003cac                xPortStartScheduler
 .text.vPortEnterCritical
                0x08003d7c       0x5c ..\Libraries\libFreeRTOS.a(port.o)
                0x08003d7c                vPortEnterCritical
 .text.vPortExitCritical
                0x08003dd8       0x4c ..\Libraries\libFreeRTOS.a(port.o)
                0x08003dd8                vPortExitCritical
 .text.PendSV_Handler
                0x08003e24       0x60 ..\Libraries\libFreeRTOS.a(port.o)
                0x08003e24                PendSV_Handler
 .text.SysTick_Handler
                0x08003e84       0x44 ..\Libraries\libFreeRTOS.a(port.o)
                0x08003e84                SysTick_Handler
 .text.vPortSetupTimerInterrupt
                0x08003ec8       0x34 ..\Libraries\libFreeRTOS.a(port.o)
                0x08003ec8                vPortSetupTimerInterrupt
 .text.vPortEnableVFP
                0x08003efc       0x14 ..\Libraries\libFreeRTOS.a(port.o)
 .text.vPortValidateInterruptPriority
                0x08003f10       0x78 ..\Libraries\libFreeRTOS.a(port.o)
                0x08003f10                vPortValidateInterruptPriority
 .text.pvPortMalloc
                0x08003f88      0x18c ..\Libraries\libFreeRTOS.a(heap_4.o)
                0x08003f88                pvPortMalloc
 .text.vPortFree
                0x08004114       0xb0 ..\Libraries\libFreeRTOS.a(heap_4.o)
                0x08004114                vPortFree
 .text.prvHeapInit
                0x080041c4       0xc4 ..\Libraries\libFreeRTOS.a(heap_4.o)
 .text.prvInsertBlockIntoFreeList
                0x08004288       0xb0 ..\Libraries\libFreeRTOS.a(heap_4.o)
 .text.vListInitialise
                0x08004338       0x40 ..\Libraries\libFreeRTOS.a(list.o)
                0x08004338                vListInitialise
 .text.vListInitialiseItem
                0x08004378       0x18 ..\Libraries\libFreeRTOS.a(list.o)
                0x08004378                vListInitialiseItem
 .text.vListInsertEnd
                0x08004390       0x48 ..\Libraries\libFreeRTOS.a(list.o)
                0x08004390                vListInsertEnd
 .text.vListInsert
                0x080043d8       0x70 ..\Libraries\libFreeRTOS.a(list.o)
                0x080043d8                vListInsert
 .text.uxListRemove
                0x08004448       0x54 ..\Libraries\libFreeRTOS.a(list.o)
                0x08004448                uxListRemove
 .text.xQueueGenericReset
                0x0800449c       0xd0 ..\Libraries\libFreeRTOS.a(queue.o)
                0x0800449c                xQueueGenericReset
 .text.xQueueGenericCreate
                0x0800456c       0x70 ..\Libraries\libFreeRTOS.a(queue.o)
                0x0800456c                xQueueGenericCreate
 .text.prvInitialiseNewQueue
                0x080045dc       0x44 ..\Libraries\libFreeRTOS.a(queue.o)
 .text.xQueueGenericSend
                0x08004620      0x1fc ..\Libraries\libFreeRTOS.a(queue.o)
                0x08004620                xQueueGenericSend
 .text.xQueueGenericSendFromISR
                0x0800481c      0x128 ..\Libraries\libFreeRTOS.a(queue.o)
                0x0800481c                xQueueGenericSendFromISR
 .text.xQueueGenericReceive
                0x08004944      0x22c ..\Libraries\libFreeRTOS.a(queue.o)
                0x08004944                xQueueGenericReceive
 .text.prvCopyDataToQueue
                0x08004b70       0xd8 ..\Libraries\libFreeRTOS.a(queue.o)
 .text.prvCopyDataFromQueue
                0x08004c48       0x4c ..\Libraries\libFreeRTOS.a(queue.o)
 .text.prvUnlockQueue
                0x08004c94       0xa0 ..\Libraries\libFreeRTOS.a(queue.o)
 .text.prvIsQueueEmpty
                0x08004d34       0x2c ..\Libraries\libFreeRTOS.a(queue.o)
 .text.prvIsQueueFull
                0x08004d60       0x30 ..\Libraries\libFreeRTOS.a(queue.o)
 .text.vQueueAddToRegistry
                0x08004d90       0x50 ..\Libraries\libFreeRTOS.a(queue.o)
                0x08004d90                vQueueAddToRegistry
 .text.vQueueWaitForMessageRestricted
                0x08004de0       0x6c ..\Libraries\libFreeRTOS.a(queue.o)
                0x08004de0                vQueueWaitForMessageRestricted
 .text.memcpy   0x08004e4c       0x16 c:/apps/atollic/truestudio for arm 5.5.1/armtools/bin/../lib/gcc/arm-atollic-eabi/5.3.1/../../../../arm-atollic-eabi/lib/armv7e-m/softfp\libc.a(lib_a-memcpy-stub.o)
                0x08004e4c                memcpy
 .text.memset   0x08004e62       0x10 c:/apps/atollic/truestudio for arm 5.5.1/armtools/bin/../lib/gcc/arm-atollic-eabi/5.3.1/../../../../arm-atollic-eabi/lib/armv7e-m/softfp\libc.a(lib_a-memset.o)
                0x08004e62                memset
 *(.rodata)
 *fill*         0x08004e72        0x2 
 .rodata        0x08004e74       0x83 src\main.o
 *fill*         0x08004ef7        0x1 
 .rodata        0x08004ef8      0x1a8 ..\Libraries\libBSP.a(carme.o)
 .rodata        0x080050a0        0x8 ..\Libraries\libFreeRTOS.a(tasks.o)
 .rodata        0x080050a8       0x10 ..\Libraries\libFreeRTOS.a(timers.o)
 *(.rodata*)
 *(.glue_7)
 .glue_7        0x080050b8        0x0 linker stubs
 *(.glue_7t)
 .glue_7t       0x080050b8        0x0 linker stubs
 *(.eh_frame)
 .eh_frame      0x080050b8        0x0 c:/apps/atollic/truestudio for arm 5.5.1/armtools/bin/../lib/gcc/arm-atollic-eabi/5.3.1/armv7e-m/softfp/crtbegin.o
 *(.init)
 .init          0x080050b8        0x4 c:/apps/atollic/truestudio for arm 5.5.1/armtools/bin/../lib/gcc/arm-atollic-eabi/5.3.1/armv7e-m/softfp/crti.o
                0x080050b8                _init
 .init          0x080050bc        0x8 c:/apps/atollic/truestudio for arm 5.5.1/armtools/bin/../lib/gcc/arm-atollic-eabi/5.3.1/armv7e-m/softfp/crtn.o
 *(.fini)
 .fini          0x080050c4        0x4 c:/apps/atollic/truestudio for arm 5.5.1/armtools/bin/../lib/gcc/arm-atollic-eabi/5.3.1/armv7e-m/softfp/crti.o
                0x080050c4                _fini
 .fini          0x080050c8        0x8 c:/apps/atollic/truestudio for arm 5.5.1/armtools/bin/../lib/gcc/arm-atollic-eabi/5.3.1/armv7e-m/softfp/crtn.o
                0x080050d0                . = ALIGN (0x4)
                0x080050d0                _etext = .

.vfp11_veneer   0x080050d0        0x0
 .vfp11_veneer  0x080050d0        0x0 linker stubs

.v4_bx          0x080050d0        0x0
 .v4_bx         0x080050d0        0x0 linker stubs

.iplt           0x080050d0        0x0
 .iplt          0x080050d0        0x0 c:/apps/atollic/truestudio for arm 5.5.1/armtools/bin/../lib/gcc/arm-atollic-eabi/5.3.1/armv7e-m/softfp/crtbegin.o

.ARM.extab
 *(.ARM.extab* .gnu.linkonce.armextab.*)

.ARM            0x080050d0        0x8
                0x080050d0                __exidx_start = .
 *(.ARM.exidx*)
 .ARM.exidx     0x080050d0        0x8 c:/apps/atollic/truestudio for arm 5.5.1/armtools/bin/../lib/gcc/arm-atollic-eabi/5.3.1/armv7e-m/softfp\libgcc.a(_udivmoddi4.o)
                0x080050d8                __exidx_end = .

.rel.dyn        0x080050d8        0x0
 .rel.iplt      0x080050d8        0x0 c:/apps/atollic/truestudio for arm 5.5.1/armtools/bin/../lib/gcc/arm-atollic-eabi/5.3.1/armv7e-m/softfp/crtbegin.o

.preinit_array  0x080050d8        0x0
                0x080050d8                PROVIDE (__preinit_array_start, .)
 *(.preinit_array*)
                0x080050d8                PROVIDE (__preinit_array_end, .)

.init_array     0x080050d8        0x4
                0x080050d8                PROVIDE (__init_array_start, .)
 *(SORT(.init_array.*))
 *(.init_array*)
 .init_array    0x080050d8        0x4 c:/apps/atollic/truestudio for arm 5.5.1/armtools/bin/../lib/gcc/arm-atollic-eabi/5.3.1/armv7e-m/softfp/crtbegin.o
                0x080050dc                PROVIDE (__init_array_end, .)

.fini_array     0x080050dc        0x4
                [!provide]                PROVIDE (__fini_array_start, .)
 *(SORT(.fini_array.*))
 *(.fini_array*)
 .fini_array    0x080050dc        0x4 c:/apps/atollic/truestudio for arm 5.5.1/armtools/bin/../lib/gcc/arm-atollic-eabi/5.3.1/armv7e-m/softfp/crtbegin.o
                [!provide]                PROVIDE (__fini_array_end, .)
                0x080050e0                _sidata = LOADADDR (.data)

.data           0x20000000      0xf98 load address 0x080050e0
                0x20000000                . = ALIGN (0x4)
                0x20000000                _sdata = .
 *(.data)
 *(.data*)
 .data.pcHello  0x20000000        0x4 src\main.o
 .data.pcButtonsValueText
                0x20000004        0x4 src\main.o
 .data.pcSwitchesValueText
                0x20000008        0x4 src\main.o
 .data.SJA1000_CMD
                0x2000000c        0x4 ..\Libraries\libBSP.a(can.o)
 .data.SJA1000_DATA
                0x20000010        0x4 ..\Libraries\libBSP.a(can.o)
 .data.CARME_AGPIO_Port_Pin
                0x20000014       0xa0 ..\Libraries\libBSP.a(carme.o)
 .data.LED_Port
                0x200000b4        0x4 ..\Libraries\libBSP.a(carme_io1.o)
 .data.Switch_Port
                0x200000b8        0x4 ..\Libraries\libBSP.a(carme_io1.o)
 .data.CARME_IO1_Port_Pin
                0x200000bc       0x20 ..\Libraries\libBSP.a(carme_io1.o)
 .data.CARME_IO2_Port_Pin
                0x200000dc       0x88 ..\Libraries\libBSP.a(carme_io2.o)
 .data.CARME_IO2_GPIO_Out_Port_Pin
                0x20000164       0x20 ..\Libraries\libBSP.a(carme_io2.o)
 .data.CARME_IO2_OPTO_Out_Port_Pin
                0x20000184       0x10 ..\Libraries\libBSP.a(carme_io2.o)
 .data.CARME_IO2_OPTO_In_Port_Pin
                0x20000194       0x10 ..\Libraries\libBSP.a(carme_io2.o)
 .data.LCD_Port_Pin
                0x200001a4       0x10 ..\Libraries\libBSP.a(ssd1963_lld.o)
 .data.SystemCoreClock
                0x200001b4        0x4 ..\Libraries\libBSP.a(system_stm32f4xx.o)
                0x200001b4                SystemCoreClock
 .data.font_5x8_data
                0x200001b8      0x1dc ..\Libraries\libsGUI.a(font.o)
 .data.font_5x8
                0x20000394        0x8 ..\Libraries\libsGUI.a(font.o)
                0x20000394                font_5x8
 .data.font_8x13_data
                0x2000039c      0x5f0 ..\Libraries\libsGUI.a(font.o)
 .data.font_8x13
                0x2000098c        0x8 ..\Libraries\libsGUI.a(font.o)
                0x2000098c                font_8x13
 .data.font_8x16B_data
                0x20000994      0x5f0 ..\Libraries\libsGUI.a(font.o)
 .data.font_8x16B
                0x20000f84        0x8 ..\Libraries\libsGUI.a(font.o)
                0x20000f84                font_8x16B
 .data.TextColor
                0x20000f8c        0x2 ..\Libraries\libsGUI.a(text.o)
 *fill*         0x20000f8e        0x2 
 .data.CurrentFont
                0x20000f90        0x4 ..\Libraries\libsGUI.a(text.o)
 .data.uxCriticalNesting
                0x20000f94        0x4 ..\Libraries\libFreeRTOS.a(port.o)
                0x20000f98                . = ALIGN (0x4)
                0x20000f98                _edata = .
                0x08006078                _siccmram = LOADADDR (.ccmram)

.igot.plt       0x20000f98        0x0 load address 0x08006078
 .igot.plt      0x20000f98        0x0 c:/apps/atollic/truestudio for arm 5.5.1/armtools/bin/../lib/gcc/arm-atollic-eabi/5.3.1/armv7e-m/softfp/crtbegin.o

.ccmram         0x10000000        0x0 load address 0x08006078
                0x10000000                . = ALIGN (0x4)
                0x10000000                _sccmram = .
 *(.ccmram)
 *(.ccmram*)
                0x10000000                . = ALIGN (0x4)
                0x10000000                _eccmram = .
                0x10000000                . = ALIGN (0x4)

.bss            0x20000f98    0x12df0
                0x20000f98                _sbss = .
                0x20000f98                __bss_start__ = _sbss
 *(.bss)
 .bss           0x20000f98       0x1c c:/apps/atollic/truestudio for arm 5.5.1/armtools/bin/../lib/gcc/arm-atollic-eabi/5.3.1/armv7e-m/softfp/crtbegin.o
 *(.bss*)
 .bss.CARME_CAN_IRQCallbacks
                0x20000fb4       0x20 ..\Libraries\libBSP.a(can.o)
 .bss.LED_Value
                0x20000fd4        0x1 ..\Libraries\libBSP.a(carme_io1.o)
 *fill*         0x20000fd5        0x3 
 .bss.deviceDescriptorBlock
                0x20000fd8        0x8 ..\Libraries\libBSP.a(ssd1963.o)
 .bss.BackColor
                0x20000fe0        0x2 ..\Libraries\libsGUI.a(text.o)
 *fill*         0x20000fe2        0x2 
 .bss.pxCurrentTCB
                0x20000fe4        0x4 ..\Libraries\libFreeRTOS.a(tasks.o)
                0x20000fe4                pxCurrentTCB
 .bss.pxReadyTasksLists
                0x20000fe8       0x64 ..\Libraries\libFreeRTOS.a(tasks.o)
 .bss.xDelayedTaskList1
                0x2000104c       0x14 ..\Libraries\libFreeRTOS.a(tasks.o)
 .bss.xDelayedTaskList2
                0x20001060       0x14 ..\Libraries\libFreeRTOS.a(tasks.o)
 .bss.pxDelayedTaskList
                0x20001074        0x4 ..\Libraries\libFreeRTOS.a(tasks.o)
 .bss.pxOverflowDelayedTaskList
                0x20001078        0x4 ..\Libraries\libFreeRTOS.a(tasks.o)
 .bss.xPendingReadyList
                0x2000107c       0x14 ..\Libraries\libFreeRTOS.a(tasks.o)
 .bss.xTasksWaitingTermination
                0x20001090       0x14 ..\Libraries\libFreeRTOS.a(tasks.o)
 .bss.uxDeletedTasksWaitingCleanUp
                0x200010a4        0x4 ..\Libraries\libFreeRTOS.a(tasks.o)
 .bss.xSuspendedTaskList
                0x200010a8       0x14 ..\Libraries\libFreeRTOS.a(tasks.o)
 .bss.uxCurrentNumberOfTasks
                0x200010bc        0x4 ..\Libraries\libFreeRTOS.a(tasks.o)
 .bss.xTickCount
                0x200010c0        0x4 ..\Libraries\libFreeRTOS.a(tasks.o)
 .bss.uxTopReadyPriority
                0x200010c4        0x4 ..\Libraries\libFreeRTOS.a(tasks.o)
 .bss.xSchedulerRunning
                0x200010c8        0x4 ..\Libraries\libFreeRTOS.a(tasks.o)
 .bss.uxPendedTicks
                0x200010cc        0x4 ..\Libraries\libFreeRTOS.a(tasks.o)
 .bss.xYieldPending
                0x200010d0        0x4 ..\Libraries\libFreeRTOS.a(tasks.o)
 .bss.xNumOfOverflows
                0x200010d4        0x4 ..\Libraries\libFreeRTOS.a(tasks.o)
 .bss.uxTaskNumber
                0x200010d8        0x4 ..\Libraries\libFreeRTOS.a(tasks.o)
 .bss.xNextTaskUnblockTime
                0x200010dc        0x4 ..\Libraries\libFreeRTOS.a(tasks.o)
 .bss.xIdleTaskHandle
                0x200010e0        0x4 ..\Libraries\libFreeRTOS.a(tasks.o)
 .bss.uxSchedulerSuspended
                0x200010e4        0x4 ..\Libraries\libFreeRTOS.a(tasks.o)
 .bss.xActiveTimerList1
                0x200010e8       0x14 ..\Libraries\libFreeRTOS.a(timers.o)
 .bss.xActiveTimerList2
                0x200010fc       0x14 ..\Libraries\libFreeRTOS.a(timers.o)
 .bss.pxCurrentTimerList
                0x20001110        0x4 ..\Libraries\libFreeRTOS.a(timers.o)
 .bss.pxOverflowTimerList
                0x20001114        0x4 ..\Libraries\libFreeRTOS.a(timers.o)
 .bss.xTimerQueue
                0x20001118        0x4 ..\Libraries\libFreeRTOS.a(timers.o)
 .bss.xTimerTaskHandle
                0x2000111c        0x4 ..\Libraries\libFreeRTOS.a(timers.o)
 .bss.xLastTime.5295
                0x20001120        0x4 ..\Libraries\libFreeRTOS.a(timers.o)
 .bss.ucMaxSysCallPriority
                0x20001124        0x1 ..\Libraries\libFreeRTOS.a(port.o)
 *fill*         0x20001125        0x3 
 .bss.ulMaxPRIGROUPValue
                0x20001128        0x4 ..\Libraries\libFreeRTOS.a(port.o)
 .bss.ucHeap    0x2000112c    0x12c00 ..\Libraries\libFreeRTOS.a(heap_4.o)
 .bss.xStart    0x20013d2c        0x8 ..\Libraries\libFreeRTOS.a(heap_4.o)
 .bss.pxEnd     0x20013d34        0x4 ..\Libraries\libFreeRTOS.a(heap_4.o)
 .bss.xFreeBytesRemaining
                0x20013d38        0x4 ..\Libraries\libFreeRTOS.a(heap_4.o)
 .bss.xMinimumEverFreeBytesRemaining
                0x20013d3c        0x4 ..\Libraries\libFreeRTOS.a(heap_4.o)
 .bss.xBlockAllocatedBit
                0x20013d40        0x4 ..\Libraries\libFreeRTOS.a(heap_4.o)
 *(COMMON)
 COMMON         0x20013d44        0x2 src\main.o
                0x20013d44                u8SwitchState
                0x20013d45                u8ButtonState
 *fill*         0x20013d46        0x2 
 COMMON         0x20013d48       0x40 ..\Libraries\libFreeRTOS.a(queue.o)
                0x20013d48                xQueueRegistry
                0x20013d88                . = ALIGN (0x4)
                0x20013d88                _ebss = .
                0x20013d88                __bss_end__ = _ebss

._user_heap_stack
                0x20013d88     0x2000
                0x20013d88                . = ALIGN (0x4)
                0x20013d88                PROVIDE (end, .)
                [!provide]                PROVIDE (_end, .)
                0x20014d88                . = (. + _Min_Heap_Size)
 *fill*         0x20013d88     0x1000 
                0x20015d88                . = (. + _Min_Stack_Size)
 *fill*         0x20014d88     0x1000 
                0x20015d88                . = ALIGN (0x4)

.memory_b1_text
 *(.mb1text)
 *(.mb1text*)
 *(.mb1rodata)
 *(.mb1rodata*)

/DISCARD/
 libc.a(*)
 libm.a(*)
 libgcc.a(*)

.ARM.attributes
                0x00000000       0x2c
 *(.ARM.attributes)
 .ARM.attributes
                0x00000000       0x22 c:/apps/atollic/truestudio for arm 5.5.1/armtools/bin/../lib/gcc/arm-atollic-eabi/5.3.1/armv7e-m/softfp/crti.o
 .ARM.attributes
                0x00000022       0x32 c:/apps/atollic/truestudio for arm 5.5.1/armtools/bin/../lib/gcc/arm-atollic-eabi/5.3.1/armv7e-m/softfp/crtbegin.o
 .ARM.attributes
                0x00000054       0x37 src\tiny_printf.o
 .ARM.attributes
                0x0000008b       0x37 src\stm32f4xx_it.o
 .ARM.attributes
                0x000000c2       0x21 src\startup.o
 .ARM.attributes
                0x000000e3       0x37 src\main.o
 .ARM.attributes
                0x0000011a       0x32 c:/apps/atollic/truestudio for arm 5.5.1/armtools/bin/../lib/gcc/arm-atollic-eabi/5.3.1/../../../../arm-atollic-eabi/lib/armv7e-m/softfp\libc_nano.a(lib_a-init.o)
 .ARM.attributes
                0x0000014c       0x22 c:/apps/atollic/truestudio for arm 5.5.1/armtools/bin/../lib/gcc/arm-atollic-eabi/5.3.1/armv7e-m/softfp/crtn.o
 .ARM.attributes
                0x0000016e       0x37 ..\Libraries\libBSP.a(can.o)
 .ARM.attributes
                0x000001a5       0x37 ..\Libraries\libBSP.a(carme.o)
 .ARM.attributes
                0x000001dc       0x37 ..\Libraries\libBSP.a(carme_io1.o)
 .ARM.attributes
                0x00000213       0x37 ..\Libraries\libBSP.a(carme_io2.o)
 .ARM.attributes
                0x0000024a       0x37 ..\Libraries\libBSP.a(ssd1963.o)
 .ARM.attributes
                0x00000281       0x37 ..\Libraries\libBSP.a(ssd1963_lld.o)
 .ARM.attributes
                0x000002b8       0x37 ..\Libraries\libBSP.a(system_stm32f4xx.o)
 .ARM.attributes
                0x000002ef       0x37 ..\Libraries\libBSP.a(misc.o)
 .ARM.attributes
                0x00000326       0x37 ..\Libraries\libBSP.a(stm32f4xx_adc.o)
 .ARM.attributes
                0x0000035d       0x37 ..\Libraries\libBSP.a(stm32f4xx_exti.o)
 .ARM.attributes
                0x00000394       0x37 ..\Libraries\libBSP.a(stm32f4xx_fsmc.o)
 .ARM.attributes
                0x000003cb       0x37 ..\Libraries\libBSP.a(stm32f4xx_gpio.o)
 .ARM.attributes
                0x00000402       0x37 ..\Libraries\libBSP.a(stm32f4xx_rcc.o)
 .ARM.attributes
                0x00000439       0x37 ..\Libraries\libBSP.a(stm32f4xx_spi.o)
 .ARM.attributes
                0x00000470       0x37 ..\Libraries\libsGUI.a(font.o)
 .ARM.attributes
                0x000004a7       0x37 ..\Libraries\libsGUI.a(text.o)
 .ARM.attributes
                0x000004de       0x37 ..\Libraries\libFreeRTOS.a(tasks.o)
 .ARM.attributes
                0x00000515       0x37 ..\Libraries\libFreeRTOS.a(timers.o)
 .ARM.attributes
                0x0000054c       0x37 ..\Libraries\libFreeRTOS.a(port.o)
 .ARM.attributes
                0x00000583       0x37 ..\Libraries\libFreeRTOS.a(heap_4.o)
 .ARM.attributes
                0x000005ba       0x37 ..\Libraries\libFreeRTOS.a(list.o)
 .ARM.attributes
                0x000005f1       0x37 ..\Libraries\libFreeRTOS.a(queue.o)
OUTPUT(EZBSY_U1A4.elf elf32-littlearm)

.debug_info     0x00000000     0xd71f
 .debug_info    0x00000000      0xbcb src\tiny_printf.o
 .debug_info    0x00000bcb      0x1f4 src\stm32f4xx_it.o
 .debug_info    0x00000dbf       0x9c src\startup.o
 .debug_info    0x00000e5b      0x41b src\main.o
 .debug_info    0x00001276      0xae4 ..\Libraries\libBSP.a(can.o)
 .debug_info    0x00001d5a      0x695 ..\Libraries\libBSP.a(carme.o)
 .debug_info    0x000023ef      0x974 ..\Libraries\libBSP.a(carme_io1.o)
 .debug_info    0x00002d63      0xdf4 ..\Libraries\libBSP.a(carme_io2.o)
 .debug_info    0x00003b57      0x3d7 ..\Libraries\libBSP.a(ssd1963.o)
 .debug_info    0x00003f2e      0x314 ..\Libraries\libBSP.a(ssd1963_lld.o)
 .debug_info    0x00004242      0x5c0 ..\Libraries\libBSP.a(system_stm32f4xx.o)
 .debug_info    0x00004802      0x541 ..\Libraries\libBSP.a(misc.o)
 .debug_info    0x00004d43      0xc3c ..\Libraries\libBSP.a(stm32f4xx_adc.o)
 .debug_info    0x0000597f      0x33c ..\Libraries\libBSP.a(stm32f4xx_exti.o)
 .debug_info    0x00005cbb      0x8f9 ..\Libraries\libBSP.a(stm32f4xx_fsmc.o)
 .debug_info    0x000065b4      0x609 ..\Libraries\libBSP.a(stm32f4xx_gpio.o)
 .debug_info    0x00006bbd      0xe06 ..\Libraries\libBSP.a(stm32f4xx_rcc.o)
 .debug_info    0x000079c3      0xb25 ..\Libraries\libBSP.a(stm32f4xx_spi.o)
 .debug_info    0x000084e8      0x491 ..\Libraries\libsGUI.a(font.o)
 .debug_info    0x00008979      0x4ad ..\Libraries\libsGUI.a(text.o)
 .debug_info    0x00008e26     0x1e3c ..\Libraries\libFreeRTOS.a(tasks.o)
 .debug_info    0x0000ac62      0xb5f ..\Libraries\libFreeRTOS.a(timers.o)
 .debug_info    0x0000b7c1      0x4e1 ..\Libraries\libFreeRTOS.a(port.o)
 .debug_info    0x0000bca2      0x3e3 ..\Libraries\libFreeRTOS.a(heap_4.o)
 .debug_info    0x0000c085      0x29d ..\Libraries\libFreeRTOS.a(list.o)
 .debug_info    0x0000c322     0x13fd ..\Libraries\libFreeRTOS.a(queue.o)

.debug_abbrev   0x00000000     0x285e
 .debug_abbrev  0x00000000      0x248 src\tiny_printf.o
 .debug_abbrev  0x00000248      0x108 src\stm32f4xx_it.o
 .debug_abbrev  0x00000350       0x12 src\startup.o
 .debug_abbrev  0x00000362      0x17b src\main.o
 .debug_abbrev  0x000004dd      0x25e ..\Libraries\libBSP.a(can.o)
 .debug_abbrev  0x0000073b      0x1c0 ..\Libraries\libBSP.a(carme.o)
 .debug_abbrev  0x000008fb      0x1d0 ..\Libraries\libBSP.a(carme_io1.o)
 .debug_abbrev  0x00000acb      0x1c1 ..\Libraries\libBSP.a(carme_io2.o)
 .debug_abbrev  0x00000c8c      0x19f ..\Libraries\libBSP.a(ssd1963.o)
 .debug_abbrev  0x00000e2b      0x10c ..\Libraries\libBSP.a(ssd1963_lld.o)
 .debug_abbrev  0x00000f37      0x138 ..\Libraries\libBSP.a(system_stm32f4xx.o)
 .debug_abbrev  0x0000106f      0x147 ..\Libraries\libBSP.a(misc.o)
 .debug_abbrev  0x000011b6      0x198 ..\Libraries\libBSP.a(stm32f4xx_adc.o)
 .debug_abbrev  0x0000134e      0x1a7 ..\Libraries\libBSP.a(stm32f4xx_exti.o)
 .debug_abbrev  0x000014f5      0x172 ..\Libraries\libBSP.a(stm32f4xx_fsmc.o)
 .debug_abbrev  0x00001667      0x1a5 ..\Libraries\libBSP.a(stm32f4xx_gpio.o)
 .debug_abbrev  0x0000180c      0x1bc ..\Libraries\libBSP.a(stm32f4xx_rcc.o)
 .debug_abbrev  0x000019c8      0x169 ..\Libraries\libBSP.a(stm32f4xx_spi.o)
 .debug_abbrev  0x00001b31       0xaa ..\Libraries\libsGUI.a(font.o)
 .debug_abbrev  0x00001bdb      0x19f ..\Libraries\libsGUI.a(text.o)
 .debug_abbrev  0x00001d7a      0x29a ..\Libraries\libFreeRTOS.a(tasks.o)
 .debug_abbrev  0x00002014      0x1d6 ..\Libraries\libFreeRTOS.a(timers.o)
 .debug_abbrev  0x000021ea      0x1ce ..\Libraries\libFreeRTOS.a(port.o)
 .debug_abbrev  0x000023b8      0x1d5 ..\Libraries\libFreeRTOS.a(heap_4.o)
 .debug_abbrev  0x0000258d       0xbe ..\Libraries\libFreeRTOS.a(list.o)
 .debug_abbrev  0x0000264b      0x213 ..\Libraries\libFreeRTOS.a(queue.o)

.debug_aranges  0x00000000      0xf18
 .debug_aranges
                0x00000000       0x60 src\tiny_printf.o
 .debug_aranges
                0x00000060       0x60 src\stm32f4xx_it.o
 .debug_aranges
                0x000000c0       0x28 src\startup.o
 .debug_aranges
                0x000000e8       0x50 src\main.o
 .debug_aranges
                0x00000138       0x90 ..\Libraries\libBSP.a(can.o)
 .debug_aranges
                0x000001c8       0x78 ..\Libraries\libBSP.a(carme.o)
 .debug_aranges
                0x00000240       0x70 ..\Libraries\libBSP.a(carme_io1.o)
 .debug_aranges
                0x000002b0       0x90 ..\Libraries\libBSP.a(carme_io2.o)
 .debug_aranges
                0x00000340       0x80 ..\Libraries\libBSP.a(ssd1963.o)
 .debug_aranges
                0x000003c0       0x20 ..\Libraries\libBSP.a(ssd1963_lld.o)
 .debug_aranges
                0x000003e0       0x30 ..\Libraries\libBSP.a(system_stm32f4xx.o)
 .debug_aranges
                0x00000410       0x40 ..\Libraries\libBSP.a(misc.o)
 .debug_aranges
                0x00000450      0x148 ..\Libraries\libBSP.a(stm32f4xx_adc.o)
 .debug_aranges
                0x00000598       0x58 ..\Libraries\libBSP.a(stm32f4xx_exti.o)
 .debug_aranges
                0x000005f0       0xb0 ..\Libraries\libBSP.a(stm32f4xx_fsmc.o)
 .debug_aranges
                0x000006a0       0x88 ..\Libraries\libBSP.a(stm32f4xx_gpio.o)
 .debug_aranges
                0x00000728      0x1b8 ..\Libraries\libBSP.a(stm32f4xx_rcc.o)
 .debug_aranges
                0x000008e0       0xe0 ..\Libraries\libBSP.a(stm32f4xx_spi.o)
 .debug_aranges
                0x000009c0       0x18 ..\Libraries\libsGUI.a(font.o)
 .debug_aranges
                0x000009d8       0x80 ..\Libraries\libsGUI.a(text.o)
 .debug_aranges
                0x00000a58      0x1e0 ..\Libraries\libFreeRTOS.a(tasks.o)
 .debug_aranges
                0x00000c38       0xb8 ..\Libraries\libFreeRTOS.a(timers.o)
 .debug_aranges
                0x00000cf0       0x80 ..\Libraries\libFreeRTOS.a(port.o)
 .debug_aranges
                0x00000d70       0x50 ..\Libraries\libFreeRTOS.a(heap_4.o)
 .debug_aranges
                0x00000dc0       0x40 ..\Libraries\libFreeRTOS.a(list.o)
 .debug_aranges
                0x00000e00      0x118 ..\Libraries\libFreeRTOS.a(queue.o)

.debug_ranges   0x00000000      0xd78
 .debug_ranges  0x00000000       0x50 src\tiny_printf.o
 .debug_ranges  0x00000050       0x50 src\stm32f4xx_it.o
 .debug_ranges  0x000000a0       0x20 src\startup.o
 .debug_ranges  0x000000c0       0x40 src\main.o
 .debug_ranges  0x00000100       0x80 ..\Libraries\libBSP.a(can.o)
 .debug_ranges  0x00000180       0x68 ..\Libraries\libBSP.a(carme.o)
 .debug_ranges  0x000001e8       0x60 ..\Libraries\libBSP.a(carme_io1.o)
 .debug_ranges  0x00000248       0x80 ..\Libraries\libBSP.a(carme_io2.o)
 .debug_ranges  0x000002c8       0x70 ..\Libraries\libBSP.a(ssd1963.o)
 .debug_ranges  0x00000338       0x10 ..\Libraries\libBSP.a(ssd1963_lld.o)
 .debug_ranges  0x00000348       0x20 ..\Libraries\libBSP.a(system_stm32f4xx.o)
 .debug_ranges  0x00000368       0x30 ..\Libraries\libBSP.a(misc.o)
 .debug_ranges  0x00000398      0x138 ..\Libraries\libBSP.a(stm32f4xx_adc.o)
 .debug_ranges  0x000004d0       0x48 ..\Libraries\libBSP.a(stm32f4xx_exti.o)
 .debug_ranges  0x00000518       0xa0 ..\Libraries\libBSP.a(stm32f4xx_fsmc.o)
 .debug_ranges  0x000005b8       0x78 ..\Libraries\libBSP.a(stm32f4xx_gpio.o)
 .debug_ranges  0x00000630      0x1a8 ..\Libraries\libBSP.a(stm32f4xx_rcc.o)
 .debug_ranges  0x000007d8       0xd0 ..\Libraries\libBSP.a(stm32f4xx_spi.o)
 .debug_ranges  0x000008a8       0x70 ..\Libraries\libsGUI.a(text.o)
 .debug_ranges  0x00000918      0x1d0 ..\Libraries\libFreeRTOS.a(tasks.o)
 .debug_ranges  0x00000ae8       0xa8 ..\Libraries\libFreeRTOS.a(timers.o)
 .debug_ranges  0x00000b90       0x70 ..\Libraries\libFreeRTOS.a(port.o)
 .debug_ranges  0x00000c00       0x40 ..\Libraries\libFreeRTOS.a(heap_4.o)
 .debug_ranges  0x00000c40       0x30 ..\Libraries\libFreeRTOS.a(list.o)
 .debug_ranges  0x00000c70      0x108 ..\Libraries\libFreeRTOS.a(queue.o)

.debug_line     0x00000000     0x546b
 .debug_line    0x00000000      0x28c src\tiny_printf.o
 .debug_line    0x0000028c      0x1e5 src\stm32f4xx_it.o
 .debug_line    0x00000471       0x99 src\startup.o
 .debug_line    0x0000050a      0x2a4 src\main.o
 .debug_line    0x000007ae      0x35f ..\Libraries\libBSP.a(can.o)
 .debug_line    0x00000b0d      0x458 ..\Libraries\libBSP.a(carme.o)
 .debug_line    0x00000f65      0x2bb ..\Libraries\libBSP.a(carme_io1.o)
 .debug_line    0x00001220      0x385 ..\Libraries\libBSP.a(carme_io2.o)
 .debug_line    0x000015a5      0x23f ..\Libraries\libBSP.a(ssd1963.o)
 .debug_line    0x000017e4      0x130 ..\Libraries\libBSP.a(ssd1963_lld.o)
 .debug_line    0x00001914      0x160 ..\Libraries\libBSP.a(system_stm32f4xx.o)
 .debug_line    0x00001a74      0x15c ..\Libraries\libBSP.a(misc.o)
 .debug_line    0x00001bd0      0x469 ..\Libraries\libBSP.a(stm32f4xx_adc.o)
 .debug_line    0x00002039      0x1b3 ..\Libraries\libBSP.a(stm32f4xx_exti.o)
 .debug_line    0x000021ec      0x36b ..\Libraries\libBSP.a(stm32f4xx_fsmc.o)
 .debug_line    0x00002557      0x25c ..\Libraries\libBSP.a(stm32f4xx_gpio.o)
 .debug_line    0x000027b3      0x558 ..\Libraries\libBSP.a(stm32f4xx_rcc.o)
 .debug_line    0x00002d0b      0x372 ..\Libraries\libBSP.a(stm32f4xx_spi.o)
 .debug_line    0x0000307d       0x8b ..\Libraries\libsGUI.a(font.o)
 .debug_line    0x00003108      0x233 ..\Libraries\libsGUI.a(text.o)
 .debug_line    0x0000333b      0xd76 ..\Libraries\libFreeRTOS.a(tasks.o)
 .debug_line    0x000040b1      0x444 ..\Libraries\libFreeRTOS.a(timers.o)
 .debug_line    0x000044f5      0x2cd ..\Libraries\libFreeRTOS.a(port.o)
 .debug_line    0x000047c2      0x253 ..\Libraries\libFreeRTOS.a(heap_4.o)
 .debug_line    0x00004a15      0x14d ..\Libraries\libFreeRTOS.a(list.o)
 .debug_line    0x00004b62      0x909 ..\Libraries\libFreeRTOS.a(queue.o)

.debug_str      0x00000000     0x5921
 .debug_str     0x00000000      0x5c3 src\tiny_printf.o
                                0x640 (size before relaxing)
 .debug_str     0x000005c3      0x11f src\stm32f4xx_it.o
                                0x2f7 (size before relaxing)
 .debug_str     0x000006e2      0x21a src\main.o
                                0x440 (size before relaxing)
 .debug_str     0x000008fc      0xbf1 ..\Libraries\libBSP.a(can.o)
                                0xdb9 (size before relaxing)
 .debug_str     0x000014ed      0x39b ..\Libraries\libBSP.a(carme.o)
                                0x71c (size before relaxing)
 .debug_str     0x00001888      0x296 ..\Libraries\libBSP.a(carme_io1.o)
                                0xcea (size before relaxing)
 .debug_str     0x00001b1e      0x77e ..\Libraries\libBSP.a(carme_io2.o)
                                0xc66 (size before relaxing)
 .debug_str     0x0000229c      0x13c ..\Libraries\libBSP.a(ssd1963.o)
                                0x31a (size before relaxing)
 .debug_str     0x000023d8       0x30 ..\Libraries\libBSP.a(ssd1963_lld.o)
                                0x3b2 (size before relaxing)
 .debug_str     0x00002408      0x1cf ..\Libraries\libBSP.a(system_stm32f4xx.o)
                                0x3f2 (size before relaxing)
 .debug_str     0x000025d7      0x151 ..\Libraries\libBSP.a(misc.o)
                                0x401 (size before relaxing)
 .debug_str     0x00002728      0x4af ..\Libraries\libBSP.a(stm32f4xx_adc.o)
                                0x837 (size before relaxing)
 .debug_str     0x00002bd7       0xbb ..\Libraries\libBSP.a(stm32f4xx_exti.o)
                                0x37f (size before relaxing)
 .debug_str     0x00002c92      0x3ac ..\Libraries\libBSP.a(stm32f4xx_fsmc.o)
                                0x7bd (size before relaxing)
 .debug_str     0x0000303e      0x123 ..\Libraries\libBSP.a(stm32f4xx_gpio.o)
                                0x4d3 (size before relaxing)
 .debug_str     0x00003161      0x666 ..\Libraries\libBSP.a(stm32f4xx_rcc.o)
                                0x9c8 (size before relaxing)
 .debug_str     0x000037c7      0x2b2 ..\Libraries\libBSP.a(stm32f4xx_spi.o)
                                0x6d0 (size before relaxing)
 .debug_str     0x00003a79      0x260 ..\Libraries\libsGUI.a(font.o)
                                0x403 (size before relaxing)
 .debug_str     0x00003cd9      0x129 ..\Libraries\libsGUI.a(text.o)
                                0x352 (size before relaxing)
 .debug_str     0x00003e02      0xdb6 ..\Libraries\libFreeRTOS.a(tasks.o)
                                0xfab (size before relaxing)
 .debug_str     0x00004bb8      0x435 ..\Libraries\libFreeRTOS.a(timers.o)
                                0x720 (size before relaxing)
 .debug_str     0x00004fed      0x1e4 ..\Libraries\libFreeRTOS.a(port.o)
                                0x447 (size before relaxing)
 .debug_str     0x000051d1      0x1f3 ..\Libraries\libFreeRTOS.a(heap_4.o)
                                0x3bb (size before relaxing)
 .debug_str     0x000053c4       0x90 ..\Libraries\libFreeRTOS.a(list.o)
                                0x2d4 (size before relaxing)
 .debug_str     0x00005454      0x4cd ..\Libraries\libFreeRTOS.a(queue.o)
                                0x867 (size before relaxing)

.comment        0x00000000       0xab
 .comment       0x00000000       0x7e src\tiny_printf.o
                                 0x7f (size before relaxing)
 .comment       0x0000007e       0x7f src\stm32f4xx_it.o
 .comment       0x0000007e       0x7f src\main.o
 .comment       0x0000007e       0x2d ..\Libraries\libBSP.a(can.o)
                                 0x2e (size before relaxing)
 .comment       0x000000ab       0x2e ..\Libraries\libBSP.a(carme.o)
 .comment       0x000000ab       0x2e ..\Libraries\libBSP.a(carme_io1.o)
 .comment       0x000000ab       0x2e ..\Libraries\libBSP.a(carme_io2.o)
 .comment       0x000000ab       0x2e ..\Libraries\libBSP.a(ssd1963.o)
 .comment       0x000000ab       0x2e ..\Libraries\libBSP.a(ssd1963_lld.o)
 .comment       0x000000ab       0x2e ..\Libraries\libBSP.a(system_stm32f4xx.o)
 .comment       0x000000ab       0x2e ..\Libraries\libBSP.a(misc.o)
 .comment       0x000000ab       0x2e ..\Libraries\libBSP.a(stm32f4xx_adc.o)
 .comment       0x000000ab       0x2e ..\Libraries\libBSP.a(stm32f4xx_exti.o)
 .comment       0x000000ab       0x2e ..\Libraries\libBSP.a(stm32f4xx_fsmc.o)
 .comment       0x000000ab       0x2e ..\Libraries\libBSP.a(stm32f4xx_gpio.o)
 .comment       0x000000ab       0x2e ..\Libraries\libBSP.a(stm32f4xx_rcc.o)
 .comment       0x000000ab       0x2e ..\Libraries\libBSP.a(stm32f4xx_spi.o)
 .comment       0x000000ab       0x2e ..\Libraries\libsGUI.a(font.o)
 .comment       0x000000ab       0x2e ..\Libraries\libsGUI.a(text.o)
 .comment       0x000000ab       0x2e ..\Libraries\libFreeRTOS.a(tasks.o)
 .comment       0x000000ab       0x2e ..\Libraries\libFreeRTOS.a(timers.o)
 .comment       0x000000ab       0x2e ..\Libraries\libFreeRTOS.a(port.o)
 .comment       0x000000ab       0x2e ..\Libraries\libFreeRTOS.a(heap_4.o)
 .comment       0x000000ab       0x2e ..\Libraries\libFreeRTOS.a(list.o)
 .comment       0x000000ab       0x2e ..\Libraries\libFreeRTOS.a(queue.o)

.debug_frame    0x00000000     0x3068
 .debug_frame   0x00000000      0x1bc src\tiny_printf.o
 .debug_frame   0x000001bc      0x128 src\stm32f4xx_it.o
 .debug_frame   0x000002e4       0xec src\main.o
 .debug_frame   0x000003d0       0x2c c:/apps/atollic/truestudio for arm 5.5.1/armtools/bin/../lib/gcc/arm-atollic-eabi/5.3.1/../../../../arm-atollic-eabi/lib/armv7e-m/softfp\libc_nano.a(lib_a-init.o)
 .debug_frame   0x000003fc      0x1e0 ..\Libraries\libBSP.a(can.o)
 .debug_frame   0x000005dc      0x178 ..\Libraries\libBSP.a(carme.o)
 .debug_frame   0x00000754      0x150 ..\Libraries\libBSP.a(carme_io1.o)
 .debug_frame   0x000008a4      0x1f0 ..\Libraries\libBSP.a(carme_io2.o)
 .debug_frame   0x00000a94      0x198 ..\Libraries\libBSP.a(ssd1963.o)
 .debug_frame   0x00000c2c       0x30 ..\Libraries\libBSP.a(ssd1963_lld.o)
 .debug_frame   0x00000c5c       0x64 ..\Libraries\libBSP.a(system_stm32f4xx.o)
 .debug_frame   0x00000cc0       0x9c ..\Libraries\libBSP.a(misc.o)
 .debug_frame   0x00000d5c      0x434 ..\Libraries\libBSP.a(stm32f4xx_adc.o)
 .debug_frame   0x00001190       0xec ..\Libraries\libBSP.a(stm32f4xx_exti.o)
 .debug_frame   0x0000127c      0x220 ..\Libraries\libBSP.a(stm32f4xx_fsmc.o)
 .debug_frame   0x0000149c      0x19c ..\Libraries\libBSP.a(stm32f4xx_gpio.o)
 .debug_frame   0x00001638      0x5b8 ..\Libraries\libBSP.a(stm32f4xx_rcc.o)
 .debug_frame   0x00001bf0      0x2d0 ..\Libraries\libBSP.a(stm32f4xx_spi.o)
 .debug_frame   0x00001ec0      0x1a4 ..\Libraries\libsGUI.a(text.o)
 .debug_frame   0x00002064      0x6e4 ..\Libraries\libFreeRTOS.a(tasks.o)
 .debug_frame   0x00002748      0x278 ..\Libraries\libFreeRTOS.a(timers.o)
 .debug_frame   0x000029c0      0x150 ..\Libraries\libFreeRTOS.a(port.o)
 .debug_frame   0x00002b10       0xd0 ..\Libraries\libFreeRTOS.a(heap_4.o)
 .debug_frame   0x00002be0       0x9c ..\Libraries\libFreeRTOS.a(list.o)
 .debug_frame   0x00002c7c      0x3ec ..\Libraries\libFreeRTOS.a(queue.o)

Cross Reference Table

Symbol                                            File
ADC_AnalogWatchdogCmd                             ..\Libraries\libBSP.a(stm32f4xx_adc.o)
ADC_AnalogWatchdogSingleChannelConfig             ..\Libraries\libBSP.a(stm32f4xx_adc.o)
ADC_AnalogWatchdogThresholdsConfig                ..\Libraries\libBSP.a(stm32f4xx_adc.o)
ADC_AutoInjectedConvCmd                           ..\Libraries\libBSP.a(stm32f4xx_adc.o)
ADC_ClearFlag                                     ..\Libraries\libBSP.a(stm32f4xx_adc.o)
ADC_ClearITPendingBit                             ..\Libraries\libBSP.a(stm32f4xx_adc.o)
ADC_Cmd                                           ..\Libraries\libBSP.a(stm32f4xx_adc.o)
                                                  ..\Libraries\libBSP.a(carme_io2.o)
ADC_CommonInit                                    ..\Libraries\libBSP.a(stm32f4xx_adc.o)
                                                  ..\Libraries\libBSP.a(carme_io2.o)
ADC_CommonStructInit                              ..\Libraries\libBSP.a(stm32f4xx_adc.o)
ADC_ContinuousModeCmd                             ..\Libraries\libBSP.a(stm32f4xx_adc.o)
ADC_DMACmd                                        ..\Libraries\libBSP.a(stm32f4xx_adc.o)
ADC_DMARequestAfterLastTransferCmd                ..\Libraries\libBSP.a(stm32f4xx_adc.o)
ADC_DeInit                                        ..\Libraries\libBSP.a(stm32f4xx_adc.o)
                                                  ..\Libraries\libBSP.a(carme_io2.o)
ADC_DiscModeChannelCountConfig                    ..\Libraries\libBSP.a(stm32f4xx_adc.o)
ADC_DiscModeCmd                                   ..\Libraries\libBSP.a(stm32f4xx_adc.o)
ADC_EOCOnEachRegularChannelCmd                    ..\Libraries\libBSP.a(stm32f4xx_adc.o)
ADC_ExternalTrigInjectedConvConfig                ..\Libraries\libBSP.a(stm32f4xx_adc.o)
ADC_ExternalTrigInjectedConvEdgeConfig            ..\Libraries\libBSP.a(stm32f4xx_adc.o)
ADC_GetConversionValue                            ..\Libraries\libBSP.a(stm32f4xx_adc.o)
                                                  ..\Libraries\libBSP.a(carme_io2.o)
ADC_GetFlagStatus                                 ..\Libraries\libBSP.a(stm32f4xx_adc.o)
                                                  ..\Libraries\libBSP.a(carme_io2.o)
ADC_GetITStatus                                   ..\Libraries\libBSP.a(stm32f4xx_adc.o)
ADC_GetInjectedConversionValue                    ..\Libraries\libBSP.a(stm32f4xx_adc.o)
ADC_GetMultiModeConversionValue                   ..\Libraries\libBSP.a(stm32f4xx_adc.o)
ADC_GetSoftwareStartConvStatus                    ..\Libraries\libBSP.a(stm32f4xx_adc.o)
ADC_GetSoftwareStartInjectedConvCmdStatus         ..\Libraries\libBSP.a(stm32f4xx_adc.o)
ADC_IRQHandler                                    src\startup.o
ADC_ITConfig                                      ..\Libraries\libBSP.a(stm32f4xx_adc.o)
ADC_Init                                          ..\Libraries\libBSP.a(stm32f4xx_adc.o)
                                                  ..\Libraries\libBSP.a(carme_io2.o)
ADC_InjectedChannelConfig                         ..\Libraries\libBSP.a(stm32f4xx_adc.o)
ADC_InjectedDiscModeCmd                           ..\Libraries\libBSP.a(stm32f4xx_adc.o)
ADC_InjectedSequencerLengthConfig                 ..\Libraries\libBSP.a(stm32f4xx_adc.o)
ADC_MultiModeDMARequestAfterLastTransferCmd       ..\Libraries\libBSP.a(stm32f4xx_adc.o)
ADC_RegularChannelConfig                          ..\Libraries\libBSP.a(stm32f4xx_adc.o)
                                                  ..\Libraries\libBSP.a(carme_io2.o)
ADC_SetInjectedOffset                             ..\Libraries\libBSP.a(stm32f4xx_adc.o)
ADC_SoftwareStartConv                             ..\Libraries\libBSP.a(stm32f4xx_adc.o)
                                                  ..\Libraries\libBSP.a(carme_io2.o)
ADC_SoftwareStartInjectedConv                     ..\Libraries\libBSP.a(stm32f4xx_adc.o)
ADC_StructInit                                    ..\Libraries\libBSP.a(stm32f4xx_adc.o)
                                                  ..\Libraries\libBSP.a(carme_io2.o)
ADC_TempSensorVrefintCmd                          ..\Libraries\libBSP.a(stm32f4xx_adc.o)
ADC_VBATCmd                                       ..\Libraries\libBSP.a(stm32f4xx_adc.o)
AHBPrescTable                                     ..\Libraries\libBSP.a(system_stm32f4xx.o)
BusFault_Handler                                  src\stm32f4xx_it.o
CAN1_RX0_IRQHandler                               src\startup.o
CAN1_RX1_IRQHandler                               src\startup.o
CAN1_SCE_IRQHandler                               src\startup.o
CAN1_TX_IRQHandler                                src\startup.o
CAN2_RX0_IRQHandler                               src\startup.o
CAN2_RX1_IRQHandler                               src\startup.o
CAN2_SCE_IRQHandler                               src\startup.o
CAN2_TX_IRQHandler                                src\startup.o
CARME_AGPIO_Get                                   ..\Libraries\libBSP.a(carme.o)
                                                  ..\Libraries\libBSP.a(carme_io2.o)
                                                  ..\Libraries\libBSP.a(carme_io1.o)
CARME_AGPIO_Set                                   ..\Libraries\libBSP.a(carme.o)
                                                  ..\Libraries\libBSP.a(carme_io2.o)
CARME_CAN_GetAcceptaceFilter                      ..\Libraries\libBSP.a(can.o)
CARME_CAN_Init                                    ..\Libraries\libBSP.a(can.o)
CARME_CAN_InitI                                   ..\Libraries\libBSP.a(can.o)
CARME_CAN_Interrupt_Handler                       ..\Libraries\libBSP.a(can.o)
                                                  src\stm32f4xx_it.o
CARME_CAN_Read                                    ..\Libraries\libBSP.a(can.o)
CARME_CAN_RegisterIRQCallback                     ..\Libraries\libBSP.a(can.o)
CARME_CAN_SetAcceptaceFilter                      ..\Libraries\libBSP.a(can.o)
CARME_CAN_SetBaudrate                             ..\Libraries\libBSP.a(can.o)
CARME_CAN_SetMode                                 ..\Libraries\libBSP.a(can.o)
CARME_CAN_UnregisterIRQCallback                   ..\Libraries\libBSP.a(can.o)
CARME_CAN_Write                                   ..\Libraries\libBSP.a(can.o)
CARME_GPIO_Init                                   ..\Libraries\libBSP.a(carme.o)
                                                  ..\Libraries\libBSP.a(uart.o)
                                                  ..\Libraries\libBSP.a(ssd1963_lld.o)
                                                  ..\Libraries\libBSP.a(carme_io2.o)
                                                  ..\Libraries\libBSP.a(carme_io1.o)
CARME_IO1_BUTTON_Get                              ..\Libraries\libBSP.a(carme_io1.o)
                                                  src\main.o
CARME_IO1_BUTTON_Interrupt                        ..\Libraries\libBSP.a(carme_io1.o)
CARME_IO1_Init                                    ..\Libraries\libBSP.a(carme_io1.o)
                                                  src\main.o
CARME_IO1_LED_Get                                 ..\Libraries\libBSP.a(carme_io1.o)
CARME_IO1_LED_Set                                 ..\Libraries\libBSP.a(carme_io1.o)
                                                  src\main.o
CARME_IO1_PIO_Clear                               ..\Libraries\libBSP.a(carme_io1.o)
CARME_IO1_PIO_Control                             ..\Libraries\libBSP.a(carme_io1.o)
CARME_IO1_PIO_Read                                ..\Libraries\libBSP.a(carme_io1.o)
CARME_IO1_PIO_Set                                 ..\Libraries\libBSP.a(carme_io1.o)
CARME_IO1_PIO_Write                               ..\Libraries\libBSP.a(carme_io1.o)
CARME_IO1_SWITCH_Get                              ..\Libraries\libBSP.a(carme_io1.o)
                                                  src\main.o
CARME_IO2_ADC_Get                                 ..\Libraries\libBSP.a(carme_io2.o)
CARME_IO2_DAC_Set                                 ..\Libraries\libBSP.a(carme_io2.o)
CARME_IO2_GPIO_IN_Get                             ..\Libraries\libBSP.a(carme_io2.o)
CARME_IO2_GPIO_OUT_Set                            ..\Libraries\libBSP.a(carme_io2.o)
CARME_IO2_GPIO_OUT_Settings                       ..\Libraries\libBSP.a(carme_io2.o)
CARME_IO2_Init                                    ..\Libraries\libBSP.a(carme_io2.o)
                                                  src\main.o
CARME_IO2_OPTO_IN_Get                             ..\Libraries\libBSP.a(carme_io2.o)
CARME_IO2_OPTO_OUT_Set                            ..\Libraries\libBSP.a(carme_io2.o)
CARME_IO2_PWM_Phase                               ..\Libraries\libBSP.a(carme_io2.o)
CARME_IO2_PWM_Set                                 ..\Libraries\libBSP.a(carme_io2.o)
CARME_IO2_PWM_Settings                            ..\Libraries\libBSP.a(carme_io2.o)
CARME_IO2_SPI_CS_Out                              ..\Libraries\libBSP.a(carme_io2.o)
CARME_IO2_SPI_Receive                             ..\Libraries\libBSP.a(carme_io2.o)
CARME_IO2_SPI_Select                              ..\Libraries\libBSP.a(carme_io2.o)
CARME_IO2_SPI_Send                                ..\Libraries\libBSP.a(carme_io2.o)
CARME_Init                                        ..\Libraries\libBSP.a(carme.o)
                                                  src\main.o
                                                  src\startup.o
CARME_LED_Green_Reset                             ..\Libraries\libBSP.a(carme.o)
                                                  src\main.o
CARME_LED_Green_Set                               ..\Libraries\libBSP.a(carme.o)
                                                  src\main.o
CARME_LED_Red_Reset                               ..\Libraries\libBSP.a(carme.o)
CARME_LED_Red_Set                                 ..\Libraries\libBSP.a(carme.o)
CARME_UART_GPIO_Init                              ..\Libraries\libBSP.a(uart.o)
CARME_UART_Init                                   ..\Libraries\libBSP.a(uart.o)
                                                  src\main.o
CARME_UART_ReceiveChar                            ..\Libraries\libBSP.a(uart.o)
CARME_UART_ReceiveString                          ..\Libraries\libBSP.a(uart.o)
CARME_UART_SendChar                               ..\Libraries\libBSP.a(uart.o)
CARME_UART_SendString                             ..\Libraries\libBSP.a(uart.o)
CRYP_IRQHandler                                   src\startup.o
DCMI_IRQHandler                                   src\startup.o
DMA1_Stream0_IRQHandler                           src\startup.o
DMA1_Stream1_IRQHandler                           src\startup.o
DMA1_Stream2_IRQHandler                           src\startup.o
DMA1_Stream3_IRQHandler                           src\startup.o
DMA1_Stream4_IRQHandler                           src\startup.o
DMA1_Stream5_IRQHandler                           src\startup.o
DMA1_Stream6_IRQHandler                           src\startup.o
DMA1_Stream7_IRQHandler                           src\startup.o
DMA2_Stream0_IRQHandler                           src\startup.o
DMA2_Stream1_IRQHandler                           src\startup.o
DMA2_Stream2_IRQHandler                           src\startup.o
DMA2_Stream3_IRQHandler                           src\startup.o
DMA2_Stream4_IRQHandler                           src\startup.o
DMA2_Stream5_IRQHandler                           src\startup.o
DMA2_Stream6_IRQHandler                           src\startup.o
DMA2_Stream7_IRQHandler                           src\startup.o
DebugMon_Handler                                  src\stm32f4xx_it.o
Default_Handler                                   src\startup.o
                                                  src\stm32f4xx_it.o
ETH_IRQHandler                                    src\startup.o
ETH_WKUP_IRQHandler                               src\startup.o
EXTI0_IRQHandler                                  src\startup.o
EXTI15_10_IRQHandler                              src\startup.o
EXTI1_IRQHandler                                  src\startup.o
EXTI2_IRQHandler                                  src\startup.o
EXTI3_IRQHandler                                  src\startup.o
EXTI4_IRQHandler                                  src\startup.o
EXTI9_5_IRQHandler                                src\stm32f4xx_it.o
EXTI_ClearFlag                                    ..\Libraries\libBSP.a(stm32f4xx_exti.o)
EXTI_ClearITPendingBit                            ..\Libraries\libBSP.a(stm32f4xx_exti.o)
                                                  src\stm32f4xx_it.o
EXTI_DeInit                                       ..\Libraries\libBSP.a(stm32f4xx_exti.o)
EXTI_GenerateSWInterrupt                          ..\Libraries\libBSP.a(stm32f4xx_exti.o)
EXTI_GetFlagStatus                                ..\Libraries\libBSP.a(stm32f4xx_exti.o)
EXTI_GetITStatus                                  ..\Libraries\libBSP.a(stm32f4xx_exti.o)
                                                  src\stm32f4xx_it.o
EXTI_Init                                         ..\Libraries\libBSP.a(stm32f4xx_exti.o)
                                                  ..\Libraries\libBSP.a(carme_io1.o)
                                                  ..\Libraries\libBSP.a(can.o)
EXTI_StructInit                                   ..\Libraries\libBSP.a(stm32f4xx_exti.o)
FLASH_IRQHandler                                  src\startup.o
FPU_IRQHandler                                    src\startup.o
FSMC_ClearFlag                                    ..\Libraries\libBSP.a(stm32f4xx_fsmc.o)
FSMC_ClearITPendingBit                            ..\Libraries\libBSP.a(stm32f4xx_fsmc.o)
FSMC_GetECC                                       ..\Libraries\libBSP.a(stm32f4xx_fsmc.o)
FSMC_GetFlagStatus                                ..\Libraries\libBSP.a(stm32f4xx_fsmc.o)
FSMC_GetITStatus                                  ..\Libraries\libBSP.a(stm32f4xx_fsmc.o)
FSMC_IRQHandler                                   src\startup.o
FSMC_ITConfig                                     ..\Libraries\libBSP.a(stm32f4xx_fsmc.o)
FSMC_NANDCmd                                      ..\Libraries\libBSP.a(stm32f4xx_fsmc.o)
FSMC_NANDDeInit                                   ..\Libraries\libBSP.a(stm32f4xx_fsmc.o)
FSMC_NANDECCCmd                                   ..\Libraries\libBSP.a(stm32f4xx_fsmc.o)
FSMC_NANDInit                                     ..\Libraries\libBSP.a(stm32f4xx_fsmc.o)
FSMC_NANDStructInit                               ..\Libraries\libBSP.a(stm32f4xx_fsmc.o)
FSMC_NORSRAMCmd                                   ..\Libraries\libBSP.a(stm32f4xx_fsmc.o)
                                                  ..\Libraries\libBSP.a(carme.o)
FSMC_NORSRAMDeInit                                ..\Libraries\libBSP.a(stm32f4xx_fsmc.o)
                                                  ..\Libraries\libBSP.a(carme.o)
FSMC_NORSRAMInit                                  ..\Libraries\libBSP.a(stm32f4xx_fsmc.o)
                                                  ..\Libraries\libBSP.a(carme.o)
FSMC_NORSRAMStructInit                            ..\Libraries\libBSP.a(stm32f4xx_fsmc.o)
FSMC_PCCARDCmd                                    ..\Libraries\libBSP.a(stm32f4xx_fsmc.o)
FSMC_PCCARDDeInit                                 ..\Libraries\libBSP.a(stm32f4xx_fsmc.o)
FSMC_PCCARDInit                                   ..\Libraries\libBSP.a(stm32f4xx_fsmc.o)
FSMC_PCCARDStructInit                             ..\Libraries\libBSP.a(stm32f4xx_fsmc.o)
GPIO_DeInit                                       ..\Libraries\libBSP.a(stm32f4xx_gpio.o)
                                                  ..\Libraries\libBSP.a(carme.o)
GPIO_Init                                         ..\Libraries\libBSP.a(stm32f4xx_gpio.o)
                                                  ..\Libraries\libBSP.a(carme.o)
                                                  ..\Libraries\libBSP.a(can.o)
GPIO_PinAFConfig                                  ..\Libraries\libBSP.a(stm32f4xx_gpio.o)
                                                  ..\Libraries\libBSP.a(carme.o)
GPIO_PinLockConfig                                ..\Libraries\libBSP.a(stm32f4xx_gpio.o)
GPIO_ReadInputData                                ..\Libraries\libBSP.a(stm32f4xx_gpio.o)
GPIO_ReadInputDataBit                             ..\Libraries\libBSP.a(stm32f4xx_gpio.o)
                                                  ..\Libraries\libBSP.a(carme_io2.o)
                                                  ..\Libraries\libBSP.a(carme.o)
GPIO_ReadOutputData                               ..\Libraries\libBSP.a(stm32f4xx_gpio.o)
GPIO_ReadOutputDataBit                            ..\Libraries\libBSP.a(stm32f4xx_gpio.o)
                                                  ..\Libraries\libBSP.a(carme.o)
GPIO_ResetBits                                    ..\Libraries\libBSP.a(stm32f4xx_gpio.o)
GPIO_SetBits                                      ..\Libraries\libBSP.a(stm32f4xx_gpio.o)
GPIO_StructInit                                   ..\Libraries\libBSP.a(stm32f4xx_gpio.o)
                                                  ..\Libraries\libBSP.a(uart.o)
                                                  ..\Libraries\libBSP.a(carme_io2.o)
                                                  ..\Libraries\libBSP.a(carme_io1.o)
                                                  ..\Libraries\libBSP.a(carme.o)
                                                  ..\Libraries\libBSP.a(can.o)
GPIO_ToggleBits                                   ..\Libraries\libBSP.a(stm32f4xx_gpio.o)
GPIO_Write                                        ..\Libraries\libBSP.a(stm32f4xx_gpio.o)
GPIO_WriteBit                                     ..\Libraries\libBSP.a(stm32f4xx_gpio.o)
                                                  ..\Libraries\libBSP.a(ssd1963_lld.o)
                                                  ..\Libraries\libBSP.a(carme_io2.o)
                                                  ..\Libraries\libBSP.a(carme.o)
HASH_RNG_IRQHandler                               src\startup.o
HardFault_Handler                                 src\stm32f4xx_it.o
I2C1_ER_IRQHandler                                src\startup.o
I2C1_EV_IRQHandler                                src\startup.o
I2C2_ER_IRQHandler                                src\startup.o
I2C2_EV_IRQHandler                                src\startup.o
I2C3_ER_IRQHandler                                src\startup.o
I2C3_EV_IRQHandler                                src\startup.o
I2S_Cmd                                           ..\Libraries\libBSP.a(stm32f4xx_spi.o)
I2S_FullDuplexConfig                              ..\Libraries\libBSP.a(stm32f4xx_spi.o)
I2S_Init                                          ..\Libraries\libBSP.a(stm32f4xx_spi.o)
I2S_StructInit                                    ..\Libraries\libBSP.a(stm32f4xx_spi.o)
LCD_ClearLine                                     ..\Libraries\libsGUI.a(text.o)
LCD_DisplayCharLine                               ..\Libraries\libsGUI.a(text.o)
LCD_DisplayCharXY                                 ..\Libraries\libsGUI.a(text.o)
LCD_DisplayStringCenterLine                       ..\Libraries\libsGUI.a(text.o)
                                                  src\main.o
LCD_DisplayStringLine                             ..\Libraries\libsGUI.a(text.o)
LCD_DisplayStringXY                               ..\Libraries\libsGUI.a(text.o)
LCD_DrawCircle                                    ..\Libraries\libsGUI.a(geometry.o)
LCD_DrawCircleF                                   ..\Libraries\libsGUI.a(geometry.o)
LCD_DrawLine                                      ..\Libraries\libsGUI.a(geometry.o)
LCD_DrawRect                                      ..\Libraries\libsGUI.a(geometry.o)
LCD_DrawRectF                                     ..\Libraries\libsGUI.a(geometry.o)
                                                  ..\Libraries\libsGUI.a(text.o)
LCD_GetFont                                       ..\Libraries\libsGUI.a(text.o)
LCD_GetLineCount                                  ..\Libraries\libsGUI.a(text.o)
LCD_SetBackColor                                  ..\Libraries\libsGUI.a(text.o)
LCD_SetFont                                       ..\Libraries\libsGUI.a(text.o)
                                                  src\main.o
LCD_SetTextColor                                  ..\Libraries\libsGUI.a(text.o)
MemManage_Handler                                 src\stm32f4xx_it.o
NMI_Handler                                       src\stm32f4xx_it.o
NVIC_Init                                         ..\Libraries\libBSP.a(misc.o)
                                                  ..\Libraries\libBSP.a(carme_io1.o)
                                                  ..\Libraries\libBSP.a(can.o)
NVIC_PriorityGroupConfig                          ..\Libraries\libBSP.a(misc.o)
                                                  src\main.o
NVIC_SetVectorTable                               ..\Libraries\libBSP.a(misc.o)
NVIC_SystemLPConfig                               ..\Libraries\libBSP.a(misc.o)
OTG_FS_IRQHandler                                 src\startup.o
OTG_FS_WKUP_IRQHandler                            src\startup.o
OTG_HS_EP1_IN_IRQHandler                          src\startup.o
OTG_HS_EP1_OUT_IRQHandler                         src\startup.o
OTG_HS_IRQHandler                                 src\startup.o
OTG_HS_WKUP_IRQHandler                            src\startup.o
PVD_IRQHandler                                    src\startup.o
PendSV_Handler                                    ..\Libraries\libFreeRTOS.a(port.o)
                                                  src\startup.o
RCC_AHB1PeriphClockCmd                            ..\Libraries\libBSP.a(stm32f4xx_rcc.o)
                                                  ..\Libraries\libBSP.a(carme.o)
RCC_AHB1PeriphClockLPModeCmd                      ..\Libraries\libBSP.a(stm32f4xx_rcc.o)
RCC_AHB1PeriphResetCmd                            ..\Libraries\libBSP.a(stm32f4xx_rcc.o)
                                                  ..\Libraries\libBSP.a(stm32f4xx_gpio.o)
RCC_AHB2PeriphClockCmd                            ..\Libraries\libBSP.a(stm32f4xx_rcc.o)
RCC_AHB2PeriphClockLPModeCmd                      ..\Libraries\libBSP.a(stm32f4xx_rcc.o)
RCC_AHB2PeriphResetCmd                            ..\Libraries\libBSP.a(stm32f4xx_rcc.o)
RCC_AHB3PeriphClockCmd                            ..\Libraries\libBSP.a(stm32f4xx_rcc.o)
                                                  ..\Libraries\libBSP.a(carme.o)
RCC_AHB3PeriphClockLPModeCmd                      ..\Libraries\libBSP.a(stm32f4xx_rcc.o)
RCC_AHB3PeriphResetCmd                            ..\Libraries\libBSP.a(stm32f4xx_rcc.o)
RCC_APB1PeriphClockCmd                            ..\Libraries\libBSP.a(stm32f4xx_rcc.o)
                                                  ..\Libraries\libBSP.a(uart.o)
                                                  ..\Libraries\libBSP.a(carme_io2.o)
RCC_APB1PeriphClockLPModeCmd                      ..\Libraries\libBSP.a(stm32f4xx_rcc.o)
RCC_APB1PeriphResetCmd                            ..\Libraries\libBSP.a(stm32f4xx_rcc.o)
                                                  ..\Libraries\libBSP.a(stm32f4xx_usart.o)
                                                  ..\Libraries\libBSP.a(stm32f4xx_tim.o)
                                                  ..\Libraries\libBSP.a(stm32f4xx_spi.o)
RCC_APB2PeriphClockCmd                            ..\Libraries\libBSP.a(stm32f4xx_rcc.o)
                                                  ..\Libraries\libBSP.a(uart.o)
                                                  ..\Libraries\libBSP.a(carme_io2.o)
                                                  ..\Libraries\libBSP.a(carme.o)
RCC_APB2PeriphClockLPModeCmd                      ..\Libraries\libBSP.a(stm32f4xx_rcc.o)
RCC_APB2PeriphResetCmd                            ..\Libraries\libBSP.a(stm32f4xx_rcc.o)
                                                  ..\Libraries\libBSP.a(stm32f4xx_usart.o)
                                                  ..\Libraries\libBSP.a(stm32f4xx_tim.o)
                                                  ..\Libraries\libBSP.a(stm32f4xx_syscfg.o)
                                                  ..\Libraries\libBSP.a(stm32f4xx_spi.o)
                                                  ..\Libraries\libBSP.a(stm32f4xx_adc.o)
RCC_AdjustHSICalibrationValue                     ..\Libraries\libBSP.a(stm32f4xx_rcc.o)
RCC_BackupResetCmd                                ..\Libraries\libBSP.a(stm32f4xx_rcc.o)
RCC_ClearFlag                                     ..\Libraries\libBSP.a(stm32f4xx_rcc.o)
RCC_ClearITPendingBit                             ..\Libraries\libBSP.a(stm32f4xx_rcc.o)
RCC_ClockSecuritySystemCmd                        ..\Libraries\libBSP.a(stm32f4xx_rcc.o)
RCC_DeInit                                        ..\Libraries\libBSP.a(stm32f4xx_rcc.o)
RCC_GetClocksFreq                                 ..\Libraries\libBSP.a(stm32f4xx_rcc.o)
                                                  ..\Libraries\libBSP.a(stm32f4xx_usart.o)
RCC_GetFlagStatus                                 ..\Libraries\libBSP.a(stm32f4xx_rcc.o)
RCC_GetITStatus                                   ..\Libraries\libBSP.a(stm32f4xx_rcc.o)
RCC_GetSYSCLKSource                               ..\Libraries\libBSP.a(stm32f4xx_rcc.o)
RCC_HCLKConfig                                    ..\Libraries\libBSP.a(stm32f4xx_rcc.o)
RCC_HSEConfig                                     ..\Libraries\libBSP.a(stm32f4xx_rcc.o)
RCC_HSICmd                                        ..\Libraries\libBSP.a(stm32f4xx_rcc.o)
RCC_I2SCLKConfig                                  ..\Libraries\libBSP.a(stm32f4xx_rcc.o)
RCC_IRQHandler                                    src\startup.o
RCC_ITConfig                                      ..\Libraries\libBSP.a(stm32f4xx_rcc.o)
RCC_LSEConfig                                     ..\Libraries\libBSP.a(stm32f4xx_rcc.o)
RCC_LSICmd                                        ..\Libraries\libBSP.a(stm32f4xx_rcc.o)
RCC_LTDCCLKDivConfig                              ..\Libraries\libBSP.a(stm32f4xx_rcc.o)
RCC_MCO1Config                                    ..\Libraries\libBSP.a(stm32f4xx_rcc.o)
RCC_MCO2Config                                    ..\Libraries\libBSP.a(stm32f4xx_rcc.o)
RCC_PCLK1Config                                   ..\Libraries\libBSP.a(stm32f4xx_rcc.o)
RCC_PCLK2Config                                   ..\Libraries\libBSP.a(stm32f4xx_rcc.o)
RCC_PLLCmd                                        ..\Libraries\libBSP.a(stm32f4xx_rcc.o)
RCC_PLLConfig                                     ..\Libraries\libBSP.a(stm32f4xx_rcc.o)
RCC_PLLI2SCmd                                     ..\Libraries\libBSP.a(stm32f4xx_rcc.o)
RCC_PLLI2SConfig                                  ..\Libraries\libBSP.a(stm32f4xx_rcc.o)
RCC_PLLSAICmd                                     ..\Libraries\libBSP.a(stm32f4xx_rcc.o)
RCC_PLLSAIConfig                                  ..\Libraries\libBSP.a(stm32f4xx_rcc.o)
RCC_RTCCLKCmd                                     ..\Libraries\libBSP.a(stm32f4xx_rcc.o)
RCC_RTCCLKConfig                                  ..\Libraries\libBSP.a(stm32f4xx_rcc.o)
RCC_SAIBlockACLKConfig                            ..\Libraries\libBSP.a(stm32f4xx_rcc.o)
RCC_SAIBlockBCLKConfig                            ..\Libraries\libBSP.a(stm32f4xx_rcc.o)
RCC_SAIPLLI2SClkDivConfig                         ..\Libraries\libBSP.a(stm32f4xx_rcc.o)
RCC_SAIPLLSAIClkDivConfig                         ..\Libraries\libBSP.a(stm32f4xx_rcc.o)
RCC_SYSCLKConfig                                  ..\Libraries\libBSP.a(stm32f4xx_rcc.o)
RCC_TIMCLKPresConfig                              ..\Libraries\libBSP.a(stm32f4xx_rcc.o)
RCC_WaitForHSEStartUp                             ..\Libraries\libBSP.a(stm32f4xx_rcc.o)
RTC_Alarm_IRQHandler                              src\startup.o
RTC_WKUP_IRQHandler                               src\startup.o
Reset_Handler                                     src\startup.o
SDIO_IRQHandler                                   src\startup.o
SPI1_IRQHandler                                   src\startup.o
SPI2_IRQHandler                                   src\startup.o
SPI3_IRQHandler                                   src\startup.o
SPI_BiDirectionalLineConfig                       ..\Libraries\libBSP.a(stm32f4xx_spi.o)
SPI_CalculateCRC                                  ..\Libraries\libBSP.a(stm32f4xx_spi.o)
SPI_Cmd                                           ..\Libraries\libBSP.a(stm32f4xx_spi.o)
                                                  ..\Libraries\libBSP.a(carme_io2.o)
SPI_DataSizeConfig                                ..\Libraries\libBSP.a(stm32f4xx_spi.o)
SPI_GetCRC                                        ..\Libraries\libBSP.a(stm32f4xx_spi.o)
SPI_GetCRCPolynomial                              ..\Libraries\libBSP.a(stm32f4xx_spi.o)
SPI_I2S_ClearFlag                                 ..\Libraries\libBSP.a(stm32f4xx_spi.o)
SPI_I2S_ClearITPendingBit                         ..\Libraries\libBSP.a(stm32f4xx_spi.o)
SPI_I2S_DMACmd                                    ..\Libraries\libBSP.a(stm32f4xx_spi.o)
SPI_I2S_DeInit                                    ..\Libraries\libBSP.a(stm32f4xx_spi.o)
                                                  ..\Libraries\libBSP.a(carme_io2.o)
SPI_I2S_GetFlagStatus                             ..\Libraries\libBSP.a(stm32f4xx_spi.o)
                                                  ..\Libraries\libBSP.a(carme_io2.o)
SPI_I2S_GetITStatus                               ..\Libraries\libBSP.a(stm32f4xx_spi.o)
SPI_I2S_ITConfig                                  ..\Libraries\libBSP.a(stm32f4xx_spi.o)
SPI_I2S_ReceiveData                               ..\Libraries\libBSP.a(stm32f4xx_spi.o)
                                                  ..\Libraries\libBSP.a(carme_io2.o)
SPI_I2S_SendData                                  ..\Libraries\libBSP.a(stm32f4xx_spi.o)
                                                  ..\Libraries\libBSP.a(carme_io2.o)
SPI_Init                                          ..\Libraries\libBSP.a(stm32f4xx_spi.o)
                                                  ..\Libraries\libBSP.a(carme_io2.o)
SPI_NSSInternalSoftwareConfig                     ..\Libraries\libBSP.a(stm32f4xx_spi.o)
SPI_SSOutputCmd                                   ..\Libraries\libBSP.a(stm32f4xx_spi.o)
SPI_StructInit                                    ..\Libraries\libBSP.a(stm32f4xx_spi.o)
                                                  ..\Libraries\libBSP.a(carme_io2.o)
SPI_TIModeCmd                                     ..\Libraries\libBSP.a(stm32f4xx_spi.o)
SPI_TransmitCRC                                   ..\Libraries\libBSP.a(stm32f4xx_spi.o)
SSD1963_FillArea                                  ..\Libraries\libBSP.a(ssd1963.o)
                                                  ..\Libraries\libsGUI.a(geometry.o)
SSD1963_GetDeviceDescriptorBlock                  ..\Libraries\libBSP.a(ssd1963.o)
SSD1963_Init                                      ..\Libraries\libBSP.a(ssd1963.o)
                                                  src\main.o
SSD1963_LLD_Init                                  ..\Libraries\libBSP.a(ssd1963_lld.o)
                                                  ..\Libraries\libBSP.a(ssd1963.o)
SSD1963_ReadPixel                                 ..\Libraries\libBSP.a(ssd1963.o)