Archive member included to satisfy reference by file (symbol)

c:/apps/atollic/truestudio for arm 5.5.1/armtools/bin/../lib/gcc/arm-atollic-eabi/5.3.1/../../../../arm-atollic-eabi/lib/armv7e-m/softfp\libc_nano.a(lib_a-init.o)
                              src\startup.o (__libc_init_array)
c:/apps/atollic/truestudio for arm 5.5.1/armtools/bin/../lib/gcc/arm-atollic-eabi/5.3.1/../../../../arm-atollic-eabi/lib/armv7e-m/softfp\libc_nano.a(lib_a-reent.o)
                              src\syscalls.o (errno)
c:/apps/atollic/truestudio for arm 5.5.1/armtools/bin/../lib/gcc/arm-atollic-eabi/5.3.1/../../../../arm-atollic-eabi/lib/armv7e-m/softfp\libc_nano.a(lib_a-strlen.o)
                              src\tiny_printf.o (strlen)
c:/apps/atollic/truestudio for arm 5.5.1/armtools/bin/../lib/gcc/arm-atollic-eabi/5.3.1/../../../../arm-atollic-eabi/lib/armv7e-m/softfp\libc_nano.a(lib_a-impure.o)
                              c:/apps/atollic/truestudio for arm 5.5.1/armtools/bin/../lib/gcc/arm-atollic-eabi/5.3.1/../../../../arm-atollic-eabi/lib/armv7e-m/softfp\libc_nano.a(lib_a-reent.o) (_impure_ptr)
c:/apps/atollic/truestudio for arm 5.5.1/armtools/bin/../lib/gcc/arm-atollic-eabi/5.3.1/../../../../arm-atollic-eabi/lib/armv7e-m/softfp\libc_nano.a(lib_a-nano-freer.o)
                              c:/apps/atollic/truestudio for arm 5.5.1/armtools/bin/../lib/gcc/arm-atollic-eabi/5.3.1/../../../../arm-atollic-eabi/lib/armv7e-m/softfp\libc_nano.a(lib_a-reent.o) (_free_r)
c:/apps/atollic/truestudio for arm 5.5.1/armtools/bin/../lib/gcc/arm-atollic-eabi/5.3.1/../../../../arm-atollic-eabi/lib/armv7e-m/softfp\libc_nano.a(lib_a-nano-mallocr.o)
                              c:/apps/atollic/truestudio for arm 5.5.1/armtools/bin/../lib/gcc/arm-atollic-eabi/5.3.1/../../../../arm-atollic-eabi/lib/armv7e-m/softfp\libc_nano.a(lib_a-nano-freer.o) (__malloc_free_list)
c:/apps/atollic/truestudio for arm 5.5.1/armtools/bin/../lib/gcc/arm-atollic-eabi/5.3.1/../../../../arm-atollic-eabi/lib/armv7e-m/softfp\libc_nano.a(lib_a-sbrkr.o)
                              c:/apps/atollic/truestudio for arm 5.5.1/armtools/bin/../lib/gcc/arm-atollic-eabi/5.3.1/../../../../arm-atollic-eabi/lib/armv7e-m/softfp\libc_nano.a(lib_a-nano-mallocr.o) (_sbrk_r)
c:/apps/atollic/truestudio for arm 5.5.1/armtools/bin/../lib/gcc/arm-atollic-eabi/5.3.1/../../../../arm-atollic-eabi/lib/armv7e-m/softfp\libc_nano.a(lib_a-mlock.o)
                              c:/apps/atollic/truestudio for arm 5.5.1/armtools/bin/../lib/gcc/arm-atollic-eabi/5.3.1/../../../../arm-atollic-eabi/lib/armv7e-m/softfp\libc_nano.a(lib_a-nano-freer.o) (__malloc_lock)
..\Libraries\libBSP.a(can.o)  src\stm32f4xx_it.o (CARME_CAN_Interrupt_Handler)
..\Libraries\libBSP.a(carme.o)
                              src\startup.o (CARME_Init)
..\Libraries\libBSP.a(carme_io1.o)
                              src\main.o (CARME_IO1_Init)
..\Libraries\libBSP.a(carme_io2.o)
                              src\main.o (CARME_IO2_Init)
..\Libraries\libBSP.a(system_stm32f4xx.o)
                              src\startup.o (SystemInit)
..\Libraries\libBSP.a(uart.o)
                              src\main.o (CARME_UART_Init)
..\Libraries\libBSP.a(misc.o)
                              src\main.o (NVIC_PriorityGroupConfig)
..\Libraries\libBSP.a(stm32f4xx_adc.o)
                              ..\Libraries\libBSP.a(carme_io2.o) (ADC_DeInit)
..\Libraries\libBSP.a(stm32f4xx_exti.o)
                              ..\Libraries\libBSP.a(can.o) (EXTI_Init)
..\Libraries\libBSP.a(stm32f4xx_fsmc.o)
                              ..\Libraries\libBSP.a(carme.o) (FSMC_NORSRAMDeInit)
..\Libraries\libBSP.a(stm32f4xx_gpio.o)
                              ..\Libraries\libBSP.a(carme.o) (GPIO_DeInit)
..\Libraries\libBSP.a(stm32f4xx_rcc.o)
                              ..\Libraries\libBSP.a(carme.o) (RCC_AHB1PeriphClockCmd)
..\Libraries\libBSP.a(stm32f4xx_spi.o)
                              ..\Libraries\libBSP.a(carme_io2.o) (SPI_I2S_DeInit)
..\Libraries\libBSP.a(stm32f4xx_syscfg.o)
                              ..\Libraries\libBSP.a(can.o) (SYSCFG_EXTILineConfig)
..\Libraries\libBSP.a(stm32f4xx_tim.o)
                              ..\Libraries\libBSP.a(carme_io2.o) (TIM_DeInit)
..\Libraries\libBSP.a(stm32f4xx_usart.o)
                              ..\Libraries\libBSP.a(uart.o) (USART_DeInit)
..\Libraries\libFreeRTOS.a(port.o)
                              src\main.o (vPortEnterCritical)
..\Libraries\libFreeRTOS.a(tasks.o)
                              ..\Libraries\libFreeRTOS.a(port.o) (pxCurrentTCB)
..\Libraries\libFreeRTOS.a(timers.o)
                              ..\Libraries\libFreeRTOS.a(tasks.o) (xTimerCreateTimerTask)
..\Libraries\libFreeRTOS.a(heap_4.o)
                              ..\Libraries\libFreeRTOS.a(tasks.o) (pvPortMalloc)
..\Libraries\libFreeRTOS.a(list.o)
                              ..\Libraries\libFreeRTOS.a(tasks.o) (vListInitialise)
..\Libraries\libFreeRTOS.a(queue.o)
[...]
Memory Configuration

Name             Origin             Length             Attributes
FLASH            0x08000000         0x00100000         xr
RAM              0x20000000         0x00020000         xrw
MEMORY_B1        0x60000000         0x00000000         xr
CCMRAM           0x10000000         0x00010000         rw
*default*        0x00000000         0xffffffff

Linker script and memory map

LOAD c:/apps/atollic/truestudio for arm 5.5.1/armtools/bin/../lib/gcc/arm-atollic-eabi/5.3.1/armv7e-m/softfp/crti.o
LOAD c:/apps/atollic/truestudio for arm 5.5.1/armtools/bin/../lib/gcc/arm-atollic-eabi/5.3.1/armv7e-m/softfp/crtbegin.o
LOAD src\tiny_printf.o
LOAD src\syscalls.o
LOAD src\stm32f4xx_it.o
LOAD src\startup.o
LOAD src\main.o
START GROUP
LOAD c:/apps/atollic/truestudio for arm 5.5.1/armtools/bin/../lib/gcc/arm-atollic-eabi/5.3.1/../../../../arm-atollic-eabi/lib/armv7e-m/softfp\libc_nano.a
LOAD c:/apps/atollic/truestudio for arm 5.5.1/armtools/bin/../lib/gcc/arm-atollic-eabi/5.3.1/../../../../arm-atollic-eabi/lib/armv7e-m/softfp\libm.a
END GROUP
                0x00000080                malloc_getpagesize_P = 0x80
START GROUP
LOAD c:/apps/atollic/truestudio for arm 5.5.1/armtools/bin/../lib/gcc/arm-atollic-eabi/5.3.1/armv7e-m/softfp\libgcc.a
LOAD c:/apps/atollic/truestudio for arm 5.5.1/armtools/bin/../lib/gcc/arm-atollic-eabi/5.3.1/../../../../arm-atollic-eabi/lib/armv7e-m/softfp\libc_nano.a
END GROUP
START GROUP
LOAD c:/apps/atollic/truestudio for arm 5.5.1/armtools/bin/../lib/gcc/arm-atollic-eabi/5.3.1/armv7e-m/softfp\libgcc.a
LOAD c:/apps/atollic/truestudio for arm 5.5.1/armtools/bin/../lib/gcc/arm-atollic-eabi/5.3.1/../../../../arm-atollic-eabi/lib/armv7e-m/softfp\libc_nano.a
LOAD c:/apps/atollic/truestudio for arm 5.5.1/armtools/bin/../lib/gcc/arm-atollic-eabi/5.3.1/../../../../arm-atollic-eabi/lib/armv7e-m/softfp\libnosys.a
END GROUP
START GROUP
LOAD c:/apps/atollic/truestudio for arm 5.5.1/armtools/bin/../lib/gcc/arm-atollic-eabi/5.3.1/armv7e-m/softfp\libgcc.a
LOAD c:/apps/atollic/truestudio for arm 5.5.1/armtools/bin/../lib/gcc/arm-atollic-eabi/5.3.1/../../../../arm-atollic-eabi/lib/armv7e-m/softfp\libc_nano.a
LOAD c:/apps/atollic/truestudio for arm 5.5.1/armtools/bin/../lib/gcc/arm-atollic-eabi/5.3.1/../../../../arm-atollic-eabi/lib/armv7e-m/softfp\libnosys.a
END GROUP
LOAD c:/apps/atollic/truestudio for arm 5.5.1/armtools/bin/../lib/gcc/arm-atollic-eabi/5.3.1/armv7e-m/softfp/crtend.o
LOAD c:/apps/atollic/truestudio for arm 5.5.1/armtools/bin/../lib/gcc/arm-atollic-eabi/5.3.1/armv7e-m/softfp/crtn.o
LOAD ..\Libraries\libBSP.a
LOAD ..\Libraries\libsGUI.a
LOAD ..\Libraries\libFreeRTOS.a
                0x20020000                _estack = 0x20020000
                0x00001000                _Min_Heap_Size = 0x1000
                0x00001000                _Min_Stack_Size = 0x1000

.isr_vector     0x08000000      0x188
                0x08000000                . = ALIGN (0x4)
 *(.isr_vector)
 .isr_vector    0x08000000      0x188 src\startup.o
                0x08000000                g_pfnVectors
                0x08000188                . = ALIGN (0x4)

.text           0x08000188     0x41ec
                0x08000188                . = ALIGN (0x4)
 *(.text)
 .text          0x08000188       0x40 c:/apps/atollic/truestudio for arm 5.5.1/armtools/bin/../lib/gcc/arm-atollic-eabi/5.3.1/armv7e-m/softfp/crtbegin.o
 *(.text*)
 .text.NMI_Handler
                0x080001c8       0x10 src\stm32f4xx_it.o
                0x080001c8                NMI_Handler
 .text.HardFault_Handler
                0x080001d8        0xc src\stm32f4xx_it.o
                0x080001d8                HardFault_Handler
 .text.MemManage_Handler
                0x080001e4        0x8 src\stm32f4xx_it.o
                0x080001e4                MemManage_Handler
 .text.BusFault_Handler
                0x080001ec        0xc src\stm32f4xx_it.o
                0x080001ec                BusFault_Handler
 .text.UsageFault_Handler
                0x080001f8        0xc src\stm32f4xx_it.o
                0x080001f8                UsageFault_Handler
 .text.DebugMon_Handler
                0x08000204       0x10 src\stm32f4xx_it.o
                0x08000204                DebugMon_Handler
 .text.EXTI9_5_IRQHandler
                0x08000214       0x24 src\stm32f4xx_it.o
                0x08000214                EXTI9_5_IRQHandler
 .text.Reset_Handler
                0x08000238       0x4c src\startup.o
                0x08000238                Reset_Handler
 .text.Default_Handler
                0x08000284       0x74 src\startup.o
                0x0800028c                RTC_Alarm_IRQHandler
                0x0800028c                HASH_RNG_IRQHandler
                0x0800028c                EXTI2_IRQHandler
                0x0800028c                TIM8_CC_IRQHandler
                0x0800028c                TIM1_CC_IRQHandler
                0x0800028c                DMA2_Stream5_IRQHandler
                0x0800028c                DMA1_Stream5_IRQHandler
                0x0800028c                PVD_IRQHandler
                0x0800028c                SDIO_IRQHandler
                0x0800028c                TAMP_STAMP_IRQHandler
                0x0800028c                CAN2_RX1_IRQHandler
                0x0800028c                EXTI3_IRQHandler
                0x0800028c                TIM8_TRG_COM_TIM14_IRQHandler
                0x0800028c                TIM1_UP_TIM10_IRQHandler
                0x0800028c                TIM8_UP_TIM13_IRQHandler
                0x0800028c                I2C3_ER_IRQHandler
                0x0800028c                EXTI0_IRQHandler
                0x0800028c                I2C2_EV_IRQHandler
                0x0800028c                DMA1_Stream2_IRQHandler
                0x0800028c                CAN1_RX0_IRQHandler
                0x0800028c                FPU_IRQHandler
                0x0800028c                OTG_HS_WKUP_IRQHandler
                0x0800028c                CAN2_SCE_IRQHandler
                0x0800028c                DMA2_Stream2_IRQHandler
                0x0800028c                SPI1_IRQHandler
                0x0800028c                TIM6_DAC_IRQHandler
                0x0800028c                TIM1_BRK_TIM9_IRQHandler
                0x0800028c                DCMI_IRQHandler
                0x0800028c                CAN2_RX0_IRQHandler
                0x0800028c                DMA2_Stream3_IRQHandler
                0x0800028c                USART6_IRQHandler
                0x0800028c                USART3_IRQHandler
                0x0800028c                CRYP_IRQHandler
                0x0800028c                CAN1_RX1_IRQHandler
                0x0800028c                UART5_IRQHandler
                0x0800028c                DMA2_Stream0_IRQHandler
                0x0800028c                vApplicationMallocFailedHook
                0x0800028c                TIM4_IRQHandler
                0x0800028c                I2C1_EV_IRQHandler
                0x0800028c                DMA1_Stream6_IRQHandler
                0x0800028c                DMA1_Stream1_IRQHandler
                0x0800028c                UART4_IRQHandler
                0x0800028c                TIM3_IRQHandler
                0x0800028c                RCC_IRQHandler
                0x0800028c                TIM8_BRK_TIM12_IRQHandler
                0x0800028c                Default_Handler
                0x0800028c                EXTI15_10_IRQHandler
                0x0800028c                ADC_IRQHandler
                0x0800028c                DMA1_Stream7_IRQHandler
                0x0800028c                TIM7_IRQHandler
                0x0800028c                CAN2_TX_IRQHandler
                0x0800028c                TIM5_IRQHandler
                0x0800028c                DMA2_Stream7_IRQHandler
                0x0800028c                I2C3_EV_IRQHandler
                0x0800028c                vApplicationStackOverflowHook
                0x0800028c                RTC_WKUP_IRQHandler
                0x0800028c                ETH_WKUP_IRQHandler
                0x0800028c                SPI2_IRQHandler
                0x0800028c                OTG_HS_EP1_IN_IRQHandler
                0x0800028c                DMA1_Stream0_IRQHandler
                0x0800028c                CAN1_TX_IRQHandler
                0x0800028c                EXTI4_IRQHandler
                0x0800028c                FSMC_IRQHandler
                0x0800028c                ETH_IRQHandler
                0x0800028c                OTG_HS_EP1_OUT_IRQHandler
                0x0800028c                WWDG_IRQHandler
                0x0800028c                TIM2_IRQHandler
                0x0800028c                OTG_FS_WKUP_IRQHandler
                0x0800028c                TIM1_TRG_COM_TIM11_IRQHandler
                0x0800028c                OTG_HS_IRQHandler
                0x0800028c                EXTI1_IRQHandler
                0x0800028c                USART2_IRQHandler
                0x0800028c                I2C2_ER_IRQHandler
                0x0800028c                DMA2_Stream1_IRQHandler
                0x0800028c                CAN1_SCE_IRQHandler
                0x0800028c                FLASH_IRQHandler
                0x0800028c                DMA2_Stream4_IRQHandler
                0x0800028c                USART1_IRQHandler
                0x0800028c                OTG_FS_IRQHandler
                0x0800028c                SPI3_IRQHandler
                0x0800028c                DMA1_Stream4_IRQHandler
                0x0800028c                I2C1_ER_IRQHandler
                0x0800028c                DMA2_Stream6_IRQHandler
                0x0800028c                DMA1_Stream3_IRQHandler
 .text.main     0x080002f8       0x60 src\main.o
                0x080002f8                main
 .text.ReadPoti
                0x08000358       0x48 src\main.o
 .text.SetLEDSpeed
                0x080003a0       0x50 src\main.o
 .text.__libc_init_array
                0x080003f0       0x4c c:/apps/atollic/truestudio for arm 5.5.1/armtools/bin/../lib/gcc/arm-atollic-eabi/5.3.1/../../../../arm-atollic-eabi/lib/armv7e-m/softfp\libc_nano.a(lib_a-init.o)
                0x080003f0                __libc_init_array
 .text.CARME_CAN_Read_Register
                0x0800043c       0x30 ..\Libraries\libBSP.a(can.o)
 .text.CARME_CAN_Interrupt_Handler
                0x0800046c       0xf8 ..\Libraries\libBSP.a(can.o)
                0x0800046c                CARME_CAN_Interrupt_Handler
 .text.CARME_Init
                0x08000564       0xc0 ..\Libraries\libBSP.a(carme.o)
                0x08000564                CARME_Init
 .text.CARME_FSMC_GPIO_Init
                0x08000624       0x54 ..\Libraries\libBSP.a(carme.o)
 .text.CARME_FSMC_Init
                0x08000678      0x164 ..\Libraries\libBSP.a(carme.o)
 .text.CARME_AGPIO_Init
                0x080007dc       0x24 ..\Libraries\libBSP.a(carme.o)
 .text.CARME_GPIO_Init
                0x08000800      0x1f4 ..\Libraries\libBSP.a(carme.o)
                0x08000800                CARME_GPIO_Init
 .text.CARME_IO1_Init
                0x080009f4       0x24 ..\Libraries\libBSP.a(carme_io1.o)
                0x080009f4                CARME_IO1_Init
 .text.CARME_IO1_LED_Set
                0x08000a18       0x9c ..\Libraries\libBSP.a(carme_io1.o)
                0x08000a18                CARME_IO1_LED_Set
 .text.CARME_IO1_LED_Get
                0x08000ab4       0x20 ..\Libraries\libBSP.a(carme_io1.o)
                0x08000ab4                CARME_IO1_LED_Get
 .text.CARME_IO2_Init
                0x08000ad4      0x128 ..\Libraries\libBSP.a(carme_io2.o)
                0x08000ad4                CARME_IO2_Init
 .text.CARME_IO2_ADC_Get
                0x08000bfc       0x54 ..\Libraries\libBSP.a(carme_io2.o)
                0x08000bfc                CARME_IO2_ADC_Get
 .text.CARME_IO2_SPI_CS_Out
                0x08000c50       0x20 ..\Libraries\libBSP.a(carme_io2.o)
                0x08000c50                CARME_IO2_SPI_CS_Out
 .text.SystemInit
                0x08000c70       0x68 ..\Libraries\libBSP.a(system_stm32f4xx.o)
                0x08000c70                SystemInit
 .text.SetSysClock
                0x08000cd8       0xf4 ..\Libraries\libBSP.a(system_stm32f4xx.o)
 .text.NVIC_PriorityGroupConfig
                0x08000dcc       0x24 ..\Libraries\libBSP.a(misc.o)
                0x08000dcc                NVIC_PriorityGroupConfig
 .text.ADC_DeInit
                0x08000df0       0x1c ..\Libraries\libBSP.a(stm32f4xx_adc.o)
                0x08000df0                ADC_DeInit
 .text.ADC_Init
                0x08000e0c       0xa8 ..\Libraries\libBSP.a(stm32f4xx_adc.o)
                0x08000e0c                ADC_Init
 .text.ADC_StructInit
                0x08000eb4       0x3c ..\Libraries\libBSP.a(stm32f4xx_adc.o)
                0x08000eb4                ADC_StructInit
 .text.ADC_CommonInit
                0x08000ef0       0x50 ..\Libraries\libBSP.a(stm32f4xx_adc.o)
                0x08000ef0                ADC_CommonInit
 .text.ADC_Cmd  0x08000f40       0x38 ..\Libraries\libBSP.a(stm32f4xx_adc.o)
                0x08000f40                ADC_Cmd
 .text.ADC_RegularChannelConfig
                0x08000f78      0x188 ..\Libraries\libBSP.a(stm32f4xx_adc.o)
                0x08000f78                ADC_RegularChannelConfig
 .text.ADC_SoftwareStartConv
                0x08001100       0x20 ..\Libraries\libBSP.a(stm32f4xx_adc.o)
                0x08001100                ADC_SoftwareStartConv
 .text.ADC_GetConversionValue
                0x08001120       0x1c ..\Libraries\libBSP.a(stm32f4xx_adc.o)
                0x08001120                ADC_GetConversionValue
 .text.ADC_GetFlagStatus
                0x0800113c       0x34 ..\Libraries\libBSP.a(stm32f4xx_adc.o)
                0x0800113c                ADC_GetFlagStatus
 .text.EXTI_GetITStatus
                0x08001170       0x34 ..\Libraries\libBSP.a(stm32f4xx_exti.o)
                0x08001170                EXTI_GetITStatus
 .text.EXTI_ClearITPendingBit
                0x080011a4       0x1c ..\Libraries\libBSP.a(stm32f4xx_exti.o)
                0x080011a4                EXTI_ClearITPendingBit
 .text.FSMC_NORSRAMDeInit
                0x080011c0       0x58 ..\Libraries\libBSP.a(stm32f4xx_fsmc.o)
                0x080011c0                FSMC_NORSRAMDeInit
 .text.FSMC_NORSRAMInit
                0x08001218      0x134 ..\Libraries\libBSP.a(stm32f4xx_fsmc.o)
                0x08001218                FSMC_NORSRAMInit
 .text.FSMC_NORSRAMCmd
                0x0800134c       0x54 ..\Libraries\libBSP.a(stm32f4xx_fsmc.o)
                0x0800134c                FSMC_NORSRAMCmd
 .text.GPIO_DeInit
                0x080013a0      0x164 ..\Libraries\libBSP.a(stm32f4xx_gpio.o)
                0x080013a0                GPIO_DeInit
 .text.GPIO_Init
                0x08001504      0x11c ..\Libraries\libBSP.a(stm32f4xx_gpio.o)
                0x08001504                GPIO_Init
 .text.GPIO_StructInit
                0x08001620       0x34 ..\Libraries\libBSP.a(stm32f4xx_gpio.o)
                0x08001620                GPIO_StructInit
 .text.GPIO_WriteBit
                0x08001654       0x30 ..\Libraries\libBSP.a(stm32f4xx_gpio.o)
                0x08001654                GPIO_WriteBit
 .text.GPIO_PinAFConfig
                0x08001684       0x8c ..\Libraries\libBSP.a(stm32f4xx_gpio.o)
                0x08001684                GPIO_PinAFConfig
 .text.RCC_AHB1PeriphClockCmd
                0x08001710       0x3c ..\Libraries\libBSP.a(stm32f4xx_rcc.o)
                0x08001710                RCC_AHB1PeriphClockCmd
 .text.RCC_AHB3PeriphClockCmd
                0x0800174c       0x3c ..\Libraries\libBSP.a(stm32f4xx_rcc.o)
                0x0800174c                RCC_AHB3PeriphClockCmd
 .text.RCC_APB1PeriphClockCmd
                0x08001788       0x3c ..\Libraries\libBSP.a(stm32f4xx_rcc.o)
                0x08001788                RCC_APB1PeriphClockCmd
 .text.RCC_APB2PeriphClockCmd
                0x080017c4       0x3c ..\Libraries\libBSP.a(stm32f4xx_rcc.o)
                0x080017c4                RCC_APB2PeriphClockCmd
 .text.RCC_AHB1PeriphResetCmd
                0x08001800       0x3c ..\Libraries\libBSP.a(stm32f4xx_rcc.o)
                0x08001800                RCC_AHB1PeriphResetCmd
 .text.RCC_APB1PeriphResetCmd
                0x0800183c       0x3c ..\Libraries\libBSP.a(stm32f4xx_rcc.o)
                0x0800183c                RCC_APB1PeriphResetCmd
 .text.RCC_APB2PeriphResetCmd
                0x08001878       0x3c ..\Libraries\libBSP.a(stm32f4xx_rcc.o)
                0x08001878                RCC_APB2PeriphResetCmd
 .text.SPI_I2S_DeInit
                0x080018b4       0xd8 ..\Libraries\libBSP.a(stm32f4xx_spi.o)
                0x080018b4                SPI_I2S_DeInit
 .text.SPI_Init
                0x0800198c       0x88 ..\Libraries\libBSP.a(stm32f4xx_spi.o)
                0x0800198c                SPI_Init
 .text.SPI_StructInit
                0x08001a14       0x48 ..\Libraries\libBSP.a(stm32f4xx_spi.o)
                0x08001a14                SPI_StructInit
 .text.SPI_Cmd  0x08001a5c       0x40 ..\Libraries\libBSP.a(stm32f4xx_spi.o)
                0x08001a5c                SPI_Cmd
 .text.pxPortInitialiseStack
                0x08001a9c       0x64 ..\Libraries\libFreeRTOS.a(port.o)
                0x08001a9c                pxPortInitialiseStack
 .text.prvTaskExitError
                0x08001b00       0x3c ..\Libraries\libFreeRTOS.a(port.o)
 .text.SVC_Handler
                0x08001b3c       0x20 ..\Libraries\libFreeRTOS.a(port.o)
                0x08001b3c                SVC_Handler
 .text.prvPortStartFirstTask
                0x08001b5c       0x20 ..\Libraries\libFreeRTOS.a(port.o)
 .text.xPortStartScheduler
                0x08001b7c       0xd0 ..\Libraries\libFreeRTOS.a(port.o)
                0x08001b7c                xPortStartScheduler
 .text.vPortEnterCritical
                0x08001c4c       0x5c ..\Libraries\libFreeRTOS.a(port.o)
                0x08001c4c                vPortEnterCritical
 .text.vPortExitCritical
                0x08001ca8       0x4c ..\Libraries\libFreeRTOS.a(port.o)
                0x08001ca8                vPortExitCritical
 .text.PendSV_Handler
                0x08001cf4       0x60 ..\Libraries\libFreeRTOS.a(port.o)
                0x08001cf4                PendSV_Handler
 .text.SysTick_Handler
                0x08001d54       0x44 ..\Libraries\libFreeRTOS.a(port.o)
                0x08001d54                SysTick_Handler
 .text.vPortSetupTimerInterrupt
                0x08001d98       0x34 ..\Libraries\libFreeRTOS.a(port.o)
                0x08001d98                vPortSetupTimerInterrupt
 .text.vPortEnableVFP
                0x08001dcc       0x14 ..\Libraries\libFreeRTOS.a(port.o)
 .text.vPortValidateInterruptPriority
                0x08001de0       0x78 ..\Libraries\libFreeRTOS.a(port.o)
                0x08001de0                vPortValidateInterruptPriority
 .text.xTaskCreate
                0x08001e58       0x84 ..\Libraries\libFreeRTOS.a(tasks.o)
                0x08001e58                xTaskCreate
 .text.prvInitialiseNewTask
                0x08001edc      0x108 ..\Libraries\libFreeRTOS.a(tasks.o)
 .text.prvAddNewTaskToReadyList
                0x08001fe4       0xdc ..\Libraries\libFreeRTOS.a(tasks.o)
 .text.vTaskDelay
                0x080020c0       0x64 ..\Libraries\libFreeRTOS.a(tasks.o)
                0x080020c0                vTaskDelay
 .text.vTaskStartScheduler
                0x08002124       0x94 ..\Libraries\libFreeRTOS.a(tasks.o)
                0x08002124                vTaskStartScheduler
 .text.vTaskSuspendAll
                0x080021b8       0x1c ..\Libraries\libFreeRTOS.a(tasks.o)
                0x080021b8                vTaskSuspendAll
 .text.xTaskResumeAll
                0x080021d4      0x138 ..\Libraries\libFreeRTOS.a(tasks.o)
                0x080021d4                xTaskResumeAll
 .text.xTaskGetTickCount
                0x0800230c       0x20 ..\Libraries\libFreeRTOS.a(tasks.o)
                0x0800230c                xTaskGetTickCount
 .text.xTaskIncrementTick
                0x0800232c      0x178 ..\Libraries\libFreeRTOS.a(tasks.o)
                0x0800232c                xTaskIncrementTick
 .text.vTaskSwitchContext
                0x080024a4       0xfc ..\Libraries\libFreeRTOS.a(tasks.o)
                0x080024a4                vTaskSwitchContext
 .text.vTaskPlaceOnEventList
                0x080025a0       0x44 ..\Libraries\libFreeRTOS.a(tasks.o)
                0x080025a0                vTaskPlaceOnEventList
 .text.vTaskPlaceOnEventListRestricted
                0x080025e4       0x54 ..\Libraries\libFreeRTOS.a(tasks.o)
                0x080025e4                vTaskPlaceOnEventListRestricted
 .text.xTaskRemoveFromEventList
                0x08002638       0xc4 ..\Libraries\libFreeRTOS.a(tasks.o)
                0x08002638                xTaskRemoveFromEventList
 .text.vTaskSetTimeOutState
                0x080026fc       0x44 ..\Libraries\libFreeRTOS.a(tasks.o)
                0x080026fc                vTaskSetTimeOutState
 .text.xTaskCheckForTimeOut
                0x08002740       0xbc ..\Libraries\libFreeRTOS.a(tasks.o)
                0x08002740                xTaskCheckForTimeOut
 .text.vTaskMissedYield
                0x080027fc       0x18 ..\Libraries\libFreeRTOS.a(tasks.o)
                0x080027fc                vTaskMissedYield
 .text.prvIdleTask
                0x08002814       0x30 ..\Libraries\libFreeRTOS.a(tasks.o)
 .text.prvInitialiseTaskLists
                0x08002844       0x7c ..\Libraries\libFreeRTOS.a(tasks.o)
 .text.prvCheckTasksWaitingTermination
                0x080028c0       0x74 ..\Libraries\libFreeRTOS.a(tasks.o)
 .text.prvDeleteTCB
                0x08002934       0x20 ..\Libraries\libFreeRTOS.a(tasks.o)
 .text.prvResetNextTaskUnblockTime
                0x08002954       0x48 ..\Libraries\libFreeRTOS.a(tasks.o)
 .text.xTaskGetSchedulerState
                0x0800299c       0x3c ..\Libraries\libFreeRTOS.a(tasks.o)
                0x0800299c                xTaskGetSchedulerState
 .text.vTaskPriorityInherit
                0x080029d8       0xec ..\Libraries\libFreeRTOS.a(tasks.o)
                0x080029d8                vTaskPriorityInherit
 .text.xTaskPriorityDisinherit
                0x08002ac4      0x108 ..\Libraries\libFreeRTOS.a(tasks.o)
                0x08002ac4                xTaskPriorityDisinherit
 .text.pvTaskIncrementMutexHeldCount
                0x08002bcc       0x28 ..\Libraries\libFreeRTOS.a(tasks.o)
                0x08002bcc                pvTaskIncrementMutexHeldCount
 .text.prvAddCurrentTaskToDelayedList
                0x08002bf4       0xc8 ..\Libraries\libFreeRTOS.a(tasks.o)
 .text.xTimerCreateTimerTask
                0x08002cbc       0x64 ..\Libraries\libFreeRTOS.a(timers.o)
                0x08002cbc                xTimerCreateTimerTask
 .text.xTimerGenericCommand
                0x08002d20       0xa4 ..\Libraries\libFreeRTOS.a(timers.o)
                0x08002d20                xTimerGenericCommand
 .text.prvProcessExpiredTimer
                0x08002dc4       0x80 ..\Libraries\libFreeRTOS.a(timers.o)
 .text.prvTimerTask
                0x08002e44       0x24 ..\Libraries\libFreeRTOS.a(timers.o)
 .text.prvProcessTimerOrBlockTask
                0x08002e68       0x9c ..\Libraries\libFreeRTOS.a(timers.o)
 .text.prvGetNextExpireTime
                0x08002f04       0x48 ..\Libraries\libFreeRTOS.a(timers.o)
 .text.prvSampleTimeNow
                0x08002f4c       0x40 ..\Libraries\libFreeRTOS.a(timers.o)
 .text.prvInsertTimerInActiveList
                0x08002f8c       0x84 ..\Libraries\libFreeRTOS.a(timers.o)
 .text.prvProcessReceivedCommands
                0x08003010      0x12c ..\Libraries\libFreeRTOS.a(timers.o)
 .text.prvSwitchTimerLists
                0x0800313c       0xc0 ..\Libraries\libFreeRTOS.a(timers.o)
 .text.prvCheckForValidListAndQueue
                0x080031fc       0x6c ..\Libraries\libFreeRTOS.a(timers.o)
 .text.pvPortMalloc
                0x08003268      0x18c ..\Libraries\libFreeRTOS.a(heap_4.o)
                0x08003268                pvPortMalloc
 .text.vPortFree
                0x080033f4       0xb0 ..\Libraries\libFreeRTOS.a(heap_4.o)
                0x080033f4                vPortFree
 .text.prvHeapInit
                0x080034a4       0xc4 ..\Libraries\libFreeRTOS.a(heap_4.o)
 .text.prvInsertBlockIntoFreeList
                0x08003568       0xb0 ..\Libraries\libFreeRTOS.a(heap_4.o)
 .text.vListInitialise
                0x08003618       0x40 ..\Libraries\libFreeRTOS.a(list.o)
                0x08003618                vListInitialise
 .text.vListInitialiseItem
                0x08003658       0x18 ..\Libraries\libFreeRTOS.a(list.o)
                0x08003658                vListInitialiseItem
 .text.vListInsertEnd
                0x08003670       0x48 ..\Libraries\libFreeRTOS.a(list.o)
                0x08003670                vListInsertEnd
 .text.vListInsert
                0x080036b8       0x70 ..\Libraries\libFreeRTOS.a(list.o)
                0x080036b8                vListInsert
 .text.uxListRemove
                0x08003728       0x54 ..\Libraries\libFreeRTOS.a(list.o)
                0x08003728                uxListRemove
 .text.xQueueGenericReset
                0x0800377c       0xd0 ..\Libraries\libFreeRTOS.a(queue.o)
                0x0800377c                xQueueGenericReset
 .text.xQueueGenericCreate
                0x0800384c       0x70 ..\Libraries\libFreeRTOS.a(queue.o)
                0x0800384c                xQueueGenericCreate
 .text.prvInitialiseNewQueue
                0x080038bc       0x44 ..\Libraries\libFreeRTOS.a(queue.o)
 .text.xQueueGenericSend
                0x08003900      0x1fc ..\Libraries\libFreeRTOS.a(queue.o)
                0x08003900                xQueueGenericSend
 .text.xQueueGenericSendFromISR
                0x08003afc      0x128 ..\Libraries\libFreeRTOS.a(queue.o)
                0x08003afc                xQueueGenericSendFromISR
 .text.xQueueGenericReceive
                0x08003c24      0x22c ..\Libraries\libFreeRTOS.a(queue.o)
                0x08003c24                xQueueGenericReceive
 .text.prvCopyDataToQueue
                0x08003e50       0xd8 ..\Libraries\libFreeRTOS.a(queue.o)
 .text.prvCopyDataFromQueue
                0x08003f28       0x4c ..\Libraries\libFreeRTOS.a(queue.o)
 .text.prvUnlockQueue
                0x08003f74       0xa0 ..\Libraries\libFreeRTOS.a(queue.o)
 .text.prvIsQueueEmpty
                0x08004014       0x2c ..\Libraries\libFreeRTOS.a(queue.o)
 .text.prvIsQueueFull
                0x08004040       0x30 ..\Libraries\libFreeRTOS.a(queue.o)
 .text.vQueueAddToRegistry
                0x08004070       0x50 ..\Libraries\libFreeRTOS.a(queue.o)
                0x08004070                vQueueAddToRegistry
 .text.vQueueWaitForMessageRestricted
                0x080040c0       0x6c ..\Libraries\libFreeRTOS.a(queue.o)
                0x080040c0                vQueueWaitForMessageRestricted
 .text.memcpy   0x0800412c       0x16 c:/apps/atollic/truestudio for arm 5.5.1/armtools/bin/../lib/gcc/arm-atollic-eabi/5.3.1/../../../../arm-atollic-eabi/lib/armv7e-m/softfp\libc.a(lib_a-memcpy-stub.o)
                0x0800412c                memcpy
 .text.memset   0x08004142       0x10 c:/apps/atollic/truestudio for arm 5.5.1/armtools/bin/../lib/gcc/arm-atollic-eabi/5.3.1/../../../../arm-atollic-eabi/lib/armv7e-m/softfp\libc.a(lib_a-memset.o)
                0x08004142                memset
 *(.rodata)
 *fill*         0x08004152        0x2 
 .rodata        0x08004154       0x46 src\main.o
 *fill*         0x0800419a        0x2 
 .rodata        0x0800419c      0x1a8 ..\Libraries\libBSP.a(carme.o)
 .rodata        0x08004344        0x8 ..\Libraries\libFreeRTOS.a(tasks.o)
 .rodata        0x0800434c       0x10 ..\Libraries\libFreeRTOS.a(timers.o)
 *(.rodata*)
 *(.glue_7)
 .glue_7        0x0800435c        0x0 linker stubs
 *(.glue_7t)
 .glue_7t       0x0800435c        0x0 linker stubs
 *(.eh_frame)
 .eh_frame      0x0800435c        0x0 c:/apps/atollic/truestudio for arm 5.5.1/armtools/bin/../lib/gcc/arm-atollic-eabi/5.3.1/armv7e-m/softfp/crtbegin.o
 *(.init)
 .init          0x0800435c        0x4 c:/apps/atollic/truestudio for arm 5.5.1/armtools/bin/../lib/gcc/arm-atollic-eabi/5.3.1/armv7e-m/softfp/crti.o
                0x0800435c                _init
 .init          0x08004360        0x8 c:/apps/atollic/truestudio for arm 5.5.1/armtools/bin/../lib/gcc/arm-atollic-eabi/5.3.1/armv7e-m/softfp/crtn.o
 *(.fini)
 .fini          0x08004368        0x4 c:/apps/atollic/truestudio for arm 5.5.1/armtools/bin/../lib/gcc/arm-atollic-eabi/5.3.1/armv7e-m/softfp/crti.o
                0x08004368                _fini
 .fini          0x0800436c        0x8 c:/apps/atollic/truestudio for arm 5.5.1/armtools/bin/../lib/gcc/arm-atollic-eabi/5.3.1/armv7e-m/softfp/crtn.o
                0x08004374                . = ALIGN (0x4)
                0x08004374                _etext = .

.vfp11_veneer   0x08004374        0x0
 .vfp11_veneer  0x08004374        0x0 linker stubs

.v4_bx          0x08004374        0x0
 .v4_bx         0x08004374        0x0 linker stubs

.iplt           0x08004374        0x0
 .iplt          0x08004374        0x0 c:/apps/atollic/truestudio for arm 5.5.1/armtools/bin/../lib/gcc/arm-atollic-eabi/5.3.1/armv7e-m/softfp/crtbegin.o

.rel.dyn        0x08004374        0x0
 .rel.iplt      0x08004374        0x0 c:/apps/atollic/truestudio for arm 5.5.1/armtools/bin/../lib/gcc/arm-atollic-eabi/5.3.1/armv7e-m/softfp/crtbegin.o

.ARM.extab
 *(.ARM.extab* .gnu.linkonce.armextab.*)

.ARM            0x08004374        0x0
                0x08004374                __exidx_start = .
 *(.ARM.exidx*)
                0x08004374                __exidx_end = .

.preinit_array  0x08004374        0x0
                0x08004374                PROVIDE (__preinit_array_start, .)
 *(.preinit_array*)
                0x08004374                PROVIDE (__preinit_array_end, .)

.init_array     0x08004374        0x4
                0x08004374                PROVIDE (__init_array_start, .)
 *(SORT(.init_array.*))
 *(.init_array*)
 .init_array    0x08004374        0x4 c:/apps/atollic/truestudio for arm 5.5.1/armtools/bin/../lib/gcc/arm-atollic-eabi/5.3.1/armv7e-m/softfp/crtbegin.o
                0x08004378                PROVIDE (__init_array_end, .)

.fini_array     0x08004378        0x4
                [!provide]                PROVIDE (__fini_array_start, .)
 *(SORT(.fini_array.*))
 *(.fini_array*)
 .fini_array    0x08004378        0x4 c:/apps/atollic/truestudio for arm 5.5.1/armtools/bin/../lib/gcc/arm-atollic-eabi/5.3.1/armv7e-m/softfp/crtbegin.o
                [!provide]                PROVIDE (__fini_array_end, .)
                0x0800437c                _sidata = LOADADDR (.data)

.data           0x20000000      0x1a0 load address 0x0800437c
                0x20000000                . = ALIGN (0x4)
                0x20000000                _sdata = .
 *(.data)
 *(.data*)
 .data.SJA1000_CMD
                0x20000000        0x4 ..\Libraries\libBSP.a(can.o)
 .data.SJA1000_DATA
                0x20000004        0x4 ..\Libraries\libBSP.a(can.o)
 .data.CARME_AGPIO_Port_Pin
                0x20000008       0xa0 ..\Libraries\libBSP.a(carme.o)
 .data.LED_Port
                0x200000a8        0x4 ..\Libraries\libBSP.a(carme_io1.o)
 .data.CARME_IO1_Port_Pin
                0x200000ac       0x20 ..\Libraries\libBSP.a(carme_io1.o)
 .data.CARME_IO2_Port_Pin
                0x200000cc       0x88 ..\Libraries\libBSP.a(carme_io2.o)
 .data.CARME_IO2_GPIO_Out_Port_Pin
                0x20000154       0x20 ..\Libraries\libBSP.a(carme_io2.o)
 .data.CARME_IO2_OPTO_Out_Port_Pin
                0x20000174       0x10 ..\Libraries\libBSP.a(carme_io2.o)
 .data.CARME_IO2_OPTO_In_Port_Pin
                0x20000184       0x10 ..\Libraries\libBSP.a(carme_io2.o)
 .data.CARME_IO2_ADC_Channels
                0x20000194        0x4 ..\Libraries\libBSP.a(carme_io2.o)
 .data.SystemCoreClock
                0x20000198        0x4 ..\Libraries\libBSP.a(system_stm32f4xx.o)
                0x20000198                SystemCoreClock
 .data.uxCriticalNesting
                0x2000019c        0x4 ..\Libraries\libFreeRTOS.a(port.o)
                0x200001a0                . = ALIGN (0x4)
                0x200001a0                _edata = .
                0x0800451c                _siccmram = LOADADDR (.ccmram)

.igot.plt       0x200001a0        0x0 load address 0x0800451c
 .igot.plt      0x200001a0        0x0 c:/apps/atollic/truestudio for arm 5.5.1/armtools/bin/../lib/gcc/arm-atollic-eabi/5.3.1/armv7e-m/softfp/crtbegin.o

.ccmram         0x10000000        0x0 load address 0x0800451c
                0x10000000                . = ALIGN (0x4)
                0x10000000                _sccmram = .
 *(.ccmram)
 *(.ccmram*)
                0x10000000                . = ALIGN (0x4)
                0x10000000                _eccmram = .
                0x10000000                . = ALIGN (0x4)

.bss            0x200001a0    0x12de0
                0x200001a0                _sbss = .
                0x200001a0                __bss_start__ = _sbss
 *(.bss)
 .bss           0x200001a0       0x1c c:/apps/atollic/truestudio for arm 5.5.1/armtools/bin/../lib/gcc/arm-atollic-eabi/5.3.1/armv7e-m/softfp/crtbegin.o
 *(.bss*)
 .bss.u16LEDSpeed
                0x200001bc        0x2 src\main.o
                0x200001bc                u16LEDSpeed
 *fill*         0x200001be        0x2 
 .bss.CARME_CAN_IRQCallbacks
                0x200001c0       0x20 ..\Libraries\libBSP.a(can.o)
 .bss.LED_Value
                0x200001e0        0x1 ..\Libraries\libBSP.a(carme_io1.o)
 .bss.ucMaxSysCallPriority
                0x200001e1        0x1 ..\Libraries\libFreeRTOS.a(port.o)
 *fill*         0x200001e2        0x2 
 .bss.ulMaxPRIGROUPValue
                0x200001e4        0x4 ..\Libraries\libFreeRTOS.a(port.o)
 .bss.pxCurrentTCB
                0x200001e8        0x4 ..\Libraries\libFreeRTOS.a(tasks.o)
                0x200001e8                pxCurrentTCB
 .bss.pxReadyTasksLists
                0x200001ec       0x64 ..\Libraries\libFreeRTOS.a(tasks.o)
 .bss.xDelayedTaskList1
                0x20000250       0x14 ..\Libraries\libFreeRTOS.a(tasks.o)
 .bss.xDelayedTaskList2
                0x20000264       0x14 ..\Libraries\libFreeRTOS.a(tasks.o)
 .bss.pxDelayedTaskList
                0x20000278        0x4 ..\Libraries\libFreeRTOS.a(tasks.o)
 .bss.pxOverflowDelayedTaskList
                0x2000027c        0x4 ..\Libraries\libFreeRTOS.a(tasks.o)
 .bss.xPendingReadyList
                0x20000280       0x14 ..\Libraries\libFreeRTOS.a(tasks.o)
 .bss.xTasksWaitingTermination
                0x20000294       0x14 ..\Libraries\libFreeRTOS.a(tasks.o)
 .bss.uxDeletedTasksWaitingCleanUp
                0x200002a8        0x4 ..\Libraries\libFreeRTOS.a(tasks.o)
 .bss.xSuspendedTaskList
                0x200002ac       0x14 ..\Libraries\libFreeRTOS.a(tasks.o)
 .bss.uxCurrentNumberOfTasks
                0x200002c0        0x4 ..\Libraries\libFreeRTOS.a(tasks.o)
 .bss.xTickCount
                0x200002c4        0x4 ..\Libraries\libFreeRTOS.a(tasks.o)
 .bss.uxTopReadyPriority
                0x200002c8        0x4 ..\Libraries\libFreeRTOS.a(tasks.o)
 .bss.xSchedulerRunning
                0x200002cc        0x4 ..\Libraries\libFreeRTOS.a(tasks.o)
 .bss.uxPendedTicks
                0x200002d0        0x4 ..\Libraries\libFreeRTOS.a(tasks.o)
 .bss.xYieldPending
                0x200002d4        0x4 ..\Libraries\libFreeRTOS.a(tasks.o)
 .bss.xNumOfOverflows
                0x200002d8        0x4 ..\Libraries\libFreeRTOS.a(tasks.o)
 .bss.uxTaskNumber
                0x200002dc        0x4 ..\Libraries\libFreeRTOS.a(tasks.o)
 .bss.xNextTaskUnblockTime
                0x200002e0        0x4 ..\Libraries\libFreeRTOS.a(tasks.o)
 .bss.xIdleTaskHandle
                0x200002e4        0x4 ..\Libraries\libFreeRTOS.a(tasks.o)
 .bss.uxSchedulerSuspended
                0x200002e8        0x4 ..\Libraries\libFreeRTOS.a(tasks.o)
 .bss.xActiveTimerList1
                0x200002ec       0x14 ..\Libraries\libFreeRTOS.a(timers.o)
 .bss.xActiveTimerList2
                0x20000300       0x14 ..\Libraries\libFreeRTOS.a(timers.o)
 .bss.pxCurrentTimerList
                0x20000314        0x4 ..\Libraries\libFreeRTOS.a(timers.o)
 .bss.pxOverflowTimerList
                0x20000318        0x4 ..\Libraries\libFreeRTOS.a(timers.o)
 .bss.xTimerQueue
                0x2000031c        0x4 ..\Libraries\libFreeRTOS.a(timers.o)
 .bss.xTimerTaskHandle
                0x20000320        0x4 ..\Libraries\libFreeRTOS.a(timers.o)
 .bss.xLastTime.5295
                0x20000324        0x4 ..\Libraries\libFreeRTOS.a(timers.o)
 .bss.ucHeap    0x20000328    0x12c00 ..\Libraries\libFreeRTOS.a(heap_4.o)
 .bss.xStart    0x20012f28        0x8 ..\Libraries\libFreeRTOS.a(heap_4.o)
 .bss.pxEnd     0x20012f30        0x4 ..\Libraries\libFreeRTOS.a(heap_4.o)
 .bss.xFreeBytesRemaining
                0x20012f34        0x4 ..\Libraries\libFreeRTOS.a(heap_4.o)
 .bss.xMinimumEverFreeBytesRemaining
                0x20012f38        0x4 ..\Libraries\libFreeRTOS.a(heap_4.o)
 .bss.xBlockAllocatedBit
                0x20012f3c        0x4 ..\Libraries\libFreeRTOS.a(heap_4.o)
 *(COMMON)
 COMMON         0x20012f40       0x40 ..\Libraries\libFreeRTOS.a(queue.o)
                0x20012f40                xQueueRegistry
                0x20012f80                . = ALIGN (0x4)
                0x20012f80                _ebss = .
                0x20012f80                __bss_end__ = _ebss

._user_heap_stack
                0x20012f80     0x2000
                0x20012f80                . = ALIGN (0x4)
                0x20012f80                PROVIDE (end, .)
                [!provide]                PROVIDE (_end, .)
                0x20013f80                . = (. + _Min_Heap_Size)
 *fill*         0x20012f80     0x1000 
                0x20014f80                . = (. + _Min_Stack_Size)
 *fill*         0x20013f80     0x1000 
                0x20014f80                . = ALIGN (0x4)

.memory_b1_text
 *(.mb1text)
 *(.mb1text*)
 *(.mb1rodata)
 *(.mb1rodata*)

/DISCARD/
 libc.a(*)
 libm.a(*)
 libgcc.a(*)

.ARM.attributes
                0x00000000       0x2c
 *(.ARM.attributes)
 .ARM.attributes
                0x00000000       0x22 c:/apps/atollic/truestudio for arm 5.5.1/armtools/bin/../lib/gcc/arm-atollic-eabi/5.3.1/armv7e-m/softfp/crti.o
 .ARM.attributes
                0x00000022       0x32 c:/apps/atollic/truestudio for arm 5.5.1/armtools/bin/../lib/gcc/arm-atollic-eabi/5.3.1/armv7e-m/softfp/crtbegin.o
 .ARM.attributes
                0x00000054       0x37 src\stm32f4xx_it.o
 .ARM.attributes
                0x0000008b       0x21 src\startup.o
 .ARM.attributes
                0x000000ac       0x37 src\main.o
 .ARM.attributes
                0x000000e3       0x32 c:/apps/atollic/truestudio for arm 5.5.1/armtools/bin/../lib/gcc/arm-atollic-eabi/5.3.1/../../../../arm-atollic-eabi/lib/armv7e-m/softfp\libc_nano.a(lib_a-init.o)
 .ARM.attributes
                0x00000115       0x22 c:/apps/atollic/truestudio for arm 5.5.1/armtools/bin/../lib/gcc/arm-atollic-eabi/5.3.1/armv7e-m/softfp/crtn.o
 .ARM.attributes
                0x00000137       0x37 ..\Libraries\libBSP.a(can.o)
 .ARM.attributes
                0x0000016e       0x37 ..\Libraries\libBSP.a(carme.o)
 .ARM.attributes
                0x000001a5       0x37 ..\Libraries\libBSP.a(carme_io1.o)
 .ARM.attributes
                0x000001dc       0x37 ..\Libraries\libBSP.a(carme_io2.o)
 .ARM.attributes
                0x00000213       0x37 ..\Libraries\libBSP.a(system_stm32f4xx.o)
 .ARM.attributes
                0x0000024a       0x37 ..\Libraries\libBSP.a(misc.o)
 .ARM.attributes
                0x00000281       0x37 ..\Libraries\libBSP.a(stm32f4xx_adc.o)
 .ARM.attributes
                0x000002b8       0x37 ..\Libraries\libBSP.a(stm32f4xx_exti.o)
 .ARM.attributes
                0x000002ef       0x37 ..\Libraries\libBSP.a(stm32f4xx_fsmc.o)
 .ARM.attributes
                0x00000326       0x37 ..\Libraries\libBSP.a(stm32f4xx_gpio.o)
 .ARM.attributes
                0x0000035d       0x37 ..\Libraries\libBSP.a(stm32f4xx_rcc.o)
 .ARM.attributes
                0x00000394       0x37 ..\Libraries\libBSP.a(stm32f4xx_spi.o)
 .ARM.attributes
                0x000003cb       0x37 ..\Libraries\libFreeRTOS.a(port.o)
 .ARM.attributes
                0x00000402       0x37 ..\Libraries\libFreeRTOS.a(tasks.o)
 .ARM.attributes
                0x00000439       0x37 ..\Libraries\libFreeRTOS.a(timers.o)
 .ARM.attributes
                0x00000470       0x37 ..\Libraries\libFreeRTOS.a(heap_4.o)
 .ARM.attributes
                0x000004a7       0x37 ..\Libraries\libFreeRTOS.a(list.o)
 .ARM.attributes
                0x000004de       0x37 ..\Libraries\libFreeRTOS.a(queue.o)
OUTPUT(EZBSY_U1A3.elf elf32-littlearm)

.debug_info     0x00000000     0xba84
 .debug_info    0x00000000      0x1f4 src\stm32f4xx_it.o
 .debug_info    0x000001f4       0x9c src\startup.o
 .debug_info    0x00000290      0x374 src\main.o
 .debug_info    0x00000604      0xae4 ..\Libraries\libBSP.a(can.o)
 .debug_info    0x000010e8      0x695 ..\Libraries\libBSP.a(carme.o)
 .debug_info    0x0000177d      0x974 ..\Libraries\libBSP.a(carme_io1.o)
 .debug_info    0x000020f1      0xdf4 ..\Libraries\libBSP.a(carme_io2.o)
 .debug_info    0x00002ee5      0x5c0 ..\Libraries\libBSP.a(system_stm32f4xx.o)
 .debug_info    0x000034a5      0x541 ..\Libraries\libBSP.a(misc.o)
 .debug_info    0x000039e6      0xc3c ..\Libraries\libBSP.a(stm32f4xx_adc.o)
 .debug_info    0x00004622      0x33c ..\Libraries\libBSP.a(stm32f4xx_exti.o)
 .debug_info    0x0000495e      0x8f9 ..\Libraries\libBSP.a(stm32f4xx_fsmc.o)
 .debug_info    0x00005257      0x609 ..\Libraries\libBSP.a(stm32f4xx_gpio.o)
 .debug_info    0x00005860      0xe06 ..\Libraries\libBSP.a(stm32f4xx_rcc.o)
 .debug_info    0x00006666      0xb25 ..\Libraries\libBSP.a(stm32f4xx_spi.o)
 .debug_info    0x0000718b      0x4e1 ..\Libraries\libFreeRTOS.a(port.o)
 .debug_info    0x0000766c     0x1e3c ..\Libraries\libFreeRTOS.a(tasks.o)
 .debug_info    0x000094a8      0xb5f ..\Libraries\libFreeRTOS.a(timers.o)
 .debug_info    0x0000a007      0x3e3 ..\Libraries\libFreeRTOS.a(heap_4.o)
 .debug_info    0x0000a3ea      0x29d ..\Libraries\libFreeRTOS.a(list.o)
 .debug_info    0x0000a687     0x13fd ..\Libraries\libFreeRTOS.a(queue.o)

.debug_abbrev   0x00000000     0x20db
 .debug_abbrev  0x00000000      0x108 src\stm32f4xx_it.o
 .debug_abbrev  0x00000108       0x12 src\startup.o
 .debug_abbrev  0x0000011a      0x134 src\main.o
 .debug_abbrev  0x0000024e      0x25e ..\Libraries\libBSP.a(can.o)
 .debug_abbrev  0x000004ac      0x1c0 ..\Libraries\libBSP.a(carme.o)
 .debug_abbrev  0x0000066c      0x1d0 ..\Libraries\libBSP.a(carme_io1.o)
 .debug_abbrev  0x0000083c      0x1c1 ..\Libraries\libBSP.a(carme_io2.o)
 .debug_abbrev  0x000009fd      0x138 ..\Libraries\libBSP.a(system_stm32f4xx.o)
 .debug_abbrev  0x00000b35      0x147 ..\Libraries\libBSP.a(misc.o)
 .debug_abbrev  0x00000c7c      0x198 ..\Libraries\libBSP.a(stm32f4xx_adc.o)
 .debug_abbrev  0x00000e14      0x1a7 ..\Libraries\libBSP.a(stm32f4xx_exti.o)
 .debug_abbrev  0x00000fbb      0x172 ..\Libraries\libBSP.a(stm32f4xx_fsmc.o)
 .debug_abbrev  0x0000112d      0x1a5 ..\Libraries\libBSP.a(stm32f4xx_gpio.o)
 .debug_abbrev  0x000012d2      0x1bc ..\Libraries\libBSP.a(stm32f4xx_rcc.o)
 .debug_abbrev  0x0000148e      0x169 ..\Libraries\libBSP.a(stm32f4xx_spi.o)
 .debug_abbrev  0x000015f7      0x1ce ..\Libraries\libFreeRTOS.a(port.o)
 .debug_abbrev  0x000017c5      0x29a ..\Libraries\libFreeRTOS.a(tasks.o)
 .debug_abbrev  0x00001a5f      0x1d6 ..\Libraries\libFreeRTOS.a(timers.o)
 .debug_abbrev  0x00001c35      0x1d5 ..\Libraries\libFreeRTOS.a(heap_4.o)
 .debug_abbrev  0x00001e0a       0xbe ..\Libraries\libFreeRTOS.a(list.o)
 .debug_abbrev  0x00001ec8      0x213 ..\Libraries\libFreeRTOS.a(queue.o)

.debug_aranges  0x00000000      0xd70
 .debug_aranges
                0x00000000       0x60 src\stm32f4xx_it.o
 .debug_aranges
                0x00000060       0x28 src\startup.o
 .debug_aranges
                0x00000088       0x40 src\main.o
 .debug_aranges
                0x000000c8       0x90 ..\Libraries\libBSP.a(can.o)
 .debug_aranges
                0x00000158       0x78 ..\Libraries\libBSP.a(carme.o)
 .debug_aranges
                0x000001d0       0x70 ..\Libraries\libBSP.a(carme_io1.o)
 .debug_aranges
                0x00000240       0x90 ..\Libraries\libBSP.a(carme_io2.o)
 .debug_aranges
                0x000002d0       0x30 ..\Libraries\libBSP.a(system_stm32f4xx.o)
 .debug_aranges
                0x00000300       0x40 ..\Libraries\libBSP.a(misc.o)
 .debug_aranges
                0x00000340      0x148 ..\Libraries\libBSP.a(stm32f4xx_adc.o)
 .debug_aranges
                0x00000488       0x58 ..\Libraries\libBSP.a(stm32f4xx_exti.o)
 .debug_aranges
                0x000004e0       0xb0 ..\Libraries\libBSP.a(stm32f4xx_fsmc.o)
 .debug_aranges
                0x00000590       0x88 ..\Libraries\libBSP.a(stm32f4xx_gpio.o)
 .debug_aranges
                0x00000618      0x1b8 ..\Libraries\libBSP.a(stm32f4xx_rcc.o)
 .debug_aranges
                0x000007d0       0xe0 ..\Libraries\libBSP.a(stm32f4xx_spi.o)
 .debug_aranges
                0x000008b0       0x80 ..\Libraries\libFreeRTOS.a(port.o)
 .debug_aranges
                0x00000930      0x1e0 ..\Libraries\libFreeRTOS.a(tasks.o)
 .debug_aranges
                0x00000b10       0xb8 ..\Libraries\libFreeRTOS.a(timers.o)
 .debug_aranges
                0x00000bc8       0x50 ..\Libraries\libFreeRTOS.a(heap_4.o)
 .debug_aranges
                0x00000c18       0x40 ..\Libraries\libFreeRTOS.a(list.o)
 .debug_aranges
                0x00000c58      0x118 ..\Libraries\libFreeRTOS.a(queue.o)

.debug_ranges   0x00000000      0xc28
 .debug_ranges  0x00000000       0x50 src\stm32f4xx_it.o
 .debug_ranges  0x00000050       0x20 src\startup.o
 .debug_ranges  0x00000070       0x30 src\main.o
 .debug_ranges  0x000000a0       0x80 ..\Libraries\libBSP.a(can.o)
 .debug_ranges  0x00000120       0x68 ..\Libraries\libBSP.a(carme.o)
 .debug_ranges  0x00000188       0x60 ..\Libraries\libBSP.a(carme_io1.o)
 .debug_ranges  0x000001e8       0x80 ..\Libraries\libBSP.a(carme_io2.o)
 .debug_ranges  0x00000268       0x20 ..\Libraries\libBSP.a(system_stm32f4xx.o)
 .debug_ranges  0x00000288       0x30 ..\Libraries\libBSP.a(misc.o)
 .debug_ranges  0x000002b8      0x138 ..\Libraries\libBSP.a(stm32f4xx_adc.o)
 .debug_ranges  0x000003f0       0x48 ..\Libraries\libBSP.a(stm32f4xx_exti.o)
 .debug_ranges  0x00000438       0xa0 ..\Libraries\libBSP.a(stm32f4xx_fsmc.o)
 .debug_ranges  0x000004d8       0x78 ..\Libraries\libBSP.a(stm32f4xx_gpio.o)
 .debug_ranges  0x00000550      0x1a8 ..\Libraries\libBSP.a(stm32f4xx_rcc.o)
 .debug_ranges  0x000006f8       0xd0 ..\Libraries\libBSP.a(stm32f4xx_spi.o)
 .debug_ranges  0x000007c8       0x70 ..\Libraries\libFreeRTOS.a(port.o)
 .debug_ranges  0x00000838      0x1d0 ..\Libraries\libFreeRTOS.a(tasks.o)
 .debug_ranges  0x00000a08       0xa8 ..\Libraries\libFreeRTOS.a(timers.o)
 .debug_ranges  0x00000ab0       0x40 ..\Libraries\libFreeRTOS.a(heap_4.o)
 .debug_ranges  0x00000af0       0x30 ..\Libraries\libFreeRTOS.a(list.o)
 .debug_ranges  0x00000b20      0x108 ..\Libraries\libFreeRTOS.a(queue.o)

.debug_line     0x00000000     0x4b29
 .debug_line    0x00000000      0x1e5 src\stm32f4xx_it.o
 .debug_line    0x000001e5       0x99 src\startup.o
 .debug_line    0x0000027e      0x21b src\main.o
 .debug_line    0x00000499      0x35f ..\Libraries\libBSP.a(can.o)
 .debug_line    0x000007f8      0x458 ..\Libraries\libBSP.a(carme.o)
 .debug_line    0x00000c50      0x2bb ..\Libraries\libBSP.a(carme_io1.o)
 .debug_line    0x00000f0b      0x385 ..\Libraries\libBSP.a(carme_io2.o)
 .debug_line    0x00001290      0x160 ..\Libraries\libBSP.a(system_stm32f4xx.o)
 .debug_line    0x000013f0      0x15c ..\Libraries\libBSP.a(misc.o)
 .debug_line    0x0000154c      0x469 ..\Libraries\libBSP.a(stm32f4xx_adc.o)
 .debug_line    0x000019b5      0x1b3 ..\Libraries\libBSP.a(stm32f4xx_exti.o)
 .debug_line    0x00001b68      0x36b ..\Libraries\libBSP.a(stm32f4xx_fsmc.o)
 .debug_line    0x00001ed3      0x25c ..\Libraries\libBSP.a(stm32f4xx_gpio.o)
 .debug_line    0x0000212f      0x558 ..\Libraries\libBSP.a(stm32f4xx_rcc.o)
 .debug_line    0x00002687      0x372 ..\Libraries\libBSP.a(stm32f4xx_spi.o)
 .debug_line    0x000029f9      0x2cd ..\Libraries\libFreeRTOS.a(port.o)
 .debug_line    0x00002cc6      0xd76 ..\Libraries\libFreeRTOS.a(tasks.o)
 .debug_line    0x00003a3c      0x444 ..\Libraries\libFreeRTOS.a(timers.o)
 .debug_line    0x00003e80      0x253 ..\Libraries\libFreeRTOS.a(heap_4.o)
 .debug_line    0x000040d3      0x14d ..\Libraries\libFreeRTOS.a(list.o)
 .debug_line    0x00004220      0x909 ..\Libraries\libFreeRTOS.a(queue.o)

.debug_str      0x00000000     0x4f95
 .debug_str     0x00000000      0x29b src\stm32f4xx_it.o
                                0x2f7 (size before relaxing)
 .debug_str     0x0000029b      0x200 src\main.o
                                0x40e (size before relaxing)
 .debug_str     0x0000049b      0xbfc ..\Libraries\libBSP.a(can.o)
                                0xdb9 (size before relaxing)
 .debug_str     0x00001097      0x3a0 ..\Libraries\libBSP.a(carme.o)
                                0x71c (size before relaxing)
 .debug_str     0x00001437      0x296 ..\Libraries\libBSP.a(carme_io1.o)
                                0xcea (size before relaxing)
 .debug_str     0x000016cd      0x731 ..\Libraries\libBSP.a(carme_io2.o)
                                0xc66 (size before relaxing)
 .debug_str     0x00001dfe      0x1cf ..\Libraries\libBSP.a(system_stm32f4xx.o)
                                0x3f2 (size before relaxing)
 .debug_str     0x00001fcd      0x151 ..\Libraries\libBSP.a(misc.o)
                                0x401 (size before relaxing)
 .debug_str     0x0000211e      0x4af ..\Libraries\libBSP.a(stm32f4xx_adc.o)
                                0x837 (size before relaxing)
 .debug_str     0x000025cd       0xbb ..\Libraries\libBSP.a(stm32f4xx_exti.o)
                                0x37f (size before relaxing)
 .debug_str     0x00002688      0x3ac ..\Libraries\libBSP.a(stm32f4xx_fsmc.o)
                                0x7bd (size before relaxing)
 .debug_str     0x00002a34      0x123 ..\Libraries\libBSP.a(stm32f4xx_gpio.o)
                                0x4d3 (size before relaxing)
 .debug_str     0x00002b57      0x666 ..\Libraries\libBSP.a(stm32f4xx_rcc.o)
                                0x9c8 (size before relaxing)
 .debug_str     0x000031bd      0x2b2 ..\Libraries\libBSP.a(stm32f4xx_spi.o)
                                0x6d0 (size before relaxing)
 .debug_str     0x0000346f      0x2b8 ..\Libraries\libFreeRTOS.a(port.o)
                                0x447 (size before relaxing)
 .debug_str     0x00003727      0xce9 ..\Libraries\libFreeRTOS.a(tasks.o)
                                0xfab (size before relaxing)
 .debug_str     0x00004410      0x435 ..\Libraries\libFreeRTOS.a(timers.o)
                                0x720 (size before relaxing)
 .debug_str     0x00004845      0x1f3 ..\Libraries\libFreeRTOS.a(heap_4.o)
                                0x3bb (size before relaxing)
 .debug_str     0x00004a38       0x90 ..\Libraries\libFreeRTOS.a(list.o)
                                0x2d4 (size before relaxing)
 .debug_str     0x00004ac8      0x4cd ..\Libraries\libFreeRTOS.a(queue.o)
                                0x867 (size before relaxing)

.comment        0x00000000       0xab
 .comment       0x00000000       0x7e src\stm32f4xx_it.o
                                 0x7f (size before relaxing)
 .comment       0x0000007e       0x7f src\main.o
 .comment       0x0000007e       0x2d ..\Libraries\libBSP.a(can.o)
                                 0x2e (size before relaxing)
 .comment       0x000000ab       0x2e ..\Libraries\libBSP.a(carme.o)
 .comment       0x000000ab       0x2e ..\Libraries\libBSP.a(carme_io1.o)
 .comment       0x000000ab       0x2e ..\Libraries\libBSP.a(carme_io2.o)
 .comment       0x000000ab       0x2e ..\Libraries\libBSP.a(system_stm32f4xx.o)
 .comment       0x000000ab       0x2e ..\Libraries\libBSP.a(misc.o)
 .comment       0x000000ab       0x2e ..\Libraries\libBSP.a(stm32f4xx_adc.o)
 .comment       0x000000ab       0x2e ..\Libraries\libBSP.a(stm32f4xx_exti.o)
 .comment       0x000000ab       0x2e ..\Libraries\libBSP.a(stm32f4xx_fsmc.o)
 .comment       0x000000ab       0x2e ..\Libraries\libBSP.a(stm32f4xx_gpio.o)
 .comment       0x000000ab       0x2e ..\Libraries\libBSP.a(stm32f4xx_rcc.o)
 .comment       0x000000ab       0x2e ..\Libraries\libBSP.a(stm32f4xx_spi.o)
 .comment       0x000000ab       0x2e ..\Libraries\libFreeRTOS.a(port.o)
 .comment       0x000000ab       0x2e ..\Libraries\libFreeRTOS.a(tasks.o)
 .comment       0x000000ab       0x2e ..\Libraries\libFreeRTOS.a(timers.o)
 .comment       0x000000ab       0x2e ..\Libraries\libFreeRTOS.a(heap_4.o)
 .comment       0x000000ab       0x2e ..\Libraries\libFreeRTOS.a(list.o)
 .comment       0x000000ab       0x2e ..\Libraries\libFreeRTOS.a(queue.o)

.debug_frame    0x00000000     0x2b04
 .debug_frame   0x00000000      0x128 src\stm32f4xx_it.o
 .debug_frame   0x00000128       0xb0 src\main.o
 .debug_frame   0x000001d8       0x2c c:/apps/atollic/truestudio for arm 5.5.1/armtools/bin/../lib/gcc/arm-atollic-eabi/5.3.1/../../../../arm-atollic-eabi/lib/armv7e-m/softfp\libc_nano.a(lib_a-init.o)
 .debug_frame   0x00000204      0x1e0 ..\Libraries\libBSP.a(can.o)
 .debug_frame   0x000003e4      0x178 ..\Libraries\libBSP.a(carme.o)
 .debug_frame   0x0000055c      0x150 ..\Libraries\libBSP.a(carme_io1.o)
 .debug_frame   0x000006ac      0x1f0 ..\Libraries\libBSP.a(carme_io2.o)
 .debug_frame   0x0000089c       0x64 ..\Libraries\libBSP.a(system_stm32f4xx.o)
 .debug_frame   0x00000900       0x9c ..\Libraries\libBSP.a(misc.o)
 .debug_frame   0x0000099c      0x434 ..\Libraries\libBSP.a(stm32f4xx_adc.o)
 .debug_frame   0x00000dd0       0xec ..\Libraries\libBSP.a(stm32f4xx_exti.o)
 .debug_frame   0x00000ebc      0x220 ..\Libraries\libBSP.a(stm32f4xx_fsmc.o)
 .debug_frame   0x000010dc      0x19c ..\Libraries\libBSP.a(stm32f4xx_gpio.o)
 .debug_frame   0x00001278      0x5b8 ..\Libraries\libBSP.a(stm32f4xx_rcc.o)
 .debug_frame   0x00001830      0x2d0 ..\Libraries\libBSP.a(stm32f4xx_spi.o)
 .debug_frame   0x00001b00      0x150 ..\Libraries\libFreeRTOS.a(port.o)
 .debug_frame   0x00001c50      0x6e4 ..\Libraries\libFreeRTOS.a(tasks.o)
 .debug_frame   0x00002334      0x278 ..\Libraries\libFreeRTOS.a(timers.o)
 .debug_frame   0x000025ac       0xd0 ..\Libraries\libFreeRTOS.a(heap_4.o)
 .debug_frame   0x0000267c       0x9c ..\Libraries\libFreeRTOS.a(list.o)
 .debug_frame   0x00002718      0x3ec ..\Libraries\libFreeRTOS.a(queue.o)

Cross Reference Table

Symbol                                            File
ADC_AnalogWatchdogCmd                             ..\Libraries\libBSP.a(stm32f4xx_adc.o)
ADC_AnalogWatchdogSingleChannelConfig             ..\Libraries\libBSP.a(stm32f4xx_adc.o)
ADC_AnalogWatchdogThresholdsConfig                ..\Libraries\libBSP.a(stm32f4xx_adc.o)
ADC_AutoInjectedConvCmd                           ..\Libraries\libBSP.a(stm32f4xx_adc.o)
ADC_ClearFlag                                     ..\Libraries\libBSP.a(stm32f4xx_adc.o)
ADC_ClearITPendingBit                             ..\Libraries\libBSP.a(stm32f4xx_adc.o)
ADC_Cmd                                           ..\Libraries\libBSP.a(stm32f4xx_adc.o)
                                                  ..\Libraries\libBSP.a(carme_io2.o)
ADC_CommonInit                                    ..\Libraries\libBSP.a(stm32f4xx_adc.o)
                                                  ..\Libraries\libBSP.a(carme_io2.o)
ADC_CommonStructInit                              ..\Libraries\libBSP.a(stm32f4xx_adc.o)
ADC_ContinuousModeCmd                             ..\Libraries\libBSP.a(stm32f4xx_adc.o)
ADC_DMACmd                                        ..\Libraries\libBSP.a(stm32f4xx_adc.o)
ADC_DMARequestAfterLastTransferCmd                ..\Libraries\libBSP.a(stm32f4xx_adc.o)
ADC_DeInit                                        ..\Libraries\libBSP.a(stm32f4xx_adc.o)
                                                  ..\Libraries\libBSP.a(carme_io2.o)
ADC_DiscModeChannelCountConfig                    ..\Libraries\libBSP.a(stm32f4xx_adc.o)
ADC_DiscModeCmd                                   ..\Libraries\libBSP.a(stm32f4xx_adc.o)
ADC_EOCOnEachRegularChannelCmd                    ..\Libraries\libBSP.a(stm32f4xx_adc.o)
ADC_ExternalTrigInjectedConvConfig                ..\Libraries\libBSP.a(stm32f4xx_adc.o)
ADC_ExternalTrigInjectedConvEdgeConfig            ..\Libraries\libBSP.a(stm32f4xx_adc.o)
ADC_GetConversionValue                            ..\Libraries\libBSP.a(stm32f4xx_adc.o)
                                                  ..\Libraries\libBSP.a(carme_io2.o)
ADC_GetFlagStatus                                 ..\Libraries\libBSP.a(stm32f4xx_adc.o)
                                                  ..\Libraries\libBSP.a(carme_io2.o)
ADC_GetITStatus                                   ..\Libraries\libBSP.a(stm32f4xx_adc.o)
ADC_GetInjectedConversionValue                    ..\Libraries\libBSP.a(stm32f4xx_adc.o)
ADC_GetMultiModeConversionValue                   ..\Libraries\libBSP.a(stm32f4xx_adc.o)
ADC_GetSoftwareStartConvStatus                    ..\Libraries\libBSP.a(stm32f4xx_adc.o)
ADC_GetSoftwareStartInjectedConvCmdStatus         ..\Libraries\libBSP.a(stm32f4xx_adc.o)
ADC_IRQHandler                                    src\startup.o
ADC_ITConfig                                      ..\Libraries\libBSP.a(stm32f4xx_adc.o)
ADC_Init                                          ..\Libraries\libBSP.a(stm32f4xx_adc.o)
                                                  ..\Libraries\libBSP.a(carme_io2.o)
ADC_InjectedChannelConfig                         ..\Libraries\libBSP.a(stm32f4xx_adc.o)
ADC_InjectedDiscModeCmd                           ..\Libraries\libBSP.a(stm32f4xx_adc.o)
ADC_InjectedSequencerLengthConfig                 ..\Libraries\libBSP.a(stm32f4xx_adc.o)
ADC_MultiModeDMARequestAfterLastTransferCmd       ..\Libraries\libBSP.a(stm32f4xx_adc.o)
ADC_RegularChannelConfig                          ..\Libraries\libBSP.a(stm32f4xx_adc.o)
                                                  ..\Libraries\libBSP.a(carme_io2.o)
ADC_SetInjectedOffset                             ..\Libraries\libBSP.a(stm32f4xx_adc.o)
ADC_SoftwareStartConv                             ..\Libraries\libBSP.a(stm32f4xx_adc.o)
                                                  ..\Libraries\libBSP.a(carme_io2.o)
ADC_SoftwareStartInjectedConv                     ..\Libraries\libBSP.a(stm32f4xx_adc.o)
ADC_StructInit                                    ..\Libraries\libBSP.a(stm32f4xx_adc.o)
                                                  ..\Libraries\libBSP.a(carme_io2.o)
ADC_TempSensorVrefintCmd                          ..\Libraries\libBSP.a(stm32f4xx_adc.o)
ADC_VBATCmd                                       ..\Libraries\libBSP.a(stm32f4xx_adc.o)
AHBPrescTable                                     ..\Libraries\libBSP.a(system_stm32f4xx.o)
BusFault_Handler                                  src\stm32f4xx_it.o
CAN1_RX0_IRQHandler                               src\startup.o
CAN1_RX1_IRQHandler                               src\startup.o
CAN1_SCE_IRQHandler                               src\startup.o
CAN1_TX_IRQHandler                                src\startup.o
CAN2_RX0_IRQHandler                               src\startup.o
CAN2_RX1_IRQHandler                               src\startup.o
CAN2_SCE_IRQHandler                               src\startup.o
CAN2_TX_IRQHandler                                src\startup.o
CARME_AGPIO_Get                                   ..\Libraries\libBSP.a(carme.o)
                                                  ..\Libraries\libBSP.a(carme_io2.o)
                                                  ..\Libraries\libBSP.a(carme_io1.o)
CARME_AGPIO_Set                                   ..\Libraries\libBSP.a(carme.o)
                                                  ..\Libraries\libBSP.a(carme_io2.o)
CARME_CAN_GetAcceptaceFilter                      ..\Libraries\libBSP.a(can.o)
CARME_CAN_Init                                    ..\Libraries\libBSP.a(can.o)
CARME_CAN_InitI                                   ..\Libraries\libBSP.a(can.o)
CARME_CAN_Interrupt_Handler                       ..\Libraries\libBSP.a(can.o)
                                                  src\stm32f4xx_it.o
CARME_CAN_Read                                    ..\Libraries\libBSP.a(can.o)
CARME_CAN_RegisterIRQCallback                     ..\Libraries\libBSP.a(can.o)
CARME_CAN_SetAcceptaceFilter                      ..\Libraries\libBSP.a(can.o)
CARME_CAN_SetBaudrate                             ..\Libraries\libBSP.a(can.o)
CARME_CAN_SetMode                                 ..\Libraries\libBSP.a(can.o)
CARME_CAN_UnregisterIRQCallback                   ..\Libraries\libBSP.a(can.o)
CARME_CAN_Write                                   ..\Libraries\libBSP.a(can.o)
CARME_GPIO_Init                                   ..\Libraries\libBSP.a(carme.o)
                                                  ..\Libraries\libBSP.a(uart.o)
                                                  ..\Libraries\libBSP.a(carme_io2.o)
                                                  ..\Libraries\libBSP.a(carme_io1.o)
CARME_IO1_BUTTON_Get                              ..\Libraries\libBSP.a(carme_io1.o)
CARME_IO1_BUTTON_Interrupt                        ..\Libraries\libBSP.a(carme_io1.o)
CARME_IO1_Init                                    ..\Libraries\libBSP.a(carme_io1.o)
                                                  src\main.o
CARME_IO1_LED_Get                                 ..\Libraries\libBSP.a(carme_io1.o)
                                                  src\main.o
CARME_IO1_LED_Set                                 ..\Libraries\libBSP.a(carme_io1.o)
                                                  src\main.o
CARME_IO1_PIO_Clear                               ..\Libraries\libBSP.a(carme_io1.o)
CARME_IO1_PIO_Control                             ..\Libraries\libBSP.a(carme_io1.o)
CARME_IO1_PIO_Read                                ..\Libraries\libBSP.a(carme_io1.o)
CARME_IO1_PIO_Set                                 ..\Libraries\libBSP.a(carme_io1.o)
CARME_IO1_PIO_Write                               ..\Libraries\libBSP.a(carme_io1.o)
CARME_IO1_SWITCH_Get                              ..\Libraries\libBSP.a(carme_io1.o)
CARME_IO2_ADC_Get                                 ..\Libraries\libBSP.a(carme_io2.o)
                                                  src\main.o
CARME_IO2_DAC_Set                                 ..\Libraries\libBSP.a(carme_io2.o)
CARME_IO2_GPIO_IN_Get                             ..\Libraries\libBSP.a(carme_io2.o)
CARME_IO2_GPIO_OUT_Set                            ..\Libraries\libBSP.a(carme_io2.o)
CARME_IO2_GPIO_OUT_Settings                       ..\Libraries\libBSP.a(carme_io2.o)
CARME_IO2_Init                                    ..\Libraries\libBSP.a(carme_io2.o)
                                                  src\main.o
CARME_IO2_OPTO_IN_Get                             ..\Libraries\libBSP.a(carme_io2.o)
CARME_IO2_OPTO_OUT_Set                            ..\Libraries\libBSP.a(carme_io2.o)
CARME_IO2_PWM_Phase                               ..\Libraries\libBSP.a(carme_io2.o)
CARME_IO2_PWM_Set                                 ..\Libraries\libBSP.a(carme_io2.o)
CARME_IO2_PWM_Settings                            ..\Libraries\libBSP.a(carme_io2.o)
CARME_IO2_SPI_CS_Out                              ..\Libraries\libBSP.a(carme_io2.o)
CARME_IO2_SPI_Receive                             ..\Libraries\libBSP.a(carme_io2.o)
CARME_IO2_SPI_Select                              ..\Libraries\libBSP.a(carme_io2.o)
CARME_IO2_SPI_Send                                ..\Libraries\libBSP.a(carme_io2.o)
CARME_Init                                        ..\Libraries\libBSP.a(carme.o)
                                                  src\startup.o
CARME_LED_Green_Reset                             ..\Libraries\libBSP.a(carme.o)
                                                  src\main.o
CARME_LED_Green_Set                               ..\Libraries\libBSP.a(carme.o)
                                                  src\main.o
CARME_LED_Red_Reset                               ..\Libraries\libBSP.a(carme.o)
CARME_LED_Red_Set                                 ..\Libraries\libBSP.a(carme.o)
CARME_UART_GPIO_Init                              ..\Libraries\libBSP.a(uart.o)
CARME_UART_Init                                   ..\Libraries\libBSP.a(uart.o)
                                                  src\main.o
CARME_UART_ReceiveChar                            ..\Libraries\libBSP.a(uart.o)
CARME_UART_ReceiveString                          ..\Libraries\libBSP.a(uart.o)
CARME_UART_SendChar                               ..\Libraries\libBSP.a(uart.o)
CARME_UART_SendString                             ..\Libraries\libBSP.a(uart.o)
CRYP_IRQHandler                                   src\startup.o
DCMI_IRQHandler                                   src\startup.o
DMA1_Stream0_IRQHandler                           src\startup.o
DMA1_Stream1_IRQHandler                           src\startup.o
DMA1_Stream2_IRQHandler                           src\startup.o
DMA1_Stream3_IRQHandler                           src\startup.o
DMA1_Stream4_IRQHandler                           src\startup.o
DMA1_Stream5_IRQHandler                           src\startup.o
DMA1_Stream6_IRQHandler                           src\startup.o
DMA1_Stream7_IRQHandler                           src\startup.o
DMA2_Stream0_IRQHandler                           src\startup.o
DMA2_Stream1_IRQHandler                           src\startup.o
DMA2_Stream2_IRQHandler                           src\startup.o
DMA2_Stream3_IRQHandler                           src\startup.o
DMA2_Stream4_IRQHandler                           src\startup.o
DMA2_Stream5_IRQHandler                           src\startup.o
DMA2_Stream6_IRQHandler                           src\startup.o
DMA2_Stream7_IRQHandler                           src\startup.o
DebugMon_Handler                                  src\stm32f4xx_it.o
Default_Handler                                   src\startup.o
                                                  src\stm32f4xx_it.o
ETH_IRQHandler                                    src\startup.o
ETH_WKUP_IRQHandler                               src\startup.o
EXTI0_IRQHandler                                  src\startup.o
EXTI15_10_IRQHandler                              src\startup.o
EXTI1_IRQHandler                                  src\startup.o
EXTI2_IRQHandler                                  src\startup.o
EXTI3_IRQHandler                                  src\startup.o
EXTI4_IRQHandler                                  src\startup.o
EXTI9_5_IRQHandler                                src\stm32f4xx_it.o
EXTI_ClearFlag                                    ..\Libraries\libBSP.a(stm32f4xx_exti.o)
EXTI_ClearITPendingBit                            ..\Libraries\libBSP.a(stm32f4xx_exti.o)
                                                  src\stm32f4xx_it.o
EXTI_DeInit                                       ..\Libraries\libBSP.a(stm32f4xx_exti.o)
EXTI_GenerateSWInterrupt                          ..\Libraries\libBSP.a(stm32f4xx_exti.o)
EXTI_GetFlagStatus                                ..\Libraries\libBSP.a(stm32f4xx_exti.o)
EXTI_GetITStatus                                  ..\Libraries\libBSP.a(stm32f4xx_exti.o)
                                                  src\stm32f4xx_it.o
EXTI_Init                                         ..\Libraries\libBSP.a(stm32f4xx_exti.o)
                                                  ..\Libraries\libBSP.a(carme_io1.o)
                                                  ..\Libraries\libBSP.a(can.o)
EXTI_StructInit                                   ..\Libraries\libBSP.a(stm32f4xx_exti.o)
FLASH_IRQHandler                                  src\startup.o
FPU_IRQHandler                                    src\startup.o
FSMC_ClearFlag                                    ..\Libraries\libBSP.a(stm32f4xx_fsmc.o)
FSMC_ClearITPendingBit                            ..\Libraries\libBSP.a(stm32f4xx_fsmc.o)
FSMC_GetECC                                       ..\Libraries\libBSP.a(stm32f4xx_fsmc.o)
FSMC_GetFlagStatus                                ..\Libraries\libBSP.a(stm32f4xx_fsmc.o)
FSMC_GetITStatus                                  ..\Libraries\libBSP.a(stm32f4xx_fsmc.o)
FSMC_IRQHandler                                   src\startup.o
FSMC_ITConfig                                     ..\Libraries\libBSP.a(stm32f4xx_fsmc.o)
FSMC_NANDCmd                                      ..\Libraries\libBSP.a(stm32f4xx_fsmc.o)
FSMC_NANDDeInit                                   ..\Libraries\libBSP.a(stm32f4xx_fsmc.o)
FSMC_NANDECCCmd                                   ..\Libraries\libBSP.a(stm32f4xx_fsmc.o)
FSMC_NANDInit                                     ..\Libraries\libBSP.a(stm32f4xx_fsmc.o)
FSMC_NANDStructInit                               ..\Libraries\libBSP.a(stm32f4xx_fsmc.o)
FSMC_NORSRAMCmd                                   ..\Libraries\libBSP.a(stm32f4xx_fsmc.o)
                                                  ..\Libraries\libBSP.a(carme.o)
FSMC_NORSRAMDeInit                                ..\Libraries\libBSP.a(stm32f4xx_fsmc.o)
                                                  ..\Libraries\libBSP.a(carme.o)
FSMC_NORSRAMInit                                  ..\Libraries\libBSP.a(stm32f4xx_fsmc.o)
                                                  ..\Libraries\libBSP.a(carme.o)
FSMC_NORSRAMStructInit                            ..\Libraries\libBSP.a(stm32f4xx_fsmc.o)
FSMC_PCCARDCmd                                    ..\Libraries\libBSP.a(stm32f4xx_fsmc.o)
FSMC_PCCARDDeInit                                 ..\Libraries\libBSP.a(stm32f4xx_fsmc.o)
FSMC_PCCARDInit                                   ..\Libraries\libBSP.a(stm32f4xx_fsmc.o)
FSMC_PCCARDStructInit                             ..\Libraries\libBSP.a(stm32f4xx_fsmc.o)
GPIO_DeInit                                       ..\Libraries\libBSP.a(stm32f4xx_gpio.o)
                                                  ..\Libraries\libBSP.a(carme.o)
GPIO_Init                                         ..\Libraries\libBSP.a(stm32f4xx_gpio.o)
                                                  ..\Libraries\libBSP.a(carme.o)
                                                  ..\Libraries\libBSP.a(can.o)
GPIO_PinAFConfig                                  ..\Libraries\libBSP.a(stm32f4xx_gpio.o)
                                                  ..\Libraries\libBSP.a(carme.o)
GPIO_PinLockConfig                                ..\Libraries\libBSP.a(stm32f4xx_gpio.o)
GPIO_ReadInputData                                ..\Libraries\libBSP.a(stm32f4xx_gpio.o)
GPIO_ReadInputDataBit                             ..\Libraries\libBSP.a(stm32f4xx_gpio.o)
                                                  ..\Libraries\libBSP.a(carme_io2.o)
                                                  ..\Libraries\libBSP.a(carme.o)
GPIO_ReadOutputData                               ..\Libraries\libBSP.a(stm32f4xx_gpio.o)
GPIO_ReadOutputDataBit                            ..\Libraries\libBSP.a(stm32f4xx_gpio.o)
                                                  ..\Libraries\libBSP.a(carme.o)
GPIO_ResetBits                                    ..\Libraries\libBSP.a(stm32f4xx_gpio.o)
GPIO_SetBits                                      ..\Libraries\libBSP.a(stm32f4xx_gpio.o)
GPIO_StructInit                                   ..\Libraries\libBSP.a(stm32f4xx_gpio.o)
                                                  ..\Libraries\libBSP.a(uart.o)
                                                  ..\Libraries\libBSP.a(carme_io2.o)
                                                  ..\Libraries\libBSP.a(carme_io1.o)
                                                  ..\Libraries\libBSP.a(carme.o)
                                                  ..\Libraries\libBSP.a(can.o)
GPIO_ToggleBits                                   ..\Libraries\libBSP.a(stm32f4xx_gpio.o)
GPIO_Write                                        ..\Libraries\libBSP.a(stm32f4xx_gpio.o)
GPIO_WriteBit                                     ..\Libraries\libBSP.a(stm32f4xx_gpio.o)
                                                  ..\Libraries\libBSP.a(carme_io2.o)
                                                  ..\Libraries\libBSP.a(carme.o)
HASH_RNG_IRQHandler                               src\startup.o
HardFault_Handler                                 src\stm32f4xx_it.o
I2C1_ER_IRQHandler                                src\startup.o
I2C1_EV_IRQHandler                                src\startup.o
I2C2_ER_IRQHandler                                src\startup.o
I2C2_EV_IRQHandler                                src\startup.o
I2C3_ER_IRQHandler                                src\startup.o
I2C3_EV_IRQHandler                                src\startup.o
I2S_Cmd                                           ..\Libraries\libBSP.a(stm32f4xx_spi.o)
I2S_FullDuplexConfig                              ..\Libraries\libBSP.a(stm32f4xx_spi.o)
I2S_Init                                          ..\Libraries\libBSP.a(stm32f4xx_spi.o)
I2S_StructInit                                    ..\Libraries\libBSP.a(stm32f4xx_spi.o)
MemManage_Handler                                 src\stm32f4xx_it.o
NMI_Handler                                       src\stm32f4xx_it.o
NVIC_Init                                         ..\Libraries\libBSP.a(misc.o)
                                                  ..\Libraries\libBSP.a(carme_io1.o)
                                                  ..\Libraries\libBSP.a(can.o)
NVIC_PriorityGroupConfig                          ..\Libraries\libBSP.a(misc.o)
                                                  src\main.o
NVIC_SetVectorTable                               ..\Libraries\libBSP.a(misc.o)
NVIC_SystemLPConfig                               ..\Libraries\libBSP.a(misc.o)
OTG_FS_IRQHandler                                 src\startup.o
OTG_FS_WKUP_IRQHandler                            src\startup.o
OTG_HS_EP1_IN_IRQHandler                          src\startup.o
OTG_HS_EP1_OUT_IRQHandler                         src\startup.o
OTG_HS_IRQHandler                                 src\startup.o
OTG_HS_WKUP_IRQHandler                            src\startup.o
PVD_IRQHandler                                    src\startup.o
PendSV_Handler                                    ..\Libraries\libFreeRTOS.a(port.o)
                                                  src\startup.o
RCC_AHB1PeriphClockCmd                            ..\Libraries\libBSP.a(stm32f4xx_rcc.o)
                                                  ..\Libraries\libBSP.a(carme.o)
RCC_AHB1PeriphClockLPModeCmd                      ..\Libraries\libBSP.a(stm32f4xx_rcc.o)
RCC_AHB1PeriphResetCmd                            ..\Libraries\libBSP.a(stm32f4xx_rcc.o)
                                                  ..\Libraries\libBSP.a(stm32f4xx_gpio.o)
RCC_AHB2PeriphClockCmd                            ..\Libraries\libBSP.a(stm32f4xx_rcc.o)
RCC_AHB2PeriphClockLPModeCmd                      ..\Libraries\libBSP.a(stm32f4xx_rcc.o)
RCC_AHB2PeriphResetCmd                            ..\Libraries\libBSP.a(stm32f4xx_rcc.o)
RCC_AHB3PeriphClockCmd                            ..\Libraries\libBSP.a(stm32f4xx_rcc.o)
                                                  ..\Libraries\libBSP.a(carme.o)
RCC_AHB3PeriphClockLPModeCmd                      ..\Libraries\libBSP.a(stm32f4xx_rcc.o)
RCC_AHB3PeriphResetCmd                            ..\Libraries\libBSP.a(stm32f4xx_rcc.o)
RCC_APB1PeriphClockCmd                            ..\Libraries\libBSP.a(stm32f4xx_rcc.o)
                                                  ..\Libraries\libBSP.a(uart.o)
                                                  ..\Libraries\libBSP.a(carme_io2.o)
RCC_APB1PeriphClockLPModeCmd                      ..\Libraries\libBSP.a(stm32f4xx_rcc.o)
RCC_APB1PeriphResetCmd                            ..\Libraries\libBSP.a(stm32f4xx_rcc.o)
                                                  ..\Libraries\libBSP.a(stm32f4xx_usart.o)
                                                  ..\Libraries\libBSP.a(stm32f4xx_tim.o)
                                                  ..\Libraries\libBSP.a(stm32f4xx_spi.o)
RCC_APB2PeriphClockCmd                            ..\Libraries\libBSP.a(stm32f4xx_rcc.o)
                                                  ..\Libraries\libBSP.a(uart.o)
                                                  ..\Libraries\libBSP.a(carme_io2.o)
                                                  ..\Libraries\libBSP.a(carme.o)
RCC_APB2PeriphClockLPModeCmd                      ..\Libraries\libBSP.a(stm32f4xx_rcc.o)
RCC_APB2PeriphResetCmd                            ..\Libraries\libBSP.a(stm32f4xx_rcc.o)
                                                  ..\Libraries\libBSP.a(stm32f4xx_usart.o)
                                                  ..\Libraries\libBSP.a(stm32f4xx_tim.o)
                                                  ..\Libraries\libBSP.a(stm32f4xx_syscfg.o)
                                                  ..\Libraries\libBSP.a(stm32f4xx_spi.o)
                                                  ..\Libraries\libBSP.a(stm32f4xx_adc.o)
RCC_AdjustHSICalibrationValue                     ..\Libraries\libBSP.a(stm32f4xx_rcc.o)
RCC_BackupResetCmd                                ..\Libraries\libBSP.a(stm32f4xx_rcc.o)
RCC_ClearFlag                                     ..\Libraries\libBSP.a(stm32f4xx_rcc.o)
RCC_ClearITPendingBit                             ..\Libraries\libBSP.a(stm32f4xx_rcc.o)
RCC_ClockSecuritySystemCmd                        ..\Libraries\libBSP.a(stm32f4xx_rcc.o)
RCC_DeInit                                        ..\Libraries\libBSP.a(stm32f4xx_rcc.o)
RCC_GetClocksFreq                                 ..\Libraries\libBSP.a(stm32f4xx_rcc.o)
                                                  ..\Libraries\libBSP.a(stm32f4xx_usart.o)
RCC_GetFlagStatus                                 ..\Libraries\libBSP.a(stm32f4xx_rcc.o)
RCC_GetITStatus                                   ..\Libraries\libBSP.a(stm32f4xx_rcc.o)
RCC_GetSYSCLKSource                               ..\Libraries\libBSP.a(stm32f4xx_rcc.o)
RCC_HCLKConfig                                    ..\Libraries\libBSP.a(stm32f4xx_rcc.o)
RCC_HSEConfig                                     ..\Libraries\libBSP.a(stm32f4xx_rcc.o)
RCC_HSICmd                                        ..\Libraries\libBSP.a(stm32f4xx_rcc.o)
RCC_I2SCLKConfig                                  ..\Libraries\libBSP.a(stm32f4xx_rcc.o)
RCC_IRQHandler                                    src\startup.o
RCC_ITConfig                                      ..\Libraries\libBSP.a(stm32f4xx_rcc.o)
RCC_LSEConfig                                     ..\Libraries\libBSP.a(stm32f4xx_rcc.o)
RCC_LSICmd                                        ..\Libraries\libBSP.a(stm32f4xx_rcc.o)
RCC_LTDCCLKDivConfig                              ..\Libraries\libBSP.a(stm32f4xx_rcc.o)
RCC_MCO1Config                                    ..\Libraries\libBSP.a(stm32f4xx_rcc.o)
RCC_MCO2Config                                    ..\Libraries\libBSP.a(stm32f4xx_rcc.o)
RCC_PCLK1Config                                   ..\Libraries\libBSP.a(stm32f4xx_rcc.o)
RCC_PCLK2Config                                   ..\Libraries\libBSP.a(stm32f4xx_rcc.o)
RCC_PLLCmd                                        ..\Libraries\libBSP.a(stm32f4xx_rcc.o)
RCC_PLLConfig                                     ..\Libraries\libBSP.a(stm32f4xx_rcc.o)
RCC_PLLI2SCmd                                     ..\Libraries\libBSP.a(stm32f4xx_rcc.o)
RCC_PLLI2SConfig                                  ..\Libraries\libBSP.a(stm32f4xx_rcc.o)
RCC_PLLSAICmd                                     ..\Libraries\libBSP.a(stm32f4xx_rcc.o)
RCC_PLLSAIConfig                                  ..\Libraries\libBSP.a(stm32f4xx_rcc.o)
RCC_RTCCLKCmd                                     ..\Libraries\libBSP.a(stm32f4xx_rcc.o)
RCC_RTCCLKConfig                                  ..\Libraries\libBSP.a(stm32f4xx_rcc.o)
RCC_SAIBlockACLKConfig                            ..\Libraries\libBSP.a(stm32f4xx_rcc.o)
RCC_SAIBlockBCLKConfig                            ..\Libraries\libBSP.a(stm32f4xx_rcc.o)
RCC_SAIPLLI2SClkDivConfig                         ..\Libraries\libBSP.a(stm32f4xx_rcc.o)
RCC_SAIPLLSAIClkDivConfig                         ..\Libraries\libBSP.a(stm32f4xx_rcc.o)
RCC_SYSCLKConfig                                  ..\Libraries\libBSP.a(stm32f4xx_rcc.o)
RCC_TIMCLKPresConfig                              ..\Libraries\libBSP.a(stm32f4xx_rcc.o)
RCC_WaitForHSEStartUp                             ..\Libraries\libBSP.a(stm32f4xx_rcc.o)
RTC_Alarm_IRQHandler                              src\startup.o
RTC_WKUP_IRQHandler                               src\startup.o
Reset_Handler                                     src\startup.o
SDIO_IRQHandler                                   src\startup.o
SPI1_IRQHandler                                   src\startup.o
SPI2_IRQHandler                                   src\startup.o
SPI3_IRQHandler                                   src\startup.o
SPI_BiDirectionalLineConfig                       ..\Libraries\libBSP.a(stm32f4xx_spi.o)
SPI_CalculateCRC                                  ..\Libraries\libBSP.a(stm32f4xx_spi.o)
SPI_Cmd                                           ..\Libraries\libBSP.a(stm32f4xx_spi.o)
                                                  ..\Libraries\libBSP.a(carme_io2.o)
SPI_DataSizeConfig                                ..\Libraries\libBSP.a(stm32f4xx_spi.o)
SPI_GetCRC                                        ..\Libraries\libBSP.a(stm32f4xx_spi.o)
SPI_GetCRCPolynomial                              ..\Libraries\libBSP.a(stm32f4xx_spi.o)
SPI_I2S_ClearFlag                                 ..\Libraries\libBSP.a(stm32f4xx_spi.o)
SPI_I2S_ClearITPendingBit                         ..\Libraries\libBSP.a(stm32f4xx_spi.o)
SPI_I2S_DMACmd                                    ..\Libraries\libBSP.a(stm32f4xx_spi.o)
SPI_I2S_DeInit                                    ..\Libraries\libBSP.a(stm32f4xx_spi.o)
                                                  ..\Libraries\libBSP.a(carme_io2.o)
SPI_I2S_GetFlagStatus                             ..\Libraries\libBSP.a(stm32f4xx_spi.o)
                                                  ..\Libraries\libBSP.a(carme_io2.o)
SPI_I2S_GetITStatus                               ..\Libraries\libBSP.a(stm32f4xx_spi.o)
SPI_I2S_ITConfig                                  ..\Libraries\libBSP.a(stm32f4xx_spi.o)
SPI_I2S_ReceiveData                               ..\Libraries\libBSP.a(stm32f4xx_spi.o)
                                                  ..\Libraries\libBSP.a(carme_io2.o)
SPI_I2S_SendData                                  ..\Libraries\libBSP.a(stm32f4xx_spi.o)
                                                  ..\Libraries\libBSP.a(carme_io2.o)
SPI_Init                                          ..\Libraries\libBSP.a(stm32f4xx_spi.o)
                                                  ..\Libraries\libBSP.a(carme_io2.o)
SPI_NSSInternalSoftwareConfig                     ..\Libraries\libBSP.a(stm32f4xx_spi.o)
SPI_SSOutputCmd                                   ..\Libraries\libBSP.a(stm32f4xx_spi.o)
SPI_StructInit                                    ..\Libraries\libBSP.a(stm32f4xx_spi.o)
                                                  ..\Libraries\libBSP.a(carme_io2.o)
SPI_TIModeCmd                                     ..\Libraries\libBSP.a(stm32f4xx_spi.o)
SPI_TransmitCRC                                   ..\Libraries\libBSP.a(stm32f4xx_spi.o)
SVC_Handler                                       ..\Libraries\libFreeRTOS.a(port.o)
                                                  src\startup.o
SYSCFG_CompensationCellCmd                        ..\Libraries\libBSP.a(stm32f4xx_syscfg.o)
SYSCFG_DeInit                                     ..\Libraries\libBSP.a(stm32f4xx_syscfg.o)
SYSCFG_ETH_MediaInterfaceConfig                   ..\Libraries\libBSP.a(stm32f4xx_syscfg.o)
SYSCFG_EXTILineConfig                             ..\Libraries\libBSP.a(stm32f4xx_syscfg.o)
                                                  ..\Libraries\libBSP.a(carme_io1.o)
                                                  ..\Libraries\libBSP.a(can.o)
SYSCFG_GetCompensationCellStatus                  ..\Libraries\libBSP.a(stm32f4xx_syscfg.o)
SYSCFG_MemoryRemapConfig                          ..\Libraries\libBSP.a(stm32f4xx_syscfg.o)
SYSCFG_MemorySwappingBank                         ..\Libraries\libBSP.a(stm32f4xx_syscfg.o)
SysTick_CLKSourceConfig                           ..\Libraries\libBSP.a(misc.o)
SysTick_Handler                                   ..\Libraries\libFreeRTOS.a(port.o)
                                                  src\startup.o
SystemCoreClock                                   ..\Libraries\libBSP.a(system_stm32f4xx.o)
                                                  ..\Libraries\libFreeRTOS.a(port.o)
SystemCoreClockUpdate                             ..\Libraries\libBSP.a(system_stm32f4xx.o)
SystemInit                                        ..\Libraries\libBSP.a(system_stm32f4xx.o)
                                                  src\startup.o
TAMP_STAMP_IRQHandler                             src\startup.o
TIM1_BRK_TIM9_IRQHandler                          src\startup.o
TIM1_CC_IRQHandler                                src\startup.o
TIM1_TRG_COM_TIM11_IRQHandler                     src\startup.o
TIM1_UP_TIM10_IRQHandler                          src\startup.o
TIM2_IRQHandler                                   src\startup.o
TIM3_IRQHandler                                   src\startup.o
TIM4_IRQHandler                                   src\startup.o
TIM5_IRQHandler                                   src\startup.o
TIM6_DAC_IRQHandler                               src\startup.o
TIM7_IRQHandler                                   src\startup.o
TIM8_BRK_TIM12_IRQHandler                         src\startup.o
TIM8_CC_IRQHandler                                src\startup.o
TIM8_TRG_COM_TIM14_IRQHandler                     src\startup.o
TIM8_UP_TIM13_IRQHandler                          src\startup.o
TIM_ARRPreloadConfig                              ..\Libraries\libBSP.a(stm32f4xx_tim.o)
                                                  ..\Libraries\libBSP.a(carme_io2.o)
TIM_BDTRConfig                                    ..\Libraries\libBSP.a(stm32f4xx_tim.o)
TIM_BDTRStructInit                                ..\Libraries\libBSP.a(stm32f4xx_tim.o)
TIM_CCPreloadControl                              ..\Libraries\libBSP.a(stm32f4xx_tim.o)
TIM_CCxCmd                                        ..\Libraries\libBSP.a(stm32f4xx_tim.o)
TIM_CCxNCmd                                       ..\Libraries\libBSP.a(stm32f4xx_tim.o)
TIM_ClearFlag                                     ..\Libraries\libBSP.a(stm32f4xx_tim.o)
TIM_ClearITPendingBit                             ..\Libraries\libBSP.a(stm32f4xx_tim.o)
TIM_ClearOC1Ref                                   ..\Libraries\libBSP.a(stm32f4xx_tim.o)
TIM_ClearOC2Ref                                   ..\Libraries\libBSP.a(stm32f4xx_tim.o)
TIM_ClearOC3Ref                                   ..\Libraries\libBSP.a(stm32f4xx_tim.o)
TIM_ClearOC4Ref                                   ..\Libraries\libBSP.a(stm32f4xx_tim.o)
TIM_Cmd                                           ..\Libraries\libBSP.a(stm32f4xx_tim.o)
                                                  ..\Libraries\libBSP.a(carme_io2.o)
TIM_CounterModeConfig                             ..\Libraries\libBSP.a(stm32f4xx_tim.o)
TIM_CtrlPWMOutputs                                ..\Libraries\libBSP.a(stm32f4xx_tim.o)
TIM_DMACmd                                        ..\Libraries\libBSP.a(stm32f4xx_tim.o)
TIM_DMAConfig                                     ..\Libraries\libBSP.a(stm32f4xx_tim.o)
TIM_DeInit                                        ..\Libraries\libBSP.a(stm32f4xx_tim.o)
                                                  ..\Libraries\libBSP.a(carme_io2.o)
TIM_ETRClockMode1Config                           ..\Libraries\libBSP.a(stm32f4xx_tim.o)
TIM_ETRClockMode2Config                           ..\Libraries\libBSP.a(stm32f4xx_tim.o)
TIM_ETRConfig                                     ..\Libraries\libBSP.a(stm32f4xx_tim.o)
TIM_EncoderInterfaceConfig                        ..\Libraries\libBSP.a(stm32f4xx_tim.o)
TIM_ForcedOC1Config                               ..\Libraries\libBSP.a(stm32f4xx_tim.o)
TIM_ForcedOC2Config                               ..\Libraries\libBSP.a(stm32f4xx_tim.o)
TIM_ForcedOC3Config                               ..\Libraries\libBSP.a(stm32f4xx_tim.o)
TIM_ForcedOC4Config                               ..\Libraries\libBSP.a(stm32f4xx_tim.o)
TIM_GenerateEvent                                 ..\Libraries\libBSP.a(stm32f4xx_tim.o)
TIM_GetCapture1                                   ..\Libraries\libBSP.a(stm32f4xx_tim.o)
TIM_GetCapture2                                   ..\Libraries\libBSP.a(stm32f4xx_tim.o)
TIM_GetCapture3                                   ..\Libraries\libBSP.a(stm32f4xx_tim.o)
TIM_GetCapture4                                   ..\Libraries\libBSP.a(stm32f4xx_tim.o)
TIM_GetCounter                                    ..\Libraries\libBSP.a(stm32f4xx_tim.o)
TIM_GetFlagStatus                                 ..\Libraries\libBSP.a(stm32f4xx_tim.o)
TIM_GetITStatus                                   ..\Libraries\libBSP.a(stm32f4xx_tim.o)
TIM_GetPrescaler                                  ..\Libraries\libBSP.a(stm32f4xx_tim.o)
TIM_ICInit                                        ..\Libraries\libBSP.a(stm32f4xx_tim.o)
TIM_ICStructInit                                  ..\Libraries\libBSP.a(stm32f4xx_tim.o)
TIM_ITConfig                                      ..\Libraries\libBSP.a(stm32f4xx_tim.o)
TIM_ITRxExternalClockConfig                       ..\Libraries\libBSP.a(stm32f4xx_tim.o)
TIM_InternalClockConfig                           ..\Libraries\libBSP.a(stm32f4xx_tim.o)
TIM_OC1FastConfig                                 ..\Libraries\libBSP.a(stm32f4xx_tim.o)
TIM_OC1Init                                       ..\Libraries\libBSP.a(stm32f4xx_tim.o)
                                                  ..\Libraries\libBSP.a(carme_io2.o)
TIM_OC1NPolarityConfig                            ..\Libraries\libBSP.a(stm32f4xx_tim.o)
TIM_OC1PolarityConfig                             ..\Libraries\libBSP.a(stm32f4xx_tim.o)
TIM_OC1PreloadConfig                              ..\Libraries\libBSP.a(stm32f4xx_tim.o)
                                                  ..\Libraries\libBSP.a(carme_io2.o)
TIM_OC2FastConfig                                 ..\Libraries\libBSP.a(stm32f4xx_tim.o)
TIM_OC2Init                                       ..\Libraries\libBSP.a(stm32f4xx_tim.o)
                                                  ..\Libraries\libBSP.a(carme_io2.o)
TIM_OC2NPolarityConfig                            ..\Libraries\libBSP.a(stm32f4xx_tim.o)
TIM_OC2PolarityConfig                             ..\Libraries\libBSP.a(stm32f4xx_tim.o)
TIM_OC2PreloadConfig                              ..\Libraries\libBSP.a(stm32f4xx_tim.o)
                                                  ..\Libraries\libBSP.a(carme_io2.o)
TIM_OC3FastConfig                                 ..\Libraries\libBSP.a(stm32f4xx_tim.o)
TIM_OC3Init                                       ..\Libraries\libBSP.a(stm32f4xx_tim.o)
                                                  ..\Libraries\libBSP.a(carme_io2.o)
TIM_OC3NPolarityConfig                            ..\Libraries\libBSP.a(stm32f4xx_tim.o)
TIM_OC3PolarityConfig                             ..\Libraries\libBSP.a(stm32f4xx_tim.o)
TIM_OC3PreloadConfig                              ..\Libraries\libBSP.a(stm32f4xx_tim.o)
                                                  ..\Libraries\libBSP.a(carme_io2.o)
TIM_OC4FastConfig                                 ..\Libraries\libBSP.a(stm32f4xx_tim.o)
TIM_OC4Init                                       ..\Libraries\libBSP.a(stm32f4xx_tim.o)
                                                  ..\Libraries\libBSP.a(carme_io2.o)
TIM_OC4PolarityConfig                             ..\Libraries\libBSP.a(stm32f4xx_tim.o)
TIM_OC4PreloadConfig                              ..\Libraries\libBSP.a(stm32f4xx_tim.o)
                                                  ..\Libraries\libBSP.a(carme_io2.o)
TIM_OCStructInit                                  ..\Libraries\libBSP.a(stm32f4xx_tim.o)
TIM_PWMIConfig                                    ..\Libraries\libBSP.a(stm32f4xx_tim.o)
TIM_PrescalerConfig                               ..\Libraries\libBSP.a(stm32f4xx_tim.o)
TIM_RemapConfig                                   ..\Libraries\libBSP.a(stm32f4xx_tim.o)
TIM_SelectCCDMA                                   ..\Libraries\libBSP.a(stm32f4xx_tim.o)
TIM_SelectCOM                                     ..\Libraries\libBSP.a(stm32f4xx_tim.o)
TIM_SelectHallSensor                              ..\Libraries\libBSP.a(stm32f4xx_tim.o)
TIM_SelectInputTrigger                            ..\Libraries\libBSP.a(stm32f4xx_tim.o)
TIM_SelectMasterSlaveMode                         ..\Libraries\libBSP.a(stm32f4xx_tim.o)
TIM_SelectOCxM                                    ..\Libraries\libBSP.a(stm32f4xx_tim.o)
TIM_SelectOnePulseMode                            ..\Libraries\libBSP.a(stm32f4xx_tim.o)
TIM_SelectOutputTrigger                           ..\Libraries\libBSP.a(stm32f4xx_tim.o)
TIM_SelectSlaveMode                               ..\Libraries\libBSP.a(stm32f4xx_tim.o)
TIM_SetAutoreload                                 ..\Libraries\libBSP.a(stm32f4xx_tim.o)
TIM_SetClockDivision                              ..\Libraries\libBSP.a(stm32f4xx_tim.o)
TIM_SetCompare1                                   ..\Libraries\libBSP.a(stm32f4xx_tim.o)
TIM_SetCompare2                                   ..\Libraries\libBSP.a(stm32f4xx_tim.o)
TIM_SetCompare3                                   ..\Libraries\libBSP.a(stm32f4xx_tim.o)
TIM_SetCompare4                                   ..\Libraries\libBSP.a(stm32f4xx_tim.o)
TIM_SetCounter                                    ..\Libraries\libBSP.a(stm32f4xx_tim.o)
TIM_SetIC1Prescaler                               ..\Libraries\libBSP.a(stm32f4xx_tim.o)
TIM_SetIC2Prescaler                               ..\Libraries\libBSP.a(stm32f4xx_tim.o)
TIM_SetIC3Prescaler                               ..\Libraries\libBSP.a(stm32f4xx_tim.o)
TIM_SetIC4Prescaler                               ..\Libraries\libBSP.a(stm32f4xx_tim.o)